Archive member included to satisfy reference by file (symbol)

c:/program files (x86)/atollic/truestudio for stm32 9.0.0/armtools/bin/../lib/gcc/arm-atollic-eabi/6.3.1/../../../../arm-atollic-eabi/lib/armv6-m\libc_nano.a(lib_a-init.o)
                              src\startup_stm32f042x6.o (__libc_init_array)
c:/program files (x86)/atollic/truestudio for stm32 9.0.0/armtools/bin/../lib/gcc/arm-atollic-eabi/6.3.1/../../../../arm-atollic-eabi/lib/armv6-m\libc_nano.a(lib_a-malloc.o)
                              src\vl53l0x_platform.o (malloc)
c:/program files (x86)/atollic/truestudio for stm32 9.0.0/armtools/bin/../lib/gcc/arm-atollic-eabi/6.3.1/../../../../arm-atollic-eabi/lib/armv6-m\libc_nano.a(lib_a-memcpy-stub.o)
                              src\vl53l0x_api.o (memcpy)
c:/program files (x86)/atollic/truestudio for stm32 9.0.0/armtools/bin/../lib/gcc/arm-atollic-eabi/6.3.1/../../../../arm-atollic-eabi/lib/armv6-m\libc_nano.a(lib_a-memset.o)
                              src\vl53l0x_api.o (memset)
c:/program files (x86)/atollic/truestudio for stm32 9.0.0/armtools/bin/../lib/gcc/arm-atollic-eabi/6.3.1/../../../../arm-atollic-eabi/lib/armv6-m\libc_nano.a(lib_a-nano-freer.o)
                              c:/program files (x86)/atollic/truestudio for stm32 9.0.0/armtools/bin/../lib/gcc/arm-atollic-eabi/6.3.1/../../../../arm-atollic-eabi/lib/armv6-m\libc_nano.a(lib_a-malloc.o) (_free_r)
c:/program files (x86)/atollic/truestudio for stm32 9.0.0/armtools/bin/../lib/gcc/arm-atollic-eabi/6.3.1/../../../../arm-atollic-eabi/lib/armv6-m\libc_nano.a(lib_a-nano-mallocr.o)
                              c:/program files (x86)/atollic/truestudio for stm32 9.0.0/armtools/bin/../lib/gcc/arm-atollic-eabi/6.3.1/../../../../arm-atollic-eabi/lib/armv6-m\libc_nano.a(lib_a-malloc.o) (_malloc_r)
c:/program files (x86)/atollic/truestudio for stm32 9.0.0/armtools/bin/../lib/gcc/arm-atollic-eabi/6.3.1/../../../../arm-atollic-eabi/lib/armv6-m\libc_nano.a(lib_a-sbrkr.o)
                              c:/program files (x86)/atollic/truestudio for stm32 9.0.0/armtools/bin/../lib/gcc/arm-atollic-eabi/6.3.1/../../../../arm-atollic-eabi/lib/armv6-m\libc_nano.a(lib_a-nano-mallocr.o) (_sbrk_r)
c:/program files (x86)/atollic/truestudio for stm32 9.0.0/armtools/bin/../lib/gcc/arm-atollic-eabi/6.3.1/../../../../arm-atollic-eabi/lib/armv6-m\libc_nano.a(lib_a-strcmp.o)
                              src\usart.o (strcmp)
c:/program files (x86)/atollic/truestudio for stm32 9.0.0/armtools/bin/../lib/gcc/arm-atollic-eabi/6.3.1/../../../../arm-atollic-eabi/lib/armv6-m\libc_nano.a(lib_a-strlen.o)
                              src\tiny_printf.o (strlen)
c:/program files (x86)/atollic/truestudio for stm32 9.0.0/armtools/bin/../lib/gcc/arm-atollic-eabi/6.3.1/../../../../arm-atollic-eabi/lib/armv6-m\libc_nano.a(lib_a-strsep.o)
                              src\usart.o (strsep)
c:/program files (x86)/atollic/truestudio for stm32 9.0.0/armtools/bin/../lib/gcc/arm-atollic-eabi/6.3.1/../../../../arm-atollic-eabi/lib/armv6-m\libc_nano.a(lib_a-strtok_r.o)
                              c:/program files (x86)/atollic/truestudio for stm32 9.0.0/armtools/bin/../lib/gcc/arm-atollic-eabi/6.3.1/../../../../arm-atollic-eabi/lib/armv6-m\libc_nano.a(lib_a-strsep.o) (__strtok_r)
c:/program files (x86)/atollic/truestudio for stm32 9.0.0/armtools/bin/../lib/gcc/arm-atollic-eabi/6.3.1/../../../../arm-atollic-eabi/lib/armv6-m\libc_nano.a(lib_a-impure.o)
                              c:/program files (x86)/atollic/truestudio for stm32 9.0.0/armtools/bin/../lib/gcc/arm-atollic-eabi/6.3.1/../../../../arm-atollic-eabi/lib/armv6-m\libc_nano.a(lib_a-malloc.o) (_impure_ptr)
c:/program files (x86)/atollic/truestudio for stm32 9.0.0/armtools/bin/../lib/gcc/arm-atollic-eabi/6.3.1/../../../../arm-atollic-eabi/lib/armv6-m\libc_nano.a(lib_a-mlock.o)
                              c:/program files (x86)/atollic/truestudio for stm32 9.0.0/armtools/bin/../lib/gcc/arm-atollic-eabi/6.3.1/../../../../arm-atollic-eabi/lib/armv6-m\libc_nano.a(lib_a-nano-freer.o) (__malloc_lock)
c:/program files (x86)/atollic/truestudio for stm32 9.0.0/armtools/bin/../lib/gcc/arm-atollic-eabi/6.3.1/../../../../arm-atollic-eabi/lib/armv6-m\libc_nano.a(lib_a-reent.o)
                              c:/program files (x86)/atollic/truestudio for stm32 9.0.0/armtools/bin/../lib/gcc/arm-atollic-eabi/6.3.1/../../../../arm-atollic-eabi/lib/armv6-m\libc_nano.a(lib_a-sbrkr.o) (errno)
c:/program files (x86)/atollic/truestudio for stm32 9.0.0/armtools/bin/../lib/gcc/arm-atollic-eabi/6.3.1/armv6-m\libgcc.a(_udivsi3.o)
                              Drivers\STM32F0xx_HAL_Driver\Src\stm32f0xx_rcc.o (__aeabi_uidiv)
c:/program files (x86)/atollic/truestudio for stm32 9.0.0/armtools/bin/../lib/gcc/arm-atollic-eabi/6.3.1/armv6-m\libgcc.a(_divsi3.o)
                              src\tiny_printf.o (__aeabi_idiv)
[...]
Memory Configuration

Name             Origin             Length             Attributes
FLASH            0x08000000         0x00008000         xr
RAM              0x20000000         0x00001800         xrw
MEMORY_B1        0x60000000         0x00000000         xr
*default*        0x00000000         0xffffffff

Linker script and memory map

LOAD c:/program files (x86)/atollic/truestudio for stm32 9.0.0/armtools/bin/../lib/gcc/arm-atollic-eabi/6.3.1/armv6-m/crti.o
LOAD c:/program files (x86)/atollic/truestudio for stm32 9.0.0/armtools/bin/../lib/gcc/arm-atollic-eabi/6.3.1/armv6-m/crtbegin.o
LOAD Drivers\STM32F0xx_HAL_Driver\Src\stm32f0xx_adc.o
LOAD Drivers\STM32F0xx_HAL_Driver\Src\stm32f0xx_can.o
LOAD Drivers\STM32F0xx_HAL_Driver\Src\stm32f0xx_cec.o
LOAD Drivers\STM32F0xx_HAL_Driver\Src\stm32f0xx_comp.o
LOAD Drivers\STM32F0xx_HAL_Driver\Src\stm32f0xx_crc.o
LOAD Drivers\STM32F0xx_HAL_Driver\Src\stm32f0xx_crs.o
LOAD Drivers\STM32F0xx_HAL_Driver\Src\stm32f0xx_dac.o
LOAD Drivers\STM32F0xx_HAL_Driver\Src\stm32f0xx_dbgmcu.o
LOAD Drivers\STM32F0xx_HAL_Driver\Src\stm32f0xx_dma.o
LOAD Drivers\STM32F0xx_HAL_Driver\Src\stm32f0xx_exti.o
LOAD Drivers\STM32F0xx_HAL_Driver\Src\stm32f0xx_flash.o
LOAD Drivers\STM32F0xx_HAL_Driver\Src\stm32f0xx_gpio.o
LOAD Drivers\STM32F0xx_HAL_Driver\Src\stm32f0xx_i2c.o
LOAD Drivers\STM32F0xx_HAL_Driver\Src\stm32f0xx_iwdg.o
LOAD Drivers\STM32F0xx_HAL_Driver\Src\stm32f0xx_misc.o
LOAD Drivers\STM32F0xx_HAL_Driver\Src\stm32f0xx_pwr.o
LOAD Drivers\STM32F0xx_HAL_Driver\Src\stm32f0xx_rcc.o
LOAD Drivers\STM32F0xx_HAL_Driver\Src\stm32f0xx_rtc.o
LOAD Drivers\STM32F0xx_HAL_Driver\Src\stm32f0xx_spi.o
LOAD Drivers\STM32F0xx_HAL_Driver\Src\stm32f0xx_syscfg.o
LOAD Drivers\STM32F0xx_HAL_Driver\Src\stm32f0xx_tim.o
LOAD Drivers\STM32F0xx_HAL_Driver\Src\stm32f0xx_usart.o
LOAD Drivers\STM32F0xx_HAL_Driver\Src\stm32f0xx_wwdg.o
LOAD src\can.o
LOAD src\i2c.o
LOAD src\i2c_low.o
LOAD src\main.o
LOAD src\rcc.o
LOAD src\startup_stm32f042x6.o
LOAD src\stm32f0xx_it.o
LOAD src\system_stm32f0xx.o
LOAD src\tiny_printf.o
LOAD src\usart.o
LOAD src\vl53l0x_api.o
LOAD src\vl53l0x_api_calibration.o
LOAD src\vl53l0x_api_core.o
LOAD src\vl53l0x_api_ranging.o
LOAD src\vl53l0x_api_strings.o
LOAD src\vl53l0x_platform.o
                0x00000080                malloc_getpagesize_P = 0x80
START GROUP
LOAD c:/program files (x86)/atollic/truestudio for stm32 9.0.0/armtools/bin/../lib/gcc/arm-atollic-eabi/6.3.1/../../../../arm-atollic-eabi/lib/armv6-m\libc_nano.a
LOAD c:/program files (x86)/atollic/truestudio for stm32 9.0.0/armtools/bin/../lib/gcc/arm-atollic-eabi/6.3.1/../../../../arm-atollic-eabi/lib/armv6-m\libm.a
END GROUP
START GROUP
LOAD c:/program files (x86)/atollic/truestudio for stm32 9.0.0/armtools/bin/../lib/gcc/arm-atollic-eabi/6.3.1/armv6-m\libgcc.a
LOAD c:/program files (x86)/atollic/truestudio for stm32 9.0.0/armtools/bin/../lib/gcc/arm-atollic-eabi/6.3.1/../../../../arm-atollic-eabi/lib/armv6-m\libc_nano.a
END GROUP
START GROUP
LOAD c:/program files (x86)/atollic/truestudio for stm32 9.0.0/armtools/bin/../lib/gcc/arm-atollic-eabi/6.3.1/armv6-m\libgcc.a
LOAD c:/program files (x86)/atollic/truestudio for stm32 9.0.0/armtools/bin/../lib/gcc/arm-atollic-eabi/6.3.1/../../../../arm-atollic-eabi/lib/armv6-m\libc_nano.a
LOAD c:/program files (x86)/atollic/truestudio for stm32 9.0.0/armtools/bin/../lib/gcc/arm-atollic-eabi/6.3.1/../../../../arm-atollic-eabi/lib/armv6-m\libnosys.a
END GROUP
START GROUP
LOAD c:/program files (x86)/atollic/truestudio for stm32 9.0.0/armtools/bin/../lib/gcc/arm-atollic-eabi/6.3.1/armv6-m\libgcc.a
LOAD c:/program files (x86)/atollic/truestudio for stm32 9.0.0/armtools/bin/../lib/gcc/arm-atollic-eabi/6.3.1/../../../../arm-atollic-eabi/lib/armv6-m\libc_nano.a
LOAD c:/program files (x86)/atollic/truestudio for stm32 9.0.0/armtools/bin/../lib/gcc/arm-atollic-eabi/6.3.1/../../../../arm-atollic-eabi/lib/armv6-m\libnosys.a
END GROUP
LOAD c:/program files (x86)/atollic/truestudio for stm32 9.0.0/armtools/bin/../lib/gcc/arm-atollic-eabi/6.3.1/armv6-m/crtend.o
LOAD c:/program files (x86)/atollic/truestudio for stm32 9.0.0/armtools/bin/../lib/gcc/arm-atollic-eabi/6.3.1/armv6-m/crtn.o
                0x20001800                _estack = 0x20001800
                0x00000000                _Min_Heap_Size = 0x0
                0x00000080                _Min_Stack_Size = 0x80

.isr_vector     0x08000000       0xc0
                0x08000000                . = ALIGN (0x4)
 *(.isr_vector)
 .isr_vector    0x08000000       0xc0 src\startup_stm32f042x6.o
                0x08000000                g_pfnVectors
                0x080000c0                . = ALIGN (0x4)

.text           0x080000c0     0x9530
                0x080000c0                . = ALIGN (0x4)
 *(.text)
 .text          0x080000c0       0x48 c:/program files (x86)/atollic/truestudio for stm32 9.0.0/armtools/bin/../lib/gcc/arm-atollic-eabi/6.3.1/armv6-m/crtbegin.o
 .text          0x08000108      0x114 c:/program files (x86)/atollic/truestudio for stm32 9.0.0/armtools/bin/../lib/gcc/arm-atollic-eabi/6.3.1/armv6-m\libgcc.a(_udivsi3.o)
                0x08000108                __aeabi_uidiv
                0x08000108                __udivsi3
                0x08000214                __aeabi_uidivmod
 .text          0x0800021c      0x1d4 c:/program files (x86)/atollic/truestudio for stm32 9.0.0/armtools/bin/../lib/gcc/arm-atollic-eabi/6.3.1/armv6-m\libgcc.a(_divsi3.o)
                0x0800021c                __divsi3
                0x0800021c                __aeabi_idiv
                0x080003e8                __aeabi_idivmod
 .text          0x080003f0        0x4 c:/program files (x86)/atollic/truestudio for stm32 9.0.0/armtools/bin/../lib/gcc/arm-atollic-eabi/6.3.1/armv6-m\libgcc.a(_dvmd_tls.o)
                0x080003f0                __aeabi_idiv0
                0x080003f0                __aeabi_ldiv0
 .text          0x080003f4       0x3c c:/program files (x86)/atollic/truestudio for stm32 9.0.0/armtools/bin/../lib/gcc/arm-atollic-eabi/6.3.1/armv6-m\libgcc.a(_fixunsdfsi.o)
                0x080003f4                __aeabi_d2uiz
                0x080003f4                __fixunsdfsi
 .text          0x08000430      0x668 c:/program files (x86)/atollic/truestudio for stm32 9.0.0/armtools/bin/../lib/gcc/arm-atollic-eabi/6.3.1/armv6-m\libgcc.a(divdf3.o)
                0x08000430                __aeabi_ddiv
 .text          0x08000a98      0x62c c:/program files (x86)/atollic/truestudio for stm32 9.0.0/armtools/bin/../lib/gcc/arm-atollic-eabi/6.3.1/armv6-m\libgcc.a(subdf3.o)
                0x08000a98                __aeabi_dsub
 .text          0x080010c4       0x68 c:/program files (x86)/atollic/truestudio for stm32 9.0.0/armtools/bin/../lib/gcc/arm-atollic-eabi/6.3.1/armv6-m\libgcc.a(fixdfsi.o)
                0x080010c4                __aeabi_d2iz
 .text          0x0800112c       0x70 c:/program files (x86)/atollic/truestudio for stm32 9.0.0/armtools/bin/../lib/gcc/arm-atollic-eabi/6.3.1/armv6-m\libgcc.a(floatunsidf.o)
                0x0800112c                __aeabi_ui2d
 .text          0x0800119c       0x7c c:/program files (x86)/atollic/truestudio for stm32 9.0.0/armtools/bin/../lib/gcc/arm-atollic-eabi/6.3.1/armv6-m\libgcc.a(_arm_cmpdf2.o)
                0x0800119c                __aeabi_cdrcmple
                0x080011ac                __aeabi_cdcmple
                0x080011ac                __aeabi_cdcmpeq
                0x080011bc                __aeabi_dcmpeq
                0x080011c8                __aeabi_dcmplt
                0x080011dc                __aeabi_dcmple
                0x080011f0                __aeabi_dcmpgt
                0x08001204                __aeabi_dcmpge
 .text          0x08001218       0x3c c:/program files (x86)/atollic/truestudio for stm32 9.0.0/armtools/bin/../lib/gcc/arm-atollic-eabi/6.3.1/armv6-m\libgcc.a(_clzsi2.o)
                0x08001218                __clzsi2
 .text          0x08001254       0x74 c:/program files (x86)/atollic/truestudio for stm32 9.0.0/armtools/bin/../lib/gcc/arm-atollic-eabi/6.3.1/armv6-m\libgcc.a(eqdf2.o)
                0x08001254                __nedf2
                0x08001254                __eqdf2
 .text          0x080012c8       0xc8 c:/program files (x86)/atollic/truestudio for stm32 9.0.0/armtools/bin/../lib/gcc/arm-atollic-eabi/6.3.1/armv6-m\libgcc.a(gedf2.o)
                0x080012c8                __gedf2
                0x080012c8                __gtdf2
 .text          0x08001390       0xc4 c:/program files (x86)/atollic/truestudio for stm32 9.0.0/armtools/bin/../lib/gcc/arm-atollic-eabi/6.3.1/armv6-m\libgcc.a(ledf2.o)
                0x08001390                __ledf2
                0x08001390                __ltdf2
 *(.text*)
 .text.CAN_Transmit
                0x08001454      0x1f2 Drivers\STM32F0xx_HAL_Driver\Src\stm32f0xx_can.o
                0x08001454                CAN_Transmit
 *fill*         0x08001646        0x2 
 .text.CAN_TransmitStatus
                0x08001648       0xd4 Drivers\STM32F0xx_HAL_Driver\Src\stm32f0xx_can.o
                0x08001648                CAN_TransmitStatus
 .text.CAN_Receive
                0x0800171c      0x1c0 Drivers\STM32F0xx_HAL_Driver\Src\stm32f0xx_can.o
                0x0800171c                CAN_Receive
 .text.CAN_MessagePending
                0x080018dc       0x60 Drivers\STM32F0xx_HAL_Driver\Src\stm32f0xx_can.o
                0x080018dc                CAN_MessagePending
 .text.GPIO_Init
                0x0800193c      0x126 Drivers\STM32F0xx_HAL_Driver\Src\stm32f0xx_gpio.o
                0x0800193c                GPIO_Init
 *fill*         0x08001a62        0x2 
 .text.GPIO_StructInit
                0x08001a64       0x34 Drivers\STM32F0xx_HAL_Driver\Src\stm32f0xx_gpio.o
                0x08001a64                GPIO_StructInit
 .text.GPIO_SetBits
                0x08001a98       0x1e Drivers\STM32F0xx_HAL_Driver\Src\stm32f0xx_gpio.o
                0x08001a98                GPIO_SetBits
 .text.GPIO_ResetBits
                0x08001ab6       0x1e Drivers\STM32F0xx_HAL_Driver\Src\stm32f0xx_gpio.o
                0x08001ab6                GPIO_ResetBits
 .text.GPIO_PinAFConfig
                0x08001ad4       0xa4 Drivers\STM32F0xx_HAL_Driver\Src\stm32f0xx_gpio.o
                0x08001ad4                GPIO_PinAFConfig
 .text.I2C_Init
                0x08001b78       0xd0 Drivers\STM32F0xx_HAL_Driver\Src\stm32f0xx_i2c.o
                0x08001b78                I2C_Init
 .text.I2C_Cmd  0x08001c48       0x3a Drivers\STM32F0xx_HAL_Driver\Src\stm32f0xx_i2c.o
                0x08001c48                I2C_Cmd
 *fill*         0x08001c82        0x2 
 .text.I2C_TransferHandling
                0x08001c84       0x6c Drivers\STM32F0xx_HAL_Driver\Src\stm32f0xx_i2c.o
                0x08001c84                I2C_TransferHandling
 .text.I2C_SendData
                0x08001cf0       0x1e Drivers\STM32F0xx_HAL_Driver\Src\stm32f0xx_i2c.o
                0x08001cf0                I2C_SendData
 .text.I2C_ReceiveData
                0x08001d0e       0x16 Drivers\STM32F0xx_HAL_Driver\Src\stm32f0xx_i2c.o
                0x08001d0e                I2C_ReceiveData
 .text.I2C_GetFlagStatus
                0x08001d24       0x4a Drivers\STM32F0xx_HAL_Driver\Src\stm32f0xx_i2c.o
                0x08001d24                I2C_GetFlagStatus
 .text.I2C_ClearFlag
                0x08001d6e       0x18 Drivers\STM32F0xx_HAL_Driver\Src\stm32f0xx_i2c.o
                0x08001d6e                I2C_ClearFlag
 *fill*         0x08001d86        0x2 
 .text.RCC_AHBPeriphClockCmd
                0x08001d88       0x40 Drivers\STM32F0xx_HAL_Driver\Src\stm32f0xx_rcc.o
                0x08001d88                RCC_AHBPeriphClockCmd
 .text.RCC_APB1PeriphClockCmd
                0x08001dc8       0x40 Drivers\STM32F0xx_HAL_Driver\Src\stm32f0xx_rcc.o
                0x08001dc8                RCC_APB1PeriphClockCmd
 .text.USART_SendData
                0x08001e08       0x24 Drivers\STM32F0xx_HAL_Driver\Src\stm32f0xx_usart.o
                0x08001e08                USART_SendData
 .text.USART_ReceiveData
                0x08001e2c       0x1c Drivers\STM32F0xx_HAL_Driver\Src\stm32f0xx_usart.o
                0x08001e2c                USART_ReceiveData
 .text.USART_ITConfig
                0x08001e48       0x84 Drivers\STM32F0xx_HAL_Driver\Src\stm32f0xx_usart.o
                0x08001e48                USART_ITConfig
 .text.CEC_CAN_IRQHandler
                0x08001ecc      0x330 src\can.o
                0x08001ecc                CEC_CAN_IRQHandler
 .text.chipReset
                0x080021fc       0x3a src\i2c_low.o
                0x080021fc                chipReset
 *fill*         0x08002236        0x2 
 .text.I2C_WrReg
                0x08002238      0x18c src\i2c_low.o
                0x08002238                I2C_WrReg
 .text.I2C_RdRegLW
                0x080023c4       0xd4 src\i2c_low.o
                0x080023c4                I2C_RdRegLW
 .text.i2cInit  0x08002498      0x148 src\i2c_low.o
                0x08002498                i2cInit
 .text.rangingTest
                0x080025e0      0x18c src\main.o
                0x080025e0                rangingTest
 .text.main     0x0800276c       0xbc src\main.o
                0x0800276c                main
 .text.NVIC_SetPriority
                0x08002828       0xdc src\rcc.o
 .text.SysTick_Config
                0x08002904       0x48 src\rcc.o
 .text.rccConfiguration
                0x0800294c       0xa8 src\rcc.o
                0x0800294c                rccConfiguration
 .text.SysTick_Handler
                0x080029f4       0x44 src\rcc.o
                0x080029f4                SysTick_Handler
 .text.DelayMil
                0x08002a38       0x2c src\rcc.o
                0x08002a38                DelayMil
 .text.DelaySec
                0x08002a64       0x2c src\rcc.o
                0x08002a64                DelaySec
 .text.Reset_Handler
                0x08002a90       0x70 src\startup_stm32f042x6.o
                0x08002a90                Reset_Handler
 .text.Default_Handler
                0x08002b00        0x2 src\startup_stm32f042x6.o
                0x08002b00                TIM1_CC_IRQHandler
                0x08002b00                TSC_IRQHandler
                0x08002b00                I2C1_IRQHandler
                0x08002b00                RCC_CRS_IRQHandler
                0x08002b00                SPI1_IRQHandler
                0x08002b00                EXTI2_3_IRQHandler
                0x08002b00                ADC1_IRQHandler
                0x08002b00                TIM17_IRQHandler
                0x08002b00                RTC_IRQHandler
                0x08002b00                PVD_VDDIO2_IRQHandler
                0x08002b00                TIM16_IRQHandler
                0x08002b00                TIM3_IRQHandler
                0x08002b00                EXTI4_15_IRQHandler
                0x08002b00                DMA1_Channel1_IRQHandler
                0x08002b00                Default_Handler
                0x08002b00                TIM14_IRQHandler
                0x08002b00                DMA1_Channel4_5_IRQHandler
                0x08002b00                EXTI0_1_IRQHandler
                0x08002b00                USB_IRQHandler
                0x08002b00                SPI2_IRQHandler
                0x08002b00                WWDG_IRQHandler
                0x08002b00                TIM2_IRQHandler
                0x08002b00                DMA1_Channel2_3_IRQHandler
                0x08002b00                USART2_IRQHandler
                0x08002b00                FLASH_IRQHandler
                0x08002b00                TIM1_BRK_UP_TRG_COM_IRQHandler
 .text.NMI_Handler
                0x08002b02        0xa src\stm32f0xx_it.o
                0x08002b02                NMI_Handler
 .text.HardFault_Handler
                0x08002b0c        0x6 src\stm32f0xx_it.o
                0x08002b0c                HardFault_Handler
 .text.SVC_Handler
                0x08002b12        0xa src\stm32f0xx_it.o
                0x08002b12                SVC_Handler
 .text.PendSV_Handler
                0x08002b1c        0xa src\stm32f0xx_it.o
                0x08002b1c                PendSV_Handler
 *fill*         0x08002b26        0x2 
 .text.SystemInit
                0x08002b28       0x8c src\system_stm32f0xx.o
                0x08002b28                SystemInit
 .text.SystemCoreClockUpdate
                0x08002bb4       0xd8 src\system_stm32f0xx.o
                0x08002bb4                SystemCoreClockUpdate
 .text.SetSysClock
                0x08002c8c       0xe0 src\system_stm32f0xx.o
 .text.USART1_IRQHandler
                0x08002d6c       0xf8 src\usart.o
                0x08002d6c                USART1_IRQHandler
 .text.VL53L0X_GetOffsetCalibrationDataMicroMeter
                0x08002e64       0x36 src\vl53l0x_api.o
                0x08002e64                VL53L0X_GetOffsetCalibrationDataMicroMeter
 *fill*         0x08002e9a        0x2 
 .text.VL53L0X_DataInit
                0x08002e9c      0x370 src\vl53l0x_api.o
                0x08002e9c                VL53L0X_DataInit
 .text.VL53L0X_StaticInit
                0x0800320c      0x3d0 src\vl53l0x_api.o
                0x0800320c                VL53L0X_StaticInit
 .text.VL53L0X_GetDeviceParameters
                0x080035dc      0x188 src\vl53l0x_api.o
                0x080035dc                VL53L0X_GetDeviceParameters
 .text.VL53L0X_SetDeviceMode
                0x08003764       0x50 src\vl53l0x_api.o
                0x08003764                VL53L0X_SetDeviceMode
 .text.VL53L0X_GetDeviceMode
                0x080037b4       0x2a src\vl53l0x_api.o
                0x080037b4                VL53L0X_GetDeviceMode
 .text.VL53L0X_GetFractionEnable
                0x080037de       0x50 src\vl53l0x_api.o
                0x080037de                VL53L0X_GetFractionEnable
 .text.VL53L0X_SetMeasurementTimingBudgetMicroSeconds
                0x0800382e       0x36 src\vl53l0x_api.o
                0x0800382e                VL53L0X_SetMeasurementTimingBudgetMicroSeconds
 .text.VL53L0X_GetMeasurementTimingBudgetMicroSeconds
                0x08003864       0x36 src\vl53l0x_api.o
                0x08003864                VL53L0X_GetMeasurementTimingBudgetMicroSeconds
 .text.VL53L0X_SetVcselPulsePeriod
                0x0800389a       0x48 src\vl53l0x_api.o
                0x0800389a                VL53L0X_SetVcselPulsePeriod
 .text.VL53L0X_GetVcselPulsePeriod
                0x080038e2       0x42 src\vl53l0x_api.o
                0x080038e2                VL53L0X_GetVcselPulsePeriod
 .text.VL53L0X_SetSequenceStepEnable
                0x08003924      0x1d8 src\vl53l0x_api.o
                0x08003924                VL53L0X_SetSequenceStepEnable
 .text.sequence_step_enabled
                0x08003afc       0xc4 src\vl53l0x_api.o
                0x08003afc                sequence_step_enabled
 .text.VL53L0X_GetSequenceStepEnables
                0x08003bc0       0xfc src\vl53l0x_api.o
                0x08003bc0                VL53L0X_GetSequenceStepEnables
 .text.VL53L0X_GetInterMeasurementPeriodMilliSeconds
                0x08003cbc       0x90 src\vl53l0x_api.o
                0x08003cbc                VL53L0X_GetInterMeasurementPeriodMilliSeconds
 .text.VL53L0X_GetXTalkCompensationEnable
                0x08003d4c       0x36 src\vl53l0x_api.o
                0x08003d4c                VL53L0X_GetXTalkCompensationEnable
 .text.VL53L0X_GetXTalkCompensationRateMegaCps
                0x08003d82       0x7e src\vl53l0x_api.o
                0x08003d82                VL53L0X_GetXTalkCompensationRateMegaCps
 .text.VL53L0X_SetLimitCheckEnable
                0x08003e00      0x180 src\vl53l0x_api.o
                0x08003e00                VL53L0X_SetLimitCheckEnable
 .text.VL53L0X_GetLimitCheckEnable
                0x08003f80       0x64 src\vl53l0x_api.o
                0x08003f80                VL53L0X_GetLimitCheckEnable
 .text.VL53L0X_SetLimitCheckValue
                0x08003fe4       0xec src\vl53l0x_api.o
                0x08003fe4                VL53L0X_SetLimitCheckValue
 .text.VL53L0X_GetLimitCheckValue
                0x080040d0      0x16c src\vl53l0x_api.o
                0x080040d0                VL53L0X_GetLimitCheckValue
 .text.VL53L0X_GetWrapAroundCheckEnable
                0x0800423c       0x82 src\vl53l0x_api.o
                0x0800423c                VL53L0X_GetWrapAroundCheckEnable
 .text.VL53L0X_PerformSingleMeasurement
                0x080042be       0x98 src\vl53l0x_api.o
                0x080042be                VL53L0X_PerformSingleMeasurement
 .text.VL53L0X_PerformRefCalibration
                0x08004356       0x38 src\vl53l0x_api.o
                0x08004356                VL53L0X_PerformRefCalibration
 *fill*         0x0800438e        0x2 
 .text.VL53L0X_CheckAndLoadInterruptSettings
                0x08004390      0x124 src\vl53l0x_api.o
                0x08004390                VL53L0X_CheckAndLoadInterruptSettings
 .text.VL53L0X_StartMeasurement
                0x080044b4      0x220 src\vl53l0x_api.o
                0x080044b4                VL53L0X_StartMeasurement
 .text.VL53L0X_GetMeasurementDataReady
                0x080046d4       0xa2 src\vl53l0x_api.o
                0x080046d4                VL53L0X_GetMeasurementDataReady
 *fill*         0x08004776        0x2 
 .text.VL53L0X_GetRangingMeasurementData
                0x08004778      0x2e4 src\vl53l0x_api.o
                0x08004778                VL53L0X_GetRangingMeasurementData
 .text.VL53L0X_PerformSingleRangingMeasurement
                0x08004a5c       0x8e src\vl53l0x_api.o
                0x08004a5c                VL53L0X_PerformSingleRangingMeasurement
 *fill*         0x08004aea        0x2 
 .text.VL53L0X_SetGpioConfig
                0x08004aec      0x34c src\vl53l0x_api.o
                0x08004aec                VL53L0X_SetGpioConfig
 .text.VL53L0X_GetInterruptThresholds
                0x08004e38       0x8c src\vl53l0x_api.o
                0x08004e38                VL53L0X_GetInterruptThresholds
 .text.VL53L0X_ClearInterruptMask
                0x08004ec4       0xc0 src\vl53l0x_api.o
                0x08004ec4                VL53L0X_ClearInterruptMask
 .text.VL53L0X_GetInterruptMaskStatus
                0x08004f84       0x5e src\vl53l0x_api.o
                0x08004f84                VL53L0X_GetInterruptMaskStatus
 .text.VL53L0X_PerformRefSpadManagement
                0x08004fe2       0x38 src\vl53l0x_api.o
                0x08004fe2                VL53L0X_PerformRefSpadManagement
 *fill*         0x0800501a        0x2 
 .text.VL53L0X_get_offset_calibration_data_micro_meter
                0x0800501c       0xb0 src\vl53l0x_api_calibration.o
                0x0800501c                VL53L0X_get_offset_calibration_data_micro_meter
 .text.get_next_good_spad
                0x080050cc       0xd4 src\vl53l0x_api_calibration.o
                0x080050cc                get_next_good_spad
 .text.is_aperture
                0x080051a0       0x3c src\vl53l0x_api_calibration.o
                0x080051a0                is_aperture
 .text.enable_spad_bit
                0x080051dc       0x76 src\vl53l0x_api_calibration.o
                0x080051dc                enable_spad_bit
 .text.set_ref_spad_map
                0x08005252       0x2e src\vl53l0x_api_calibration.o
                0x08005252                set_ref_spad_map
 .text.get_ref_spad_map
                0x08005280       0x2e src\vl53l0x_api_calibration.o
                0x08005280                get_ref_spad_map
 .text.enable_ref_spads
                0x080052ae      0x11e src\vl53l0x_api_calibration.o
                0x080052ae                enable_ref_spads
 .text.perform_ref_signal_measurement
                0x080053cc      0x118 src\vl53l0x_api_calibration.o
                0x080053cc                perform_ref_signal_measurement
 .text.VL53L0X_perform_ref_spad_management
                0x080054e4      0x518 src\vl53l0x_api_calibration.o
                0x080054e4                VL53L0X_perform_ref_spad_management
 .text.VL53L0X_set_reference_spads
                0x080059fc      0x190 src\vl53l0x_api_calibration.o
                0x080059fc                VL53L0X_set_reference_spads
 .text.VL53L0X_perform_single_ref_calibration
                0x08005b8c       0xa8 src\vl53l0x_api_calibration.o
                0x08005b8c                VL53L0X_perform_single_ref_calibration
 .text.VL53L0X_ref_calibration_io
                0x08005c34      0x1b4 src\vl53l0x_api_calibration.o
                0x08005c34                VL53L0X_ref_calibration_io
 .text.VL53L0X_perform_vhv_calibration
                0x08005de8      0x128 src\vl53l0x_api_calibration.o
                0x08005de8                VL53L0X_perform_vhv_calibration
 .text.VL53L0X_perform_phase_calibration
                0x08005f10      0x120 src\vl53l0x_api_calibration.o
                0x08005f10                VL53L0X_perform_phase_calibration
 .text.VL53L0X_perform_ref_calibration
                0x08006030       0xb6 src\vl53l0x_api_calibration.o
                0x08006030                VL53L0X_perform_ref_calibration
 *fill*         0x080060e6        0x2 
 .text.VL53L0X_measurement_poll_for_completion
                0x080060e8       0x84 src\vl53l0x_api_core.o
                0x080060e8                VL53L0X_measurement_poll_for_completion
 .text.VL53L0X_decode_vcsel_period
                0x0800616c       0x32 src\vl53l0x_api_core.o
                0x0800616c                VL53L0X_decode_vcsel_period
 .text.VL53L0X_encode_vcsel_period
                0x0800619e       0x32 src\vl53l0x_api_core.o
                0x0800619e                VL53L0X_encode_vcsel_period
 .text.VL53L0X_isqrt
                0x080061d0       0x64 src\vl53l0x_api_core.o
                0x080061d0                VL53L0X_isqrt
 .text.VL53L0X_device_read_strobe
                0x08006234       0xbc src\vl53l0x_api_core.o
                0x08006234                VL53L0X_device_read_strobe
 .text.VL53L0X_get_info_from_device
                0x080062f0      0xb98 src\vl53l0x_api_core.o
                0x080062f0                VL53L0X_get_info_from_device
 .text.VL53L0X_calc_macro_period_ps
                0x08006e88       0x38 src\vl53l0x_api_core.o
                0x08006e88                VL53L0X_calc_macro_period_ps
 .text.VL53L0X_encode_timeout
                0x08006ec0       0x70 src\vl53l0x_api_core.o
                0x08006ec0                VL53L0X_encode_timeout
 .text.VL53L0X_decode_timeout
                0x08006f30       0x30 src\vl53l0x_api_core.o
                0x08006f30                VL53L0X_decode_timeout
 .text.VL53L0X_calc_timeout_mclks
                0x08006f60       0x5e src\vl53l0x_api_core.o
                0x08006f60                VL53L0X_calc_timeout_mclks
 .text.VL53L0X_calc_timeout_us
                0x08006fbe       0x6a src\vl53l0x_api_core.o
                0x08006fbe                VL53L0X_calc_timeout_us
 .text.get_sequence_step_timeout
                0x08007028      0x262 src\vl53l0x_api_core.o
                0x08007028                get_sequence_step_timeout
 .text.set_sequence_step_timeout
                0x0800728a      0x29a src\vl53l0x_api_core.o
                0x0800728a                set_sequence_step_timeout
 .text.VL53L0X_set_vcsel_pulse_period
                0x08007524      0x666 src\vl53l0x_api_core.o
                0x08007524                VL53L0X_set_vcsel_pulse_period
 .text.VL53L0X_get_vcsel_pulse_period
                0x08007b8a       0x92 src\vl53l0x_api_core.o
                0x08007b8a                VL53L0X_get_vcsel_pulse_period
 .text.VL53L0X_set_measurement_timing_budget_micro_seconds
                0x08007c1c      0x22c src\vl53l0x_api_core.o
                0x08007c1c                VL53L0X_set_measurement_timing_budget_micro_seconds
 .text.VL53L0X_get_measurement_timing_budget_micro_seconds
                0x08007e48      0x1b4 src\vl53l0x_api_core.o
                0x08007e48                VL53L0X_get_measurement_timing_budget_micro_seconds
 .text.VL53L0X_load_tuning_settings
                0x08007ffc      0x268 src\vl53l0x_api_core.o
                0x08007ffc                VL53L0X_load_tuning_settings
 .text.VL53L0X_get_total_xtalk_rate
                0x08008264       0x72 src\vl53l0x_api_core.o
                0x08008264                VL53L0X_get_total_xtalk_rate
 .text.VL53L0X_get_total_signal_rate
                0x080082d6       0x5a src\vl53l0x_api_core.o
                0x080082d6                VL53L0X_get_total_signal_rate
 .text.VL53L0X_calc_dmax
                0x08008330      0x278 src\vl53l0x_api_core.o
                0x08008330                VL53L0X_calc_dmax
 .text.VL53L0X_calc_sigma_estimate
                0x080085a8      0x5a4 src\vl53l0x_api_core.o
                0x080085a8                VL53L0X_calc_sigma_estimate
 .text.VL53L0X_get_pal_range_status
                0x08008b4c      0x4a0 src\vl53l0x_api_core.o
                0x08008b4c                VL53L0X_get_pal_range_status
 .text.i2c_write
                0x08008fec       0x84 src\vl53l0x_platform.o
 .text.i2c_read
                0x08009070       0x52 src\vl53l0x_platform.o
 .text.VL53L0X_WriteMulti
                0x080090c2       0x3a src\vl53l0x_platform.o
                0x080090c2                VL53L0X_WriteMulti
 .text.VL53L0X_ReadMulti
                0x080090fc       0x3a src\vl53l0x_platform.o
                0x080090fc                VL53L0X_ReadMulti
 .text.VL53L0X_WrByte
                0x08009136       0x38 src\vl53l0x_platform.o
                0x08009136                VL53L0X_WrByte
 .text.VL53L0X_WrWord
                0x0800916e       0x56 src\vl53l0x_platform.o
                0x0800916e                VL53L0X_WrWord
 .text.VL53L0X_UpdateByte
                0x080091c4       0x84 src\vl53l0x_platform.o
                0x080091c4                VL53L0X_UpdateByte
 .text.VL53L0X_RdByte
                0x08009248       0x4c src\vl53l0x_platform.o
                0x08009248                VL53L0X_RdByte
 .text.VL53L0X_RdWord
                0x08009294       0x7e src\vl53l0x_platform.o
                0x08009294                VL53L0X_RdWord
 .text.VL53L0X_RdDWord
                0x08009312       0x82 src\vl53l0x_platform.o
                0x08009312                VL53L0X_RdDWord
 .text.VL53L0X_PollingDelay
                0x08009394       0x18 src\vl53l0x_platform.o
                0x08009394                VL53L0X_PollingDelay
 .text.__libc_init_array
                0x080093ac       0x48 c:/program files (x86)/atollic/truestudio for stm32 9.0.0/armtools/bin/../lib/gcc/arm-atollic-eabi/6.3.1/../../../../arm-atollic-eabi/lib/armv6-m\libc_nano.a(lib_a-init.o)
                0x080093ac                __libc_init_array
 .text.malloc   0x080093f4       0x14 c:/program files (x86)/atollic/truestudio for stm32 9.0.0/armtools/bin/../lib/gcc/arm-atollic-eabi/6.3.1/../../../../arm-atollic-eabi/lib/armv6-m\libc_nano.a(lib_a-malloc.o)
                0x080093f4                malloc
 .text.free     0x08009408       0x14 c:/program files (x86)/atollic/truestudio for stm32 9.0.0/armtools/bin/../lib/gcc/arm-atollic-eabi/6.3.1/../../../../arm-atollic-eabi/lib/armv6-m\libc_nano.a(lib_a-malloc.o)
                0x08009408                free
 .text.memcpy   0x0800941c       0x12 c:/program files (x86)/atollic/truestudio for stm32 9.0.0/armtools/bin/../lib/gcc/arm-atollic-eabi/6.3.1/../../../../arm-atollic-eabi/lib/armv6-m\libc_nano.a(lib_a-memcpy-stub.o)
                0x0800941c                memcpy
 .text.memset   0x0800942e       0x10 c:/program files (x86)/atollic/truestudio for stm32 9.0.0/armtools/bin/../lib/gcc/arm-atollic-eabi/6.3.1/../../../../arm-atollic-eabi/lib/armv6-m\libc_nano.a(lib_a-memset.o)
                0x0800942e                memset
 *fill*         0x0800943e        0x2 
 .text._free_r  0x08009440       0x94 c:/program files (x86)/atollic/truestudio for stm32 9.0.0/armtools/bin/../lib/gcc/arm-atollic-eabi/6.3.1/../../../../arm-atollic-eabi/lib/armv6-m\libc_nano.a(lib_a-nano-freer.o)
                0x08009440                _free_r
 .text._malloc_r
                0x080094d4       0xbc c:/program files (x86)/atollic/truestudio for stm32 9.0.0/armtools/bin/../lib/gcc/arm-atollic-eabi/6.3.1/../../../../arm-atollic-eabi/lib/armv6-m\libc_nano.a(lib_a-nano-mallocr.o)
                0x080094d4                _malloc_r
 .text._sbrk_r  0x08009590       0x24 c:/program files (x86)/atollic/truestudio for stm32 9.0.0/armtools/bin/../lib/gcc/arm-atollic-eabi/6.3.1/../../../../arm-atollic-eabi/lib/armv6-m\libc_nano.a(lib_a-sbrkr.o)
                0x08009590                _sbrk_r
 .text.__malloc_lock
                0x080095b4        0x2 c:/program files (x86)/atollic/truestudio for stm32 9.0.0/armtools/bin/../lib/gcc/arm-atollic-eabi/6.3.1/../../../../arm-atollic-eabi/lib/armv6-m\libc_nano.a(lib_a-mlock.o)
                0x080095b4                __malloc_lock
 .text.__malloc_unlock
                0x080095b6        0x2 c:/program files (x86)/atollic/truestudio for stm32 9.0.0/armtools/bin/../lib/gcc/arm-atollic-eabi/6.3.1/../../../../arm-atollic-eabi/lib/armv6-m\libc_nano.a(lib_a-mlock.o)
                0x080095b6                __malloc_unlock
 .text._sbrk    0x080095b8       0x20 c:/program files (x86)/atollic/truestudio for stm32 9.0.0/armtools/bin/../lib/gcc/arm-atollic-eabi/6.3.1/../../../../arm-atollic-eabi/lib/armv6-m\libnosys.a(sbrk.o)
                0x080095b8                _sbrk
 *(.glue_7)
 .glue_7        0x080095d8        0x0 linker stubs
 *(.glue_7t)
 .glue_7t       0x080095d8        0x0 linker stubs
 *(.eh_frame)
 .eh_frame      0x080095d8        0x0 c:/program files (x86)/atollic/truestudio for stm32 9.0.0/armtools/bin/../lib/gcc/arm-atollic-eabi/6.3.1/armv6-m/crtbegin.o
 *(.init)
 .init          0x080095d8        0x4 c:/program files (x86)/atollic/truestudio for stm32 9.0.0/armtools/bin/../lib/gcc/arm-atollic-eabi/6.3.1/armv6-m/crti.o
                0x080095d8                _init
 .init          0x080095dc        0x8 c:/program files (x86)/atollic/truestudio for stm32 9.0.0/armtools/bin/../lib/gcc/arm-atollic-eabi/6.3.1/armv6-m/crtn.o
 *(.fini)
 .fini          0x080095e4        0x4 c:/program files (x86)/atollic/truestudio for stm32 9.0.0/armtools/bin/../lib/gcc/arm-atollic-eabi/6.3.1/armv6-m/crti.o
                0x080095e4                _fini
 .fini          0x080095e8        0x8 c:/program files (x86)/atollic/truestudio for stm32 9.0.0/armtools/bin/../lib/gcc/arm-atollic-eabi/6.3.1/armv6-m/crtn.o
                0x080095f0                . = ALIGN (0x4)
                0x080095f0                _etext = .

.vfp11_veneer   0x080095f0        0x0
 .vfp11_veneer  0x080095f0        0x0 linker stubs

.v4_bx          0x080095f0        0x0
 .v4_bx         0x080095f0        0x0 linker stubs

.iplt           0x080095f0        0x0
 .iplt          0x080095f0        0x0 c:/program files (x86)/atollic/truestudio for stm32 9.0.0/armtools/bin/../lib/gcc/arm-atollic-eabi/6.3.1/armv6-m/crtbegin.o

.rodata         0x080095f0      0x200
                0x080095f0                . = ALIGN (0x4)
 *(.rodata)
 .rodata        0x080095f0       0x40 c:/program files (x86)/atollic/truestudio for stm32 9.0.0/armtools/bin/../lib/gcc/arm-atollic-eabi/6.3.1/armv6-m\libgcc.a(divdf3.o)
 *(.rodata*)
 .rodata.CEC_CAN_IRQHandler
                0x08009630       0xd0 src\can.o
 .rodata.VL53L0X_SetDeviceMode
                0x08009700       0x58 src\vl53l0x_api.o
 .rodata.VL53L0X_SetSequenceStepEnable
                0x08009758       0x28 src\vl53l0x_api.o
 .rodata.sequence_step_enabled
                0x08009780       0x14 src\vl53l0x_api.o
 .rodata.VL53L0X_SetLimitCheckEnable
                0x08009794       0x18 src\vl53l0x_api.o
 .rodata.VL53L0X_SetLimitCheckValue
                0x080097ac       0x18 src\vl53l0x_api.o
 .rodata.VL53L0X_GetLimitCheckValue
                0x080097c4       0x18 src\vl53l0x_api.o
 .rodata.VL53L0X_SetGpioConfig
                0x080097dc       0x14 src\vl53l0x_api.o
                0x080097f0                . = ALIGN (0x4)

.rel.dyn        0x080097f0        0x0
 .rel.iplt      0x080097f0        0x0 c:/program files (x86)/atollic/truestudio for stm32 9.0.0/armtools/bin/../lib/gcc/arm-atollic-eabi/6.3.1/armv6-m/crtbegin.o

.ARM.extab
 *(.ARM.extab* .gnu.linkonce.armextab.*)

.ARM            0x080097f0        0x0
                0x080097f0                __exidx_start = .
 *(.ARM.exidx*)
                0x080097f0                __exidx_end = .

.preinit_array  0x080097f0        0x0
                0x080097f0                PROVIDE (__preinit_array_start, .)
 *(.preinit_array*)
                0x080097f0                PROVIDE (__preinit_array_end, .)

.init_array     0x080097f0        0x4
                0x080097f0                PROVIDE (__init_array_start, .)
 *(SORT(.init_array.*))
 *(.init_array*)
 .init_array    0x080097f0        0x4 c:/program files (x86)/atollic/truestudio for stm32 9.0.0/armtools/bin/../lib/gcc/arm-atollic-eabi/6.3.1/armv6-m/crtbegin.o
                0x080097f4                PROVIDE (__init_array_end, .)

.fini_array     0x080097f4        0x4
                [!provide]                PROVIDE (__fini_array_start, .)
 *(SORT(.fini_array.*))
 *(.fini_array*)
 .fini_array    0x080097f4        0x4 c:/program files (x86)/atollic/truestudio for stm32 9.0.0/armtools/bin/../lib/gcc/arm-atollic-eabi/6.3.1/armv6-m/crtbegin.o
                [!provide]                PROVIDE (__fini_array_end, .)
                0x080097f8                _sidata = LOADADDR (.data)

.data           0x20000000      0x334 load address 0x080097f8
                0x20000000                . = ALIGN (0x4)
                0x20000000                _sdata = .
 *(.data)
 *(.data*)
 .data.SystemCoreClock
                0x20000000        0x4 src\system_stm32f0xx.o
                0x20000000                SystemCoreClock
 .data.AHBPrescTable
                0x20000004       0x10 src\system_stm32f0xx.o
                0x20000004                AHBPrescTable
 .data.DefaultTuningSettings
                0x20000014       0xf3 src\vl53l0x_api.o
                0x20000014                DefaultTuningSettings
 *fill*         0x20000107        0x1 
 .data.InterruptThresholdSettings
                0x20000108      0x1b6 src\vl53l0x_api.o
                0x20000108                InterruptThresholdSettings
 *fill*         0x200002be        0x2 
 .data.refArrayQuadrants
                0x200002c0       0x10 src\vl53l0x_api_calibration.o
                0x200002c0                refArrayQuadrants
 .data._impure_ptr
                0x200002d0        0x4 c:/program files (x86)/atollic/truestudio for stm32 9.0.0/armtools/bin/../lib/gcc/arm-atollic-eabi/6.3.1/../../../../arm-atollic-eabi/lib/armv6-m\libc_nano.a(lib_a-impure.o)
                0x200002d0                _impure_ptr
 .data.impure_data
                0x200002d4       0x60 c:/program files (x86)/atollic/truestudio for stm32 9.0.0/armtools/bin/../lib/gcc/arm-atollic-eabi/6.3.1/../../../../arm-atollic-eabi/lib/armv6-m\libc_nano.a(lib_a-impure.o)
                0x20000334                . = ALIGN (0x4)
                0x20000334                _edata = .

.igot.plt       0x20000334        0x0 load address 0x08009b2c
 .igot.plt      0x20000334        0x0 c:/program files (x86)/atollic/truestudio for stm32 9.0.0/armtools/bin/../lib/gcc/arm-atollic-eabi/6.3.1/armv6-m/crtbegin.o
                0x20000334                . = ALIGN (0x4)

.bss            0x20000334      0xcb8 load address 0x08009b2c
                0x20000334                _sbss = .
                0x20000334                __bss_start__ = _sbss
 *(.bss)
 .bss           0x20000334       0x1c c:/program files (x86)/atollic/truestudio for stm32 9.0.0/armtools/bin/../lib/gcc/arm-atollic-eabi/6.3.1/armv6-m/crtbegin.o
 *(.bss*)
 .bss.Milliseconds
                0x20000350        0x4 src\rcc.o
                0x20000350                Milliseconds
 .bss.Seconds   0x20000354        0x4 src\rcc.o
                0x20000354                Seconds
 .bss.__malloc_free_list
                0x20000358        0x4 c:/program files (x86)/atollic/truestudio for stm32 9.0.0/armtools/bin/../lib/gcc/arm-atollic-eabi/6.3.1/../../../../arm-atollic-eabi/lib/armv6-m\libc_nano.a(lib_a-nano-mallocr.o)
                0x20000358                __malloc_free_list
 .bss.__malloc_sbrk_start
                0x2000035c        0x4 c:/program files (x86)/atollic/truestudio for stm32 9.0.0/armtools/bin/../lib/gcc/arm-atollic-eabi/6.3.1/../../../../arm-atollic-eabi/lib/armv6-m\libc_nano.a(lib_a-nano-mallocr.o)
                0x2000035c                __malloc_sbrk_start
 .bss.heap_end.4116
                0x20000360        0x4 c:/program files (x86)/atollic/truestudio for stm32 9.0.0/armtools/bin/../lib/gcc/arm-atollic-eabi/6.3.1/../../../../arm-atollic-eabi/lib/armv6-m\libnosys.a(sbrk.o)
 *(COMMON)
 COMMON         0x20000364        0x1 src\i2c_low.o
                0x20000364                errorState
 *fill*         0x20000365        0x3 
 COMMON         0x20000368      0xc7e src\usart.o
                0x20000368                t
                0x2000036a                adc7_1
                0x2000036c                temp2
                0x20000370                val0
                0x20000374                rxStr
                0x20000880                temperature
                0x20000882                adc8_1
                0x20000884                echo
                0x20000886                temp1
                0x20000888                adc8_2
                0x2000088c                val2
                0x20000890                adc
                0x20000894                val3
                0x20000898                i2cData
                0x20000a9b                error
                0x20000a9c                commData
                0x20000bc4                tokens
                0x20000fd4                str
                0x20000fe0                val1
                0x20000fe4                adc7_2
 *fill*         0x20000fe6        0x2 
 COMMON         0x20000fe8        0x4 c:/program files (x86)/atollic/truestudio for stm32 9.0.0/armtools/bin/../lib/gcc/arm-atollic-eabi/6.3.1/../../../../arm-atollic-eabi/lib/armv6-m\libc_nano.a(lib_a-reent.o)
                0x20000fe8                errno
                0x20000fec                . = ALIGN (0x4)
                0x20000fec                _ebss = .
                0x20000fec                __bss_end__ = _ebss

._user_heap_stack
                0x20000fec       0x80 load address 0x08009b2c
                0x20000fec                . = ALIGN (0x4)
                0x20000fec                PROVIDE (end, .)
                [!provide]                PROVIDE (_end, .)
                0x20000fec                . = (. + _Min_Heap_Size)
                0x2000106c                . = (. + _Min_Stack_Size)
 *fill*         0x20000fec       0x80 
                0x2000106c                . = ALIGN (0x4)

.memory_b1_text
 *(.mb1text)
 *(.mb1text*)
 *(.mb1rodata)
 *(.mb1rodata*)

/DISCARD/
 libc.a(*)
 libm.a(*)
 libgcc.a(*)

.ARM.attributes
                0x00000000       0x28
 *(.ARM.attributes)
 .ARM.attributes
                0x00000000       0x1e c:/program files (x86)/atollic/truestudio for stm32 9.0.0/armtools/bin/../lib/gcc/arm-atollic-eabi/6.3.1/armv6-m/crti.o
 .ARM.attributes
                0x0000001e       0x2c c:/program files (x86)/atollic/truestudio for stm32 9.0.0/armtools/bin/../lib/gcc/arm-atollic-eabi/6.3.1/armv6-m/crtbegin.o
 .ARM.attributes
                0x0000004a       0x31 Drivers\STM32F0xx_HAL_Driver\Src\stm32f0xx_can.o
 .ARM.attributes
                0x0000007b       0x31 Drivers\STM32F0xx_HAL_Driver\Src\stm32f0xx_gpio.o
 .ARM.attributes
                0x000000ac       0x31 Drivers\STM32F0xx_HAL_Driver\Src\stm32f0xx_i2c.o
 .ARM.attributes
                0x000000dd       0x31 Drivers\STM32F0xx_HAL_Driver\Src\stm32f0xx_rcc.o
 .ARM.attributes
                0x0000010e       0x31 Drivers\STM32F0xx_HAL_Driver\Src\stm32f0xx_usart.o
 .ARM.attributes
                0x0000013f       0x31 src\can.o
 .ARM.attributes
                0x00000170       0x31 src\i2c_low.o
 .ARM.attributes
                0x000001a1       0x31 src\main.o
 .ARM.attributes
                0x000001d2       0x31 src\rcc.o
 .ARM.attributes
                0x00000203       0x21 src\startup_stm32f042x6.o
 .ARM.attributes
                0x00000224       0x31 src\stm32f0xx_it.o
 .ARM.attributes
                0x00000255       0x31 src\system_stm32f0xx.o
 .ARM.attributes
                0x00000286       0x31 src\usart.o
 .ARM.attributes
                0x000002b7       0x31 src\vl53l0x_api.o
 .ARM.attributes
                0x000002e8       0x31 src\vl53l0x_api_calibration.o
 .ARM.attributes
                0x00000319       0x31 src\vl53l0x_api_core.o
 .ARM.attributes
                0x0000034a       0x31 src\vl53l0x_platform.o
 .ARM.attributes
                0x0000037b       0x2c c:/program files (x86)/atollic/truestudio for stm32 9.0.0/armtools/bin/../lib/gcc/arm-atollic-eabi/6.3.1/../../../../arm-atollic-eabi/lib/armv6-m\libc_nano.a(lib_a-init.o)
 .ARM.attributes
                0x000003a7       0x2c c:/program files (x86)/atollic/truestudio for stm32 9.0.0/armtools/bin/../lib/gcc/arm-atollic-eabi/6.3.1/../../../../arm-atollic-eabi/lib/armv6-m\libc_nano.a(lib_a-malloc.o)
 .ARM.attributes
                0x000003d3       0x2c c:/program files (x86)/atollic/truestudio for stm32 9.0.0/armtools/bin/../lib/gcc/arm-atollic-eabi/6.3.1/../../../../arm-atollic-eabi/lib/armv6-m\libc_nano.a(lib_a-memcpy-stub.o)
 .ARM.attributes
                0x000003ff       0x2c c:/program files (x86)/atollic/truestudio for stm32 9.0.0/armtools/bin/../lib/gcc/arm-atollic-eabi/6.3.1/../../../../arm-atollic-eabi/lib/armv6-m\libc_nano.a(lib_a-memset.o)
 .ARM.attributes
                0x0000042b       0x2c c:/program files (x86)/atollic/truestudio for stm32 9.0.0/armtools/bin/../lib/gcc/arm-atollic-eabi/6.3.1/../../../../arm-atollic-eabi/lib/armv6-m\libc_nano.a(lib_a-nano-freer.o)
 .ARM.attributes
                0x00000457       0x2c c:/program files (x86)/atollic/truestudio for stm32 9.0.0/armtools/bin/../lib/gcc/arm-atollic-eabi/6.3.1/../../../../arm-atollic-eabi/lib/armv6-m\libc_nano.a(lib_a-nano-mallocr.o)
 .ARM.attributes
                0x00000483       0x2c c:/program files (x86)/atollic/truestudio for stm32 9.0.0/armtools/bin/../lib/gcc/arm-atollic-eabi/6.3.1/../../../../arm-atollic-eabi/lib/armv6-m\libc_nano.a(lib_a-sbrkr.o)
 .ARM.attributes
                0x000004af       0x2c c:/program files (x86)/atollic/truestudio for stm32 9.0.0/armtools/bin/../lib/gcc/arm-atollic-eabi/6.3.1/../../../../arm-atollic-eabi/lib/armv6-m\libc_nano.a(lib_a-impure.o)
 .ARM.attributes
                0x000004db       0x2c c:/program files (x86)/atollic/truestudio for stm32 9.0.0/armtools/bin/../lib/gcc/arm-atollic-eabi/6.3.1/../../../../arm-atollic-eabi/lib/armv6-m\libc_nano.a(lib_a-mlock.o)
 .ARM.attributes
                0x00000507       0x2c c:/program files (x86)/atollic/truestudio for stm32 9.0.0/armtools/bin/../lib/gcc/arm-atollic-eabi/6.3.1/../../../../arm-atollic-eabi/lib/armv6-m\libc_nano.a(lib_a-reent.o)
 .ARM.attributes
                0x00000533       0x1e c:/program files (x86)/atollic/truestudio for stm32 9.0.0/armtools/bin/../lib/gcc/arm-atollic-eabi/6.3.1/armv6-m\libgcc.a(_udivsi3.o)
 .ARM.attributes
                0x00000551       0x1e c:/program files (x86)/atollic/truestudio for stm32 9.0.0/armtools/bin/../lib/gcc/arm-atollic-eabi/6.3.1/armv6-m\libgcc.a(_divsi3.o)
 .ARM.attributes
                0x0000056f       0x1e c:/program files (x86)/atollic/truestudio for stm32 9.0.0/armtools/bin/../lib/gcc/arm-atollic-eabi/6.3.1/armv6-m\libgcc.a(_dvmd_tls.o)
 .ARM.attributes
                0x0000058d       0x2c c:/program files (x86)/atollic/truestudio for stm32 9.0.0/armtools/bin/../lib/gcc/arm-atollic-eabi/6.3.1/armv6-m\libgcc.a(_fixunsdfsi.o)
 .ARM.attributes
                0x000005b9       0x2c c:/program files (x86)/atollic/truestudio for stm32 9.0.0/armtools/bin/../lib/gcc/arm-atollic-eabi/6.3.1/armv6-m\libgcc.a(divdf3.o)
 .ARM.attributes
                0x000005e5       0x2c c:/program files (x86)/atollic/truestudio for stm32 9.0.0/armtools/bin/../lib/gcc/arm-atollic-eabi/6.3.1/armv6-m\libgcc.a(subdf3.o)
 .ARM.attributes
                0x00000611       0x2c c:/program files (x86)/atollic/truestudio for stm32 9.0.0/armtools/bin/../lib/gcc/arm-atollic-eabi/6.3.1/armv6-m\libgcc.a(fixdfsi.o)
 .ARM.attributes
                0x0000063d       0x2c c:/program files (x86)/atollic/truestudio for stm32 9.0.0/armtools/bin/../lib/gcc/arm-atollic-eabi/6.3.1/armv6-m\libgcc.a(floatunsidf.o)
 .ARM.attributes
                0x00000669       0x1e c:/program files (x86)/atollic/truestudio for stm32 9.0.0/armtools/bin/../lib/gcc/arm-atollic-eabi/6.3.1/armv6-m\libgcc.a(_arm_cmpdf2.o)
 .ARM.attributes
                0x00000687       0x1e c:/program files (x86)/atollic/truestudio for stm32 9.0.0/armtools/bin/../lib/gcc/arm-atollic-eabi/6.3.1/armv6-m\libgcc.a(_clzsi2.o)
 .ARM.attributes
                0x000006a5       0x2c c:/program files (x86)/atollic/truestudio for stm32 9.0.0/armtools/bin/../lib/gcc/arm-atollic-eabi/6.3.1/armv6-m\libgcc.a(eqdf2.o)
 .ARM.attributes
                0x000006d1       0x2c c:/program files (x86)/atollic/truestudio for stm32 9.0.0/armtools/bin/../lib/gcc/arm-atollic-eabi/6.3.1/armv6-m\libgcc.a(gedf2.o)
 .ARM.attributes
                0x000006fd       0x2c c:/program files (x86)/atollic/truestudio for stm32 9.0.0/armtools/bin/../lib/gcc/arm-atollic-eabi/6.3.1/armv6-m\libgcc.a(ledf2.o)
 .ARM.attributes
                0x00000729       0x2c c:/program files (x86)/atollic/truestudio for stm32 9.0.0/armtools/bin/../lib/gcc/arm-atollic-eabi/6.3.1/../../../../arm-atollic-eabi/lib/armv6-m\libnosys.a(sbrk.o)
 .ARM.attributes
                0x00000755       0x1e c:/program files (x86)/atollic/truestudio for stm32 9.0.0/armtools/bin/../lib/gcc/arm-atollic-eabi/6.3.1/armv6-m/crtn.o
OUTPUT(CAN2I2C.elf elf32-littlearm)

.debug_info     0x00000000    0x11585
 .debug_info    0x00000000      0xb88 Drivers\STM32F0xx_HAL_Driver\Src\stm32f0xx_can.o
 .debug_info    0x00000b88      0x5f6 Drivers\STM32F0xx_HAL_Driver\Src\stm32f0xx_gpio.o
 .debug_info    0x0000117e      0xbca Drivers\STM32F0xx_HAL_Driver\Src\stm32f0xx_i2c.o
 .debug_info    0x00001d48      0xa5f Drivers\STM32F0xx_HAL_Driver\Src\stm32f0xx_rcc.o
 .debug_info    0x000027a7      0xe5d Drivers\STM32F0xx_HAL_Driver\Src\stm32f0xx_usart.o
 .debug_info    0x00003604     0x14f0 src\can.o
 .debug_info    0x00004af4     0x1106 src\i2c_low.o
 .debug_info    0x00005bfa     0x11c0 src\main.o
 .debug_info    0x00006dba      0x752 src\rcc.o
 .debug_info    0x0000750c       0x88 src\startup_stm32f042x6.o
 .debug_info    0x00007594      0x11c src\stm32f0xx_it.o
 .debug_info    0x000076b0      0x308 src\system_stm32f0xx.o
 .debug_info    0x000079b8     0x14fd src\usart.o
 .debug_info    0x00008eb5     0x3360 src\vl53l0x_api.o
 .debug_info    0x0000c215     0x1cd3 src\vl53l0x_api_calibration.o
 .debug_info    0x0000dee8     0x21d4 src\vl53l0x_api_core.o
 .debug_info    0x000100bc     0x14c9 src\vl53l0x_platform.o

.debug_abbrev   0x00000000     0x212b
 .debug_abbrev  0x00000000      0x1f5 Drivers\STM32F0xx_HAL_Driver\Src\stm32f0xx_can.o
 .debug_abbrev  0x000001f5      0x198 Drivers\STM32F0xx_HAL_Driver\Src\stm32f0xx_gpio.o
 .debug_abbrev  0x0000038d      0x180 Drivers\STM32F0xx_HAL_Driver\Src\stm32f0xx_i2c.o
 .debug_abbrev  0x0000050d      0x201 Drivers\STM32F0xx_HAL_Driver\Src\stm32f0xx_rcc.o
 .debug_abbrev  0x0000070e      0x171 Drivers\STM32F0xx_HAL_Driver\Src\stm32f0xx_usart.o
 .debug_abbrev  0x0000087f      0x288 src\can.o
 .debug_abbrev  0x00000b07      0x274 src\i2c_low.o
 .debug_abbrev  0x00000d7b      0x23e src\main.o
 .debug_abbrev  0x00000fb9      0x227 src\rcc.o
 .debug_abbrev  0x000011e0       0x12 src\startup_stm32f042x6.o
 .debug_abbrev  0x000011f2       0x60 src\stm32f0xx_it.o
 .debug_abbrev  0x00001252      0x156 src\system_stm32f0xx.o
 .debug_abbrev  0x000013a8      0x343 src\usart.o
 .debug_abbrev  0x000016eb      0x2ab src\vl53l0x_api.o
 .debug_abbrev  0x00001996      0x286 src\vl53l0x_api_calibration.o
 .debug_abbrev  0x00001c1c      0x2a0 src\vl53l0x_api_core.o
 .debug_abbrev  0x00001ebc      0x26f src\vl53l0x_platform.o

.debug_aranges  0x00000000      0xd70
 .debug_aranges
                0x00000000       0xe0 Drivers\STM32F0xx_HAL_Driver\Src\stm32f0xx_can.o
 .debug_aranges
                0x000000e0       0x80 Drivers\STM32F0xx_HAL_Driver\Src\stm32f0xx_gpio.o
 .debug_aranges
                0x00000160      0x168 Drivers\STM32F0xx_HAL_Driver\Src\stm32f0xx_i2c.o
 .debug_aranges
                0x000002c8      0x160 Drivers\STM32F0xx_HAL_Driver\Src\stm32f0xx_rcc.o
 .debug_aranges
                0x00000428      0x1a0 Drivers\STM32F0xx_HAL_Driver\Src\stm32f0xx_usart.o
 .debug_aranges
                0x000005c8       0x40 src\can.o
 .debug_aranges
                0x00000608       0x60 src\i2c_low.o
 .debug_aranges
                0x00000668       0x28 src\main.o
 .debug_aranges
                0x00000690       0x50 src\rcc.o
 .debug_aranges
                0x000006e0       0x28 src\startup_stm32f042x6.o
 .debug_aranges
                0x00000708       0x58 src\stm32f0xx_it.o
 .debug_aranges
                0x00000760       0x30 src\system_stm32f0xx.o
 .debug_aranges
                0x00000790       0x78 src\usart.o
 .debug_aranges
                0x00000808      0x330 src\vl53l0x_api.o
 .debug_aranges
                0x00000b38       0xd0 src\vl53l0x_api_calibration.o
 .debug_aranges
                0x00000c08       0xe0 src\vl53l0x_api_core.o
 .debug_aranges
                0x00000ce8       0x88 src\vl53l0x_platform.o

.debug_ranges   0x00000000      0xc68
 .debug_ranges  0x00000000       0xd0 Drivers\STM32F0xx_HAL_Driver\Src\stm32f0xx_can.o
 .debug_ranges  0x000000d0       0x70 Drivers\STM32F0xx_HAL_Driver\Src\stm32f0xx_gpio.o
 .debug_ranges  0x00000140      0x158 Drivers\STM32F0xx_HAL_Driver\Src\stm32f0xx_i2c.o
 .debug_ranges  0x00000298      0x150 Drivers\STM32F0xx_HAL_Driver\Src\stm32f0xx_rcc.o
 .debug_ranges  0x000003e8      0x190 Drivers\STM32F0xx_HAL_Driver\Src\stm32f0xx_usart.o
 .debug_ranges  0x00000578       0x30 src\can.o
 .debug_ranges  0x000005a8       0x50 src\i2c_low.o
 .debug_ranges  0x000005f8       0x18 src\main.o
 .debug_ranges  0x00000610       0x40 src\rcc.o
 .debug_ranges  0x00000650       0x20 src\startup_stm32f042x6.o
 .debug_ranges  0x00000670       0x48 src\stm32f0xx_it.o
 .debug_ranges  0x000006b8       0x20 src\system_stm32f0xx.o
 .debug_ranges  0x000006d8       0x68 src\usart.o
 .debug_ranges  0x00000740      0x320 src\vl53l0x_api.o
 .debug_ranges  0x00000a60       0xc0 src\vl53l0x_api_calibration.o
 .debug_ranges  0x00000b20       0xd0 src\vl53l0x_api_core.o
 .debug_ranges  0x00000bf0       0x78 src\vl53l0x_platform.o

.debug_line     0x00000000     0x526b
 .debug_line    0x00000000      0x543 Drivers\STM32F0xx_HAL_Driver\Src\stm32f0xx_can.o
 .debug_line    0x00000543      0x319 Drivers\STM32F0xx_HAL_Driver\Src\stm32f0xx_gpio.o
 .debug_line    0x0000085c      0x55f Drivers\STM32F0xx_HAL_Driver\Src\stm32f0xx_i2c.o
 .debug_line    0x00000dbb      0x571 Drivers\STM32F0xx_HAL_Driver\Src\stm32f0xx_rcc.o
 .debug_line    0x0000132c      0x60f Drivers\STM32F0xx_HAL_Driver\Src\stm32f0xx_usart.o
 .debug_line    0x0000193b      0x42a src\can.o
 .debug_line    0x00001d65      0x450 src\i2c_low.o
 .debug_line    0x000021b5      0x2db src\main.o
 .debug_line    0x00002490      0x284 src\rcc.o
 .debug_line    0x00002714       0x91 src\startup_stm32f042x6.o
 .debug_line    0x000027a5      0x1f4 src\stm32f0xx_it.o
 .debug_line    0x00002999      0x1f6 src\system_stm32f0xx.o
 .debug_line    0x00002b8f      0x4f0 src\usart.o
 .debug_line    0x0000307f      0xdb4 src\vl53l0x_api.o
 .debug_line    0x00003e33      0x707 src\vl53l0x_api_calibration.o
 .debug_line    0x0000453a      0x902 src\vl53l0x_api_core.o
 .debug_line    0x00004e3c      0x42f src\vl53l0x_platform.o

.debug_str      0x00000000     0x5738
 .debug_str     0x00000000      0x6e7 Drivers\STM32F0xx_HAL_Driver\Src\stm32f0xx_can.o
                                0x789 (size before relaxing)
 .debug_str     0x000006e7      0x2f1 Drivers\STM32F0xx_HAL_Driver\Src\stm32f0xx_gpio.o
                                0x4f4 (size before relaxing)
 .debug_str     0x000009d8      0x47a Drivers\STM32F0xx_HAL_Driver\Src\stm32f0xx_i2c.o
                                0x6a2 (size before relaxing)
 .debug_str     0x00000e52      0x5a1 Drivers\STM32F0xx_HAL_Driver\Src\stm32f0xx_rcc.o
                                0x7f3 (size before relaxing)
 .debug_str     0x000013f3      0x6e0 Drivers\STM32F0xx_HAL_Driver\Src\stm32f0xx_usart.o
                                0x9e0 (size before relaxing)
 .debug_str     0x00001ad3      0x855 src\can.o
                                0xf27 (size before relaxing)
 .debug_str     0x00002328       0x93 src\i2c_low.o
                                0xafa (size before relaxing)
 .debug_str     0x000023bb      0x5f9 src\main.o
                                0xf89 (size before relaxing)
 .debug_str     0x000029b4      0x111 src\rcc.o
                                0x74e (size before relaxing)
 .debug_str     0x00002ac5       0x96 src\stm32f0xx_it.o
                                0x232 (size before relaxing)
 .debug_str     0x00002b5b       0x6b src\system_stm32f0xx.o
                                0x2d2 (size before relaxing)
 .debug_str     0x00002bc6      0x17b src\usart.o
                                0xe34 (size before relaxing)
 .debug_str     0x00002d41     0x13d2 src\vl53l0x_api.o
                               0x2315 (size before relaxing)
 .debug_str     0x00004113      0x763 src\vl53l0x_api_calibration.o
                               0x15e1 (size before relaxing)
 .debug_str     0x00004876      0xd47 src\vl53l0x_api_core.o
                               0x1c87 (size before relaxing)
 .debug_str     0x000055bd      0x17b src\vl53l0x_platform.o
                                0xfc3 (size before relaxing)

.comment        0x00000000       0x7c
 .comment       0x00000000       0x7c Drivers\STM32F0xx_HAL_Driver\Src\stm32f0xx_can.o
                                 0x7d (size before relaxing)
 .comment       0x0000007c       0x7d Drivers\STM32F0xx_HAL_Driver\Src\stm32f0xx_gpio.o
 .comment       0x0000007c       0x7d Drivers\STM32F0xx_HAL_Driver\Src\stm32f0xx_i2c.o
 .comment       0x0000007c       0x7d Drivers\STM32F0xx_HAL_Driver\Src\stm32f0xx_rcc.o
 .comment       0x0000007c       0x7d Drivers\STM32F0xx_HAL_Driver\Src\stm32f0xx_usart.o
 .comment       0x0000007c       0x7d src\can.o
 .comment       0x0000007c       0x7d src\i2c_low.o
 .comment       0x0000007c       0x7d src\main.o
 .comment       0x0000007c       0x7d src\rcc.o
 .comment       0x0000007c       0x7d src\stm32f0xx_it.o
 .comment       0x0000007c       0x7d src\system_stm32f0xx.o
 .comment       0x0000007c       0x7d src\usart.o
 .comment       0x0000007c       0x7d src\vl53l0x_api.o
 .comment       0x0000007c       0x7d src\vl53l0x_api_calibration.o
 .comment       0x0000007c       0x7d src\vl53l0x_api_core.o
 .comment       0x0000007c       0x7d src\vl53l0x_platform.o

.debug_frame    0x00000000     0x33b4
 .debug_frame   0x00000000      0x330 Drivers\STM32F0xx_HAL_Driver\Src\stm32f0xx_can.o
 .debug_frame   0x00000330      0x1b0 Drivers\STM32F0xx_HAL_Driver\Src\stm32f0xx_gpio.o
 .debug_frame   0x000004e0      0x550 Drivers\STM32F0xx_HAL_Driver\Src\stm32f0xx_i2c.o
 .debug_frame   0x00000a30      0x524 Drivers\STM32F0xx_HAL_Driver\Src\stm32f0xx_rcc.o
 .debug_frame   0x00000f54      0x630 Drivers\STM32F0xx_HAL_Driver\Src\stm32f0xx_usart.o
 .debug_frame   0x00001584       0xb0 src\can.o
 .debug_frame   0x00001634      0x12c src\i2c_low.o
 .debug_frame   0x00001760       0x50 src\main.o
 .debug_frame   0x000017b0       0xec src\rcc.o
 .debug_frame   0x0000189c       0xf0 src\stm32f0xx_it.o
 .debug_frame   0x0000198c       0x6c src\system_stm32f0xx.o
 .debug_frame   0x000019f8      0x190 src\usart.o
 .debug_frame   0x00001b88      0xc78 src\vl53l0x_api.o
 .debug_frame   0x00002800      0x300 src\vl53l0x_api_calibration.o
 .debug_frame   0x00002b00      0x338 src\vl53l0x_api_core.o
 .debug_frame   0x00002e38      0x1d0 src\vl53l0x_platform.o
 .debug_frame   0x00003008       0x2c c:/program files (x86)/atollic/truestudio for stm32 9.0.0/armtools/bin/../lib/gcc/arm-atollic-eabi/6.3.1/../../../../arm-atollic-eabi/lib/armv6-m\libc_nano.a(lib_a-init.o)
 .debug_frame   0x00003034       0x40 c:/program files (x86)/atollic/truestudio for stm32 9.0.0/armtools/bin/../lib/gcc/arm-atollic-eabi/6.3.1/../../../../arm-atollic-eabi/lib/armv6-m\libc_nano.a(lib_a-malloc.o)
 .debug_frame   0x00003074       0x28 c:/program files (x86)/atollic/truestudio for stm32 9.0.0/armtools/bin/../lib/gcc/arm-atollic-eabi/6.3.1/../../../../arm-atollic-eabi/lib/armv6-m\libc_nano.a(lib_a-memcpy-stub.o)
 .debug_frame   0x0000309c       0x20 c:/program files (x86)/atollic/truestudio for stm32 9.0.0/armtools/bin/../lib/gcc/arm-atollic-eabi/6.3.1/../../../../arm-atollic-eabi/lib/armv6-m\libc_nano.a(lib_a-memset.o)
 .debug_frame   0x000030bc       0x2c c:/program files (x86)/atollic/truestudio for stm32 9.0.0/armtools/bin/../lib/gcc/arm-atollic-eabi/6.3.1/../../../../arm-atollic-eabi/lib/armv6-m\libc_nano.a(lib_a-nano-freer.o)
 .debug_frame   0x000030e8       0x2c c:/program files (x86)/atollic/truestudio for stm32 9.0.0/armtools/bin/../lib/gcc/arm-atollic-eabi/6.3.1/../../../../arm-atollic-eabi/lib/armv6-m\libc_nano.a(lib_a-nano-mallocr.o)
 .debug_frame   0x00003114       0x2c c:/program files (x86)/atollic/truestudio for stm32 9.0.0/armtools/bin/../lib/gcc/arm-atollic-eabi/6.3.1/../../../../arm-atollic-eabi/lib/armv6-m\libc_nano.a(lib_a-sbrkr.o)
 .debug_frame   0x00003140       0x30 c:/program files (x86)/atollic/truestudio for stm32 9.0.0/armtools/bin/../lib/gcc/arm-atollic-eabi/6.3.1/../../../../arm-atollic-eabi/lib/armv6-m\libc_nano.a(lib_a-mlock.o)
 .debug_frame   0x00003170       0x48 c:/program files (x86)/atollic/truestudio for stm32 9.0.0/armtools/bin/../lib/gcc/arm-atollic-eabi/6.3.1/../../../../arm-atollic-eabi/lib/armv6-m\libc_nano.a(lib_a-reent.o)
 .debug_frame   0x000031b8       0x20 c:/program files (x86)/atollic/truestudio for stm32 9.0.0/armtools/bin/../lib/gcc/arm-atollic-eabi/6.3.1/armv6-m\libgcc.a(_udivsi3.o)
 .debug_frame   0x000031d8       0x20 c:/program files (x86)/atollic/truestudio for stm32 9.0.0/armtools/bin/../lib/gcc/arm-atollic-eabi/6.3.1/armv6-m\libgcc.a(_divsi3.o)
 .debug_frame   0x000031f8       0x2c c:/program files (x86)/atollic/truestudio for stm32 9.0.0/armtools/bin/../lib/gcc/arm-atollic-eabi/6.3.1/armv6-m\libgcc.a(_fixunsdfsi.o)
 .debug_frame   0x00003224       0x3c c:/program files (x86)/atollic/truestudio for stm32 9.0.0/armtools/bin/../lib/gcc/arm-atollic-eabi/6.3.1/armv6-m\libgcc.a(divdf3.o)
 .debug_frame   0x00003260       0x38 c:/program files (x86)/atollic/truestudio for stm32 9.0.0/armtools/bin/../lib/gcc/arm-atollic-eabi/6.3.1/armv6-m\libgcc.a(subdf3.o)
 .debug_frame   0x00003298       0x2c c:/program files (x86)/atollic/truestudio for stm32 9.0.0/armtools/bin/../lib/gcc/arm-atollic-eabi/6.3.1/armv6-m\libgcc.a(fixdfsi.o)
 .debug_frame   0x000032c4       0x28 c:/program files (x86)/atollic/truestudio for stm32 9.0.0/armtools/bin/../lib/gcc/arm-atollic-eabi/6.3.1/armv6-m\libgcc.a(floatunsidf.o)
 .debug_frame   0x000032ec       0x38 c:/program files (x86)/atollic/truestudio for stm32 9.0.0/armtools/bin/../lib/gcc/arm-atollic-eabi/6.3.1/armv6-m\libgcc.a(eqdf2.o)
 .debug_frame   0x00003324       0x38 c:/program files (x86)/atollic/truestudio for stm32 9.0.0/armtools/bin/../lib/gcc/arm-atollic-eabi/6.3.1/armv6-m\libgcc.a(gedf2.o)
 .debug_frame   0x0000335c       0x38 c:/program files (x86)/atollic/truestudio for stm32 9.0.0/armtools/bin/../lib/gcc/arm-atollic-eabi/6.3.1/armv6-m\libgcc.a(ledf2.o)
 .debug_frame   0x00003394       0x20 c:/program files (x86)/atollic/truestudio for stm32 9.0.0/armtools/bin/../lib/gcc/arm-atollic-eabi/6.3.1/../../../../arm-atollic-eabi/lib/armv6-m\libnosys.a(sbrk.o)

.stabstr        0x00000000       0x3f
 .stabstr       0x00000000       0x3f c:/program files (x86)/atollic/truestudio for stm32 9.0.0/armtools/bin/../lib/gcc/arm-atollic-eabi/6.3.1/../../../../arm-atollic-eabi/lib/armv6-m\libnosys.a(write.o)

Cross Reference Table

Symbol                                            File
ADC1_IRQHandler                                   src\startup_stm32f042x6.o
ADC_AnalogWatchdogCmd                             Drivers\STM32F0xx_HAL_Driver\Src\stm32f0xx_adc.o
ADC_AnalogWatchdogSingleChannelCmd                Drivers\STM32F0xx_HAL_Driver\Src\stm32f0xx_adc.o
ADC_AnalogWatchdogSingleChannelConfig             Drivers\STM32F0xx_HAL_Driver\Src\stm32f0xx_adc.o
ADC_AnalogWatchdogThresholdsConfig                Drivers\STM32F0xx_HAL_Driver\Src\stm32f0xx_adc.o
ADC_AutoPowerOffCmd                               Drivers\STM32F0xx_HAL_Driver\Src\stm32f0xx_adc.o
ADC_ChannelConfig                                 Drivers\STM32F0xx_HAL_Driver\Src\stm32f0xx_adc.o
ADC_ClearFlag                                     Drivers\STM32F0xx_HAL_Driver\Src\stm32f0xx_adc.o
ADC_ClearITPendingBit                             Drivers\STM32F0xx_HAL_Driver\Src\stm32f0xx_adc.o
ADC_ClockModeConfig                               Drivers\STM32F0xx_HAL_Driver\Src\stm32f0xx_adc.o
ADC_Cmd                                           Drivers\STM32F0xx_HAL_Driver\Src\stm32f0xx_adc.o
ADC_ContinuousModeCmd                             Drivers\STM32F0xx_HAL_Driver\Src\stm32f0xx_adc.o
ADC_DMACmd                                        Drivers\STM32F0xx_HAL_Driver\Src\stm32f0xx_adc.o
ADC_DMARequestModeConfig                          Drivers\STM32F0xx_HAL_Driver\Src\stm32f0xx_adc.o
ADC_DeInit                                        Drivers\STM32F0xx_HAL_Driver\Src\stm32f0xx_adc.o
ADC_DiscModeCmd                                   Drivers\STM32F0xx_HAL_Driver\Src\stm32f0xx_adc.o
ADC_GetCalibrationFactor                          Drivers\STM32F0xx_HAL_Driver\Src\stm32f0xx_adc.o
ADC_GetConversionValue                            Drivers\STM32F0xx_HAL_Driver\Src\stm32f0xx_adc.o
ADC_GetFlagStatus                                 Drivers\STM32F0xx_HAL_Driver\Src\stm32f0xx_adc.o
ADC_GetITStatus                                   Drivers\STM32F0xx_HAL_Driver\Src\stm32f0xx_adc.o
ADC_ITConfig                                      Drivers\STM32F0xx_HAL_Driver\Src\stm32f0xx_adc.o
ADC_Init                                          Drivers\STM32F0xx_HAL_Driver\Src\stm32f0xx_adc.o
ADC_JitterCmd                                     Drivers\STM32F0xx_HAL_Driver\Src\stm32f0xx_adc.o
ADC_OverrunModeCmd                                Drivers\STM32F0xx_HAL_Driver\Src\stm32f0xx_adc.o
ADC_StartOfConversion                             Drivers\STM32F0xx_HAL_Driver\Src\stm32f0xx_adc.o
ADC_StopOfConversion                              Drivers\STM32F0xx_HAL_Driver\Src\stm32f0xx_adc.o
ADC_StructInit                                    Drivers\STM32F0xx_HAL_Driver\Src\stm32f0xx_adc.o
ADC_TempSensorCmd                                 Drivers\STM32F0xx_HAL_Driver\Src\stm32f0xx_adc.o
ADC_VbatCmd                                       Drivers\STM32F0xx_HAL_Driver\Src\stm32f0xx_adc.o
ADC_VrefintCmd                                    Drivers\STM32F0xx_HAL_Driver\Src\stm32f0xx_adc.o
ADC_WaitModeCmd                                   Drivers\STM32F0xx_HAL_Driver\Src\stm32f0xx_adc.o
AHBPrescTable                                     src\system_stm32f0xx.o
BusFault_Handler                                  src\stm32f0xx_it.o
CAN_CancelTransmit                                Drivers\STM32F0xx_HAL_Driver\Src\stm32f0xx_can.o
CAN_ClearFlag                                     Drivers\STM32F0xx_HAL_Driver\Src\stm32f0xx_can.o
CAN_ClearITPendingBit                             Drivers\STM32F0xx_HAL_Driver\Src\stm32f0xx_can.o
CAN_DBGFreeze                                     Drivers\STM32F0xx_HAL_Driver\Src\stm32f0xx_can.o
CAN_DeInit                                        Drivers\STM32F0xx_HAL_Driver\Src\stm32f0xx_can.o
                                                  src\can.o
CAN_FIFORelease                                   Drivers\STM32F0xx_HAL_Driver\Src\stm32f0xx_can.o
CAN_FilterInit                                    Drivers\STM32F0xx_HAL_Driver\Src\stm32f0xx_can.o
                                                  src\can.o
CAN_GetFlagStatus                                 Drivers\STM32F0xx_HAL_Driver\Src\stm32f0xx_can.o
CAN_GetITStatus                                   Drivers\STM32F0xx_HAL_Driver\Src\stm32f0xx_can.o
CAN_GetLSBTransmitErrorCounter                    Drivers\STM32F0xx_HAL_Driver\Src\stm32f0xx_can.o
CAN_GetLastErrorCode                              Drivers\STM32F0xx_HAL_Driver\Src\stm32f0xx_can.o
CAN_GetReceiveErrorCounter                        Drivers\STM32F0xx_HAL_Driver\Src\stm32f0xx_can.o
CAN_ITConfig                                      Drivers\STM32F0xx_HAL_Driver\Src\stm32f0xx_can.o
                                                  src\can.o
CAN_Init                                          Drivers\STM32F0xx_HAL_Driver\Src\stm32f0xx_can.o
                                                  src\can.o
CAN_MessagePending                                Drivers\STM32F0xx_HAL_Driver\Src\stm32f0xx_can.o
                                                  src\can.o
CAN_OperatingModeRequest                          Drivers\STM32F0xx_HAL_Driver\Src\stm32f0xx_can.o
CAN_Receive                                       Drivers\STM32F0xx_HAL_Driver\Src\stm32f0xx_can.o
                                                  src\can.o
CAN_SlaveStartBank                                Drivers\STM32F0xx_HAL_Driver\Src\stm32f0xx_can.o
CAN_Sleep                                         Drivers\STM32F0xx_HAL_Driver\Src\stm32f0xx_can.o
CAN_StructInit                                    Drivers\STM32F0xx_HAL_Driver\Src\stm32f0xx_can.o
                                                  src\can.o
CAN_TTComModeCmd                                  Drivers\STM32F0xx_HAL_Driver\Src\stm32f0xx_can.o
CAN_Transmit                                      Drivers\STM32F0xx_HAL_Driver\Src\stm32f0xx_can.o
                                                  src\can.o
CAN_TransmitStatus                                Drivers\STM32F0xx_HAL_Driver\Src\stm32f0xx_can.o
                                                  src\can.o
CAN_WakeUp                                        Drivers\STM32F0xx_HAL_Driver\Src\stm32f0xx_can.o
CEC_CAN_IRQHandler                                src\can.o
CEC_ClearFlag                                     Drivers\STM32F0xx_HAL_Driver\Src\stm32f0xx_cec.o
CEC_ClearITPendingBit                             Drivers\STM32F0xx_HAL_Driver\Src\stm32f0xx_cec.o
CEC_Cmd                                           Drivers\STM32F0xx_HAL_Driver\Src\stm32f0xx_cec.o
CEC_DeInit                                        Drivers\STM32F0xx_HAL_Driver\Src\stm32f0xx_cec.o
CEC_EndOfMessage                                  Drivers\STM32F0xx_HAL_Driver\Src\stm32f0xx_cec.o
CEC_GetFlagStatus                                 Drivers\STM32F0xx_HAL_Driver\Src\stm32f0xx_cec.o
CEC_GetITStatus                                   Drivers\STM32F0xx_HAL_Driver\Src\stm32f0xx_cec.o
CEC_ITConfig                                      Drivers\STM32F0xx_HAL_Driver\Src\stm32f0xx_cec.o
CEC_Init                                          Drivers\STM32F0xx_HAL_Driver\Src\stm32f0xx_cec.o
CEC_ListenModeCmd                                 Drivers\STM32F0xx_HAL_Driver\Src\stm32f0xx_cec.o
CEC_OwnAddressClear                               Drivers\STM32F0xx_HAL_Driver\Src\stm32f0xx_cec.o
CEC_OwnAddressConfig                              Drivers\STM32F0xx_HAL_Driver\Src\stm32f0xx_cec.o
CEC_ReceiveData                                   Drivers\STM32F0xx_HAL_Driver\Src\stm32f0xx_cec.o
CEC_SendData                                      Drivers\STM32F0xx_HAL_Driver\Src\stm32f0xx_cec.o
CEC_StartOfMessage                                Drivers\STM32F0xx_HAL_Driver\Src\stm32f0xx_cec.o
CEC_StructInit                                    Drivers\STM32F0xx_HAL_Driver\Src\stm32f0xx_cec.o
COMP_Cmd                                          Drivers\STM32F0xx_HAL_Driver\Src\stm32f0xx_comp.o
COMP_DeInit                                       Drivers\STM32F0xx_HAL_Driver\Src\stm32f0xx_comp.o
COMP_GetOutputLevel                               Drivers\STM32F0xx_HAL_Driver\Src\stm32f0xx_comp.o
COMP_Init                                         Drivers\STM32F0xx_HAL_Driver\Src\stm32f0xx_comp.o
COMP_LockConfig                                   Drivers\STM32F0xx_HAL_Driver\Src\stm32f0xx_comp.o
COMP_StructInit                                   Drivers\STM32F0xx_HAL_Driver\Src\stm32f0xx_comp.o
COMP_SwitchCmd                                    Drivers\STM32F0xx_HAL_Driver\Src\stm32f0xx_comp.o
COMP_WindowCmd                                    Drivers\STM32F0xx_HAL_Driver\Src\stm32f0xx_comp.o
CRC_CalcBlockCRC                                  Drivers\STM32F0xx_HAL_Driver\Src\stm32f0xx_crc.o
CRC_CalcCRC                                       Drivers\STM32F0xx_HAL_Driver\Src\stm32f0xx_crc.o
CRC_CalcCRC16bits                                 Drivers\STM32F0xx_HAL_Driver\Src\stm32f0xx_crc.o
CRC_CalcCRC8bits                                  Drivers\STM32F0xx_HAL_Driver\Src\stm32f0xx_crc.o
CRC_DeInit                                        Drivers\STM32F0xx_HAL_Driver\Src\stm32f0xx_crc.o
CRC_GetCRC                                        Drivers\STM32F0xx_HAL_Driver\Src\stm32f0xx_crc.o
CRC_GetIDRegister                                 Drivers\STM32F0xx_HAL_Driver\Src\stm32f0xx_crc.o
CRC_PolynomialSizeSelect                          Drivers\STM32F0xx_HAL_Driver\Src\stm32f0xx_crc.o
CRC_ResetDR                                       Drivers\STM32F0xx_HAL_Driver\Src\stm32f0xx_crc.o
CRC_ReverseInputDataSelect                        Drivers\STM32F0xx_HAL_Driver\Src\stm32f0xx_crc.o
CRC_ReverseOutputDataCmd                          Drivers\STM32F0xx_HAL_Driver\Src\stm32f0xx_crc.o
CRC_SetIDRegister                                 Drivers\STM32F0xx_HAL_Driver\Src\stm32f0xx_crc.o
CRC_SetInitRegister                               Drivers\STM32F0xx_HAL_Driver\Src\stm32f0xx_crc.o
CRC_SetPolynomial                                 Drivers\STM32F0xx_HAL_Driver\Src\stm32f0xx_crc.o
CRS_AdjustHSI48CalibrationValue                   Drivers\STM32F0xx_HAL_Driver\Src\stm32f0xx_crs.o
CRS_AutomaticCalibrationCmd                       Drivers\STM32F0xx_HAL_Driver\Src\stm32f0xx_crs.o
CRS_ClearFlag                                     Drivers\STM32F0xx_HAL_Driver\Src\stm32f0xx_crs.o
CRS_ClearITPendingBit                             Drivers\STM32F0xx_HAL_Driver\Src\stm32f0xx_crs.o
CRS_DeInit                                        Drivers\STM32F0xx_HAL_Driver\Src\stm32f0xx_crs.o
CRS_FrequencyErrorCounterCmd                      Drivers\STM32F0xx_HAL_Driver\Src\stm32f0xx_crs.o
CRS_FrequencyErrorCounterReload                   Drivers\STM32F0xx_HAL_Driver\Src\stm32f0xx_crs.o
CRS_FrequencyErrorLimitConfig                     Drivers\STM32F0xx_HAL_Driver\Src\stm32f0xx_crs.o
CRS_GetFlagStatus                                 Drivers\STM32F0xx_HAL_Driver\Src\stm32f0xx_crs.o
CRS_GetFrequencyErrorDirection                    Drivers\STM32F0xx_HAL_Driver\Src\stm32f0xx_crs.o
CRS_GetFrequencyErrorValue                        Drivers\STM32F0xx_HAL_Driver\Src\stm32f0xx_crs.o
CRS_GetHSI48CalibrationValue                      Drivers\STM32F0xx_HAL_Driver\Src\stm32f0xx_crs.o
CRS_GetITStatus                                   Drivers\STM32F0xx_HAL_Driver\Src\stm32f0xx_crs.o
CRS_GetReloadValue                                Drivers\STM32F0xx_HAL_Driver\Src\stm32f0xx_crs.o
CRS_ITConfig                                      Drivers\STM32F0xx_HAL_Driver\Src\stm32f0xx_crs.o
CRS_SoftwareSynchronizationGenerate               Drivers\STM32F0xx_HAL_Driver\Src\stm32f0xx_crs.o
CRS_SynchronizationPolarityConfig                 Drivers\STM32F0xx_HAL_Driver\Src\stm32f0xx_crs.o
CRS_SynchronizationPrescalerConfig                Drivers\STM32F0xx_HAL_Driver\Src\stm32f0xx_crs.o
CRS_SynchronizationSourceConfig                   Drivers\STM32F0xx_HAL_Driver\Src\stm32f0xx_crs.o
DAC_ClearFlag                                     Drivers\STM32F0xx_HAL_Driver\Src\stm32f0xx_dac.o
DAC_ClearITPendingBit                             Drivers\STM32F0xx_HAL_Driver\Src\stm32f0xx_dac.o
DAC_Cmd                                           Drivers\STM32F0xx_HAL_Driver\Src\stm32f0xx_dac.o
DAC_DMACmd                                        Drivers\STM32F0xx_HAL_Driver\Src\stm32f0xx_dac.o
DAC_DeInit                                        Drivers\STM32F0xx_HAL_Driver\Src\stm32f0xx_dac.o
DAC_DualSoftwareTriggerCmd                        Drivers\STM32F0xx_HAL_Driver\Src\stm32f0xx_dac.o
DAC_GetDataOutputValue                            Drivers\STM32F0xx_HAL_Driver\Src\stm32f0xx_dac.o
DAC_GetFlagStatus                                 Drivers\STM32F0xx_HAL_Driver\Src\stm32f0xx_dac.o
DAC_GetITStatus                                   Drivers\STM32F0xx_HAL_Driver\Src\stm32f0xx_dac.o
DAC_ITConfig                                      Drivers\STM32F0xx_HAL_Driver\Src\stm32f0xx_dac.o
DAC_Init                                          Drivers\STM32F0xx_HAL_Driver\Src\stm32f0xx_dac.o
DAC_SetChannel1Data                               Drivers\STM32F0xx_HAL_Driver\Src\stm32f0xx_dac.o
DAC_SetChannel2Data                               Drivers\STM32F0xx_HAL_Driver\Src\stm32f0xx_dac.o
DAC_SetDualChannelData                            Drivers\STM32F0xx_HAL_Driver\Src\stm32f0xx_dac.o
DAC_SoftwareTriggerCmd                            Drivers\STM32F0xx_HAL_Driver\Src\stm32f0xx_dac.o
DAC_StructInit                                    Drivers\STM32F0xx_HAL_Driver\Src\stm32f0xx_dac.o
DAC_WaveGenerationCmd                             Drivers\STM32F0xx_HAL_Driver\Src\stm32f0xx_dac.o
DBGMCU_APB1PeriphConfig                           Drivers\STM32F0xx_HAL_Driver\Src\stm32f0xx_dbgmcu.o
DBGMCU_APB2PeriphConfig                           Drivers\STM32F0xx_HAL_Driver\Src\stm32f0xx_dbgmcu.o
DBGMCU_Config                                     Drivers\STM32F0xx_HAL_Driver\Src\stm32f0xx_dbgmcu.o
DBGMCU_GetDEVID                                   Drivers\STM32F0xx_HAL_Driver\Src\stm32f0xx_dbgmcu.o
DBGMCU_GetREVID                                   Drivers\STM32F0xx_HAL_Driver\Src\stm32f0xx_dbgmcu.o
DMA1_Channel1_IRQHandler                          src\startup_stm32f042x6.o
DMA1_Channel2_3_IRQHandler                        src\startup_stm32f042x6.o
DMA1_Channel4_5_IRQHandler                        src\startup_stm32f042x6.o
DMA_ClearFlag                                     Drivers\STM32F0xx_HAL_Driver\Src\stm32f0xx_dma.o
DMA_ClearITPendingBit                             Drivers\STM32F0xx_HAL_Driver\Src\stm32f0xx_dma.o
DMA_Cmd                                           Drivers\STM32F0xx_HAL_Driver\Src\stm32f0xx_dma.o
DMA_DeInit                                        Drivers\STM32F0xx_HAL_Driver\Src\stm32f0xx_dma.o
DMA_GetCurrDataCounter                            Drivers\STM32F0xx_HAL_Driver\Src\stm32f0xx_dma.o
DMA_GetFlagStatus                                 Drivers\STM32F0xx_HAL_Driver\Src\stm32f0xx_dma.o
DMA_GetITStatus                                   Drivers\STM32F0xx_HAL_Driver\Src\stm32f0xx_dma.o
DMA_ITConfig                                      Drivers\STM32F0xx_HAL_Driver\Src\stm32f0xx_dma.o
DMA_Init                                          Drivers\STM32F0xx_HAL_Driver\Src\stm32f0xx_dma.o
DMA_SetCurrDataCounter                            Drivers\STM32F0xx_HAL_Driver\Src\stm32f0xx_dma.o
DMA_StructInit                                    Drivers\STM32F0xx_HAL_Driver\Src\stm32f0xx_dma.o
DebugMon_Handler                                  src\stm32f0xx_it.o
DefaultTuningSettings                             src\vl53l0x_api.o
Default_Handler                                   src\startup_stm32f042x6.o
DelayMil                                          src\rcc.o
                                                  src\vl53l0x_platform.o
                                                  src\main.o
                                                  src\i2c_low.o
DelaySec                                          src\rcc.o
                                                  src\main.o
EXTI0_1_IRQHandler                                src\startup_stm32f042x6.o
EXTI2_3_IRQHandler                                src\startup_stm32f042x6.o
EXTI4_15_IRQHandler                               src\startup_stm32f042x6.o
EXTI_ClearFlag                                    Drivers\STM32F0xx_HAL_Driver\Src\stm32f0xx_exti.o
EXTI_ClearITPendingBit                            Drivers\STM32F0xx_HAL_Driver\Src\stm32f0xx_exti.o
EXTI_DeInit                                       Drivers\STM32F0xx_HAL_Driver\Src\stm32f0xx_exti.o
EXTI_GenerateSWInterrupt                          Drivers\STM32F0xx_HAL_Driver\Src\stm32f0xx_exti.o
EXTI_GetFlagStatus                                Drivers\STM32F0xx_HAL_Driver\Src\stm32f0xx_exti.o
EXTI_GetITStatus                                  Drivers\STM32F0xx_HAL_Driver\Src\stm32f0xx_exti.o
EXTI_Init                                         Drivers\STM32F0xx_HAL_Driver\Src\stm32f0xx_exti.o
EXTI_StructInit                                   Drivers\STM32F0xx_HAL_Driver\Src\stm32f0xx_exti.o
FLASH_ClearFlag                                   Drivers\STM32F0xx_HAL_Driver\Src\stm32f0xx_flash.o
FLASH_EraseAllPages                               Drivers\STM32F0xx_HAL_Driver\Src\stm32f0xx_flash.o
FLASH_ErasePage                                   Drivers\STM32F0xx_HAL_Driver\Src\stm32f0xx_flash.o
FLASH_GetFlagStatus                               Drivers\STM32F0xx_HAL_Driver\Src\stm32f0xx_flash.o
FLASH_GetPrefetchBufferStatus                     Drivers\STM32F0xx_HAL_Driver\Src\stm32f0xx_flash.o
FLASH_GetStatus                                   Drivers\STM32F0xx_HAL_Driver\Src\stm32f0xx_flash.o
FLASH_IRQHandler                                  src\startup_stm32f042x6.o
FLASH_ITConfig                                    Drivers\STM32F0xx_HAL_Driver\Src\stm32f0xx_flash.o
FLASH_Lock                                        Drivers\STM32F0xx_HAL_Driver\Src\stm32f0xx_flash.o
FLASH_OB_BOOT0Config                              Drivers\STM32F0xx_HAL_Driver\Src\stm32f0xx_flash.o
FLASH_OB_BOOT0SWConfig                            Drivers\STM32F0xx_HAL_Driver\Src\stm32f0xx_flash.o
FLASH_OB_BOOTConfig                               Drivers\STM32F0xx_HAL_Driver\Src\stm32f0xx_flash.o
FLASH_OB_EnableWRP                                Drivers\STM32F0xx_HAL_Driver\Src\stm32f0xx_flash.o
FLASH_OB_Erase                                    Drivers\STM32F0xx_HAL_Driver\Src\stm32f0xx_flash.o
FLASH_OB_GetRDP                                   Drivers\STM32F0xx_HAL_Driver\Src\stm32f0xx_flash.o
FLASH_OB_GetUser                                  Drivers\STM32F0xx_HAL_Driver\Src\stm32f0xx_flash.o
FLASH_OB_GetWRP                                   Drivers\STM32F0xx_HAL_Driver\Src\stm32f0xx_flash.o
FLASH_OB_Launch                                   Drivers\STM32F0xx_HAL_Driver\Src\stm32f0xx_flash.o
FLASH_OB_Lock                                     Drivers\STM32F0xx_HAL_Driver\Src\stm32f0xx_flash.o
FLASH_OB_ProgramData                              Drivers\STM32F0xx_HAL_Driver\Src\stm32f0xx_flash.o
FLASH_OB_RDPConfig                                Drivers\STM32F0xx_HAL_Driver\Src\stm32f0xx_flash.o
FLASH_OB_SRAMParityConfig                         Drivers\STM32F0xx_HAL_Driver\Src\stm32f0xx_flash.o
FLASH_OB_Unlock                                   Drivers\STM32F0xx_HAL_Driver\Src\stm32f0xx_flash.o
FLASH_OB_UserConfig                               Drivers\STM32F0xx_HAL_Driver\Src\stm32f0xx_flash.o
FLASH_OB_VDDAConfig                               Drivers\STM32F0xx_HAL_Driver\Src\stm32f0xx_flash.o
FLASH_OB_WriteUser                                Drivers\STM32F0xx_HAL_Driver\Src\stm32f0xx_flash.o
FLASH_PrefetchBufferCmd                           Drivers\STM32F0xx_HAL_Driver\Src\stm32f0xx_flash.o
FLASH_ProgramHalfWord                             Drivers\STM32F0xx_HAL_Driver\Src\stm32f0xx_flash.o
FLASH_ProgramWord                                 Drivers\STM32F0xx_HAL_Driver\Src\stm32f0xx_flash.o
FLASH_SetLatency                                  Drivers\STM32F0xx_HAL_Driver\Src\stm32f0xx_flash.o
FLASH_Unlock                                      Drivers\STM32F0xx_HAL_Driver\Src\stm32f0xx_flash.o
FLASH_WaitForLastOperation                        Drivers\STM32F0xx_HAL_Driver\Src\stm32f0xx_flash.o
GPIO_DeInit                                       Drivers\STM32F0xx_HAL_Driver\Src\stm32f0xx_gpio.o
GPIO_Init                                         Drivers\STM32F0xx_HAL_Driver\Src\stm32f0xx_gpio.o
                                                  src\usart.o
                                                  src\rcc.o
                                                  src\i2c_low.o
                                                  src\can.o
GPIO_PinAFConfig                                  Drivers\STM32F0xx_HAL_Driver\Src\stm32f0xx_gpio.o
                                                  src\usart.o
                                                  src\i2c_low.o
                                                  src\can.o
GPIO_PinLockConfig                                Drivers\STM32F0xx_HAL_Driver\Src\stm32f0xx_gpio.o
GPIO_ReadInputData                                Drivers\STM32F0xx_HAL_Driver\Src\stm32f0xx_gpio.o
GPIO_ReadInputDataBit                             Drivers\STM32F0xx_HAL_Driver\Src\stm32f0xx_gpio.o
GPIO_ReadOutputData                               Drivers\STM32F0xx_HAL_Driver\Src\stm32f0xx_gpio.o
GPIO_ReadOutputDataBit                            Drivers\STM32F0xx_HAL_Driver\Src\stm32f0xx_gpio.o
GPIO_ResetBits                                    Drivers\STM32F0xx_HAL_Driver\Src\stm32f0xx_gpio.o
                                                  src\usart.o
                                                  src\i2c_low.o
GPIO_SetBits                                      Drivers\STM32F0xx_HAL_Driver\Src\stm32f0xx_gpio.o
                                                  src\usart.o
                                                  src\i2c_low.o
GPIO_StructInit                                   Drivers\STM32F0xx_HAL_Driver\Src\stm32f0xx_gpio.o
                                                  src\rcc.o
GPIO_Write                                        Drivers\STM32F0xx_HAL_Driver\Src\stm32f0xx_gpio.o
GPIO_WriteBit                                     Drivers\STM32F0xx_HAL_Driver\Src\stm32f0xx_gpio.o
HardFault_Handler                                 src\stm32f0xx_it.o
                                                  src\startup_stm32f042x6.o
I2C1_IRQHandler                                   src\startup_stm32f042x6.o
I2C_10BitAddressHeaderCmd                         Drivers\STM32F0xx_HAL_Driver\Src\stm32f0xx_i2c.o
I2C_10BitAddressingModeCmd                        Drivers\STM32F0xx_HAL_Driver\Src\stm32f0xx_i2c.o
I2C_AcknowledgeConfig                             Drivers\STM32F0xx_HAL_Driver\Src\stm32f0xx_i2c.o
I2C_AutoEndCmd                                    Drivers\STM32F0xx_HAL_Driver\Src\stm32f0xx_i2c.o
I2C_CalculatePEC                                  Drivers\STM32F0xx_HAL_Driver\Src\stm32f0xx_i2c.o
I2C_ClearFlag                                     Drivers\STM32F0xx_HAL_Driver\Src\stm32f0xx_i2c.o
                                                  src\i2c_low.o
I2C_ClearITPendingBit                             Drivers\STM32F0xx_HAL_Driver\Src\stm32f0xx_i2c.o
I2C_ClockTimeoutCmd                               Drivers\STM32F0xx_HAL_Driver\Src\stm32f0xx_i2c.o
I2C_Cmd                                           Drivers\STM32F0xx_HAL_Driver\Src\stm32f0xx_i2c.o
                                                  src\i2c_low.o
I2C_DMACmd                                        Drivers\STM32F0xx_HAL_Driver\Src\stm32f0xx_i2c.o
I2C_DeInit                                        Drivers\STM32F0xx_HAL_Driver\Src\stm32f0xx_i2c.o
I2C_DualAddressCmd                                Drivers\STM32F0xx_HAL_Driver\Src\stm32f0xx_i2c.o
I2C_ExtendedClockTimeoutCmd                       Drivers\STM32F0xx_HAL_Driver\Src\stm32f0xx_i2c.o
I2C_GeneralCallCmd                                Drivers\STM32F0xx_HAL_Driver\Src\stm32f0xx_i2c.o
I2C_GenerateSTART                                 Drivers\STM32F0xx_HAL_Driver\Src\stm32f0xx_i2c.o
I2C_GenerateSTOP                                  Drivers\STM32F0xx_HAL_Driver\Src\stm32f0xx_i2c.o
I2C_GetAddressMatched                             Drivers\STM32F0xx_HAL_Driver\Src\stm32f0xx_i2c.o
I2C_GetFlagStatus                                 Drivers\STM32F0xx_HAL_Driver\Src\stm32f0xx_i2c.o
                                                  src\i2c_low.o
I2C_GetITStatus                                   Drivers\STM32F0xx_HAL_Driver\Src\stm32f0xx_i2c.o
I2C_GetPEC                                        Drivers\STM32F0xx_HAL_Driver\Src\stm32f0xx_i2c.o
I2C_GetTransferDirection                          Drivers\STM32F0xx_HAL_Driver\Src\stm32f0xx_i2c.o
I2C_ITConfig                                      Drivers\STM32F0xx_HAL_Driver\Src\stm32f0xx_i2c.o
I2C_IdleClockTimeoutCmd                           Drivers\STM32F0xx_HAL_Driver\Src\stm32f0xx_i2c.o
I2C_Init                                          Drivers\STM32F0xx_HAL_Driver\Src\stm32f0xx_i2c.o
                                                  src\i2c_low.o
I2C_MasterRequestConfig                           Drivers\STM32F0xx_HAL_Driver\Src\stm32f0xx_i2c.o
I2C_NumberOfBytesConfig                           Drivers\STM32F0xx_HAL_Driver\Src\stm32f0xx_i2c.o
I2C_OwnAddress2Config                             Drivers\STM32F0xx_HAL_Driver\Src\stm32f0xx_i2c.o
I2C_PECRequestCmd                                 Drivers\STM32F0xx_HAL_Driver\Src\stm32f0xx_i2c.o
I2C_RdReg                                         src\i2c_low.o
                                                  src\i2c.o
I2C_RdRegLW                                       src\i2c_low.o
                                                  src\vl53l0x_platform.o
                                                  src\can.o
I2C_ReadRegister                                  Drivers\STM32F0xx_HAL_Driver\Src\stm32f0xx_i2c.o
I2C_ReceiveData                                   Drivers\STM32F0xx_HAL_Driver\Src\stm32f0xx_i2c.o
                                                  src\i2c_low.o
I2C_ReloadCmd                                     Drivers\STM32F0xx_HAL_Driver\Src\stm32f0xx_i2c.o
I2C_SMBusAlertCmd                                 Drivers\STM32F0xx_HAL_Driver\Src\stm32f0xx_i2c.o
I2C_SendData                                      Drivers\STM32F0xx_HAL_Driver\Src\stm32f0xx_i2c.o
                                                  src\i2c_low.o
I2C_SlaveAddressConfig                            Drivers\STM32F0xx_HAL_Driver\Src\stm32f0xx_i2c.o
I2C_SlaveByteControlCmd                           Drivers\STM32F0xx_HAL_Driver\Src\stm32f0xx_i2c.o
I2C_SoftwareResetCmd                              Drivers\STM32F0xx_HAL_Driver\Src\stm32f0xx_i2c.o
I2C_StopModeCmd                                   Drivers\STM32F0xx_HAL_Driver\Src\stm32f0xx_i2c.o
I2C_StretchClockCmd                               Drivers\STM32F0xx_HAL_Driver\Src\stm32f0xx_i2c.o
I2C_StructInit                                    Drivers\STM32F0xx_HAL_Driver\Src\stm32f0xx_i2c.o
I2C_TimeoutAConfig                                Drivers\STM32F0xx_HAL_Driver\Src\stm32f0xx_i2c.o
I2C_TimeoutBConfig                                Drivers\STM32F0xx_HAL_Driver\Src\stm32f0xx_i2c.o
I2C_TransferHandling                              Drivers\STM32F0xx_HAL_Driver\Src\stm32f0xx_i2c.o
                                                  src\i2c_low.o
I2C_WrReg                                         src\i2c_low.o
                                                  src\vl53l0x_platform.o
                                                  src\i2c.o
                                                  src\can.o
I2C_listDev                                       src\i2c_low.o
                                                  src\i2c.o
I2S_Cmd                                           Drivers\STM32F0xx_HAL_Driver\Src\stm32f0xx_spi.o
I2S_Init                                          Drivers\STM32F0xx_HAL_Driver\Src\stm32f0xx_spi.o
I2S_StructInit                                    Drivers\STM32F0xx_HAL_Driver\Src\stm32f0xx_spi.o
IWDG_Enable                                       Drivers\STM32F0xx_HAL_Driver\Src\stm32f0xx_iwdg.o
IWDG_GetFlagStatus                                Drivers\STM32F0xx_HAL_Driver\Src\stm32f0xx_iwdg.o
IWDG_ReloadCounter                                Drivers\STM32F0xx_HAL_Driver\Src\stm32f0xx_iwdg.o
IWDG_SetPrescaler                                 Drivers\STM32F0xx_HAL_Driver\Src\stm32f0xx_iwdg.o
IWDG_SetReload                                    Drivers\STM32F0xx_HAL_Driver\Src\stm32f0xx_iwdg.o
IWDG_SetWindowValue                               Drivers\STM32F0xx_HAL_Driver\Src\stm32f0xx_iwdg.o
IWDG_WriteAccessCmd                               Drivers\STM32F0xx_HAL_Driver\Src\stm32f0xx_iwdg.o
InterruptThresholdSettings                        src\vl53l0x_api.o
MemManage_Handler                                 src\stm32f0xx_it.o
Milliseconds                                      src\rcc.o
NMI_Handler                                       src\stm32f0xx_it.o
                                                  src\startup_stm32f042x6.o
NVIC_Init                                         Drivers\STM32F0xx_HAL_Driver\Src\stm32f0xx_misc.o
                                                  src\usart.o
                                                  src\can.o
NVIC_SystemLPConfig                               Drivers\STM32F0xx_HAL_Driver\Src\stm32f0xx_misc.o
PVD_VDDIO2_IRQHandler                             src\startup_stm32f042x6.o
PWR_BackupAccessCmd                               Drivers\STM32F0xx_HAL_Driver\Src\stm32f0xx_pwr.o
PWR_ClearFlag                                     Drivers\STM32F0xx_HAL_Driver\Src\stm32f0xx_pwr.o
PWR_DeInit                                        Drivers\STM32F0xx_HAL_Driver\Src\stm32f0xx_pwr.o
PWR_EnterSTANDBYMode                              Drivers\STM32F0xx_HAL_Driver\Src\stm32f0xx_pwr.o
PWR_EnterSTOPMode                                 Drivers\STM32F0xx_HAL_Driver\Src\stm32f0xx_pwr.o
PWR_EnterSleepMode                                Drivers\STM32F0xx_HAL_Driver\Src\stm32f0xx_pwr.o
PWR_GetFlagStatus                                 Drivers\STM32F0xx_HAL_Driver\Src\stm32f0xx_pwr.o