stm32f0xx_usart.c:174:6:USART_DeInit	16	static
stm32f0xx_usart.c:214:6:USART_Init	64	static
stm32f0xx_usart.c:327:6:USART_StructInit	16	static
stm32f0xx_usart.c:349:6:USART_ClockInit	24	static
stm32f0xx_usart.c:379:6:USART_ClockStructInit	16	static
stm32f0xx_usart.c:397:6:USART_Cmd	16	static
stm32f0xx_usart.c:428:6:USART_DirectionModeCmd	24	static
stm32f0xx_usart.c:460:6:USART_OverSampling8Cmd	16	static
stm32f0xx_usart.c:488:6:USART_OneBitMethodCmd	16	static
stm32f0xx_usart.c:518:6:USART_MSBFirstCmd	16	static
stm32f0xx_usart.c:552:6:USART_DataInvCmd	16	static
stm32f0xx_usart.c:588:6:USART_InvPinCmd	24	static
stm32f0xx_usart.c:621:6:USART_SWAPPinCmd	16	static
stm32f0xx_usart.c:646:6:USART_ReceiverTimeOutCmd	16	static
stm32f0xx_usart.c:673:6:USART_SetReceiverTimeOut	16	static
stm32f0xx_usart.c:696:6:USART_SetPrescaler	16	static
stm32f0xx_usart.c:744:6:USART_STOPModeCmd	16	static
stm32f0xx_usart.c:777:6:USART_StopModeWakeUpSourceConfig	16	static
stm32f0xx_usart.c:828:6:USART_AutoBaudRateCmd	16	static
stm32f0xx_usart.c:859:6:USART_AutoBaudRateConfig	16	static
stm32f0xx_usart.c:903:6:USART_SendData	16	static
stm32f0xx_usart.c:920:10:USART_ReceiveData	16	static
stm32f0xx_usart.c:971:6:USART_SetAddress	16	static
stm32f0xx_usart.c:991:6:USART_MuteModeCmd	16	static
stm32f0xx_usart.c:1020:6:USART_MuteModeWakeUpConfig	16	static
stm32f0xx_usart.c:1041:6:USART_AddressDetectionConfig	16	static
stm32f0xx_usart.c:1106:6:USART_LINBreakDetectLengthConfig	16	static
stm32f0xx_usart.c:1125:6:USART_LINCmd	16	static
stm32f0xx_usart.c:1183:6:USART_HalfDuplexCmd	16	static
stm32f0xx_usart.c:1265:6:USART_SetGuardTime	16	static
stm32f0xx_usart.c:1285:6:USART_SmartCardCmd	16	static
stm32f0xx_usart.c:1311:6:USART_SmartCardNACKCmd	16	static
stm32f0xx_usart.c:1336:6:USART_SetAutoRetryCount	16	static
stm32f0xx_usart.c:1355:6:USART_SetBlockLength	16	static
stm32f0xx_usart.c:1419:6:USART_IrDAConfig	16	static
stm32f0xx_usart.c:1438:6:USART_IrDACmd	16	static
stm32f0xx_usart.c:1497:6:USART_DECmd	16	static
stm32f0xx_usart.c:1525:6:USART_DEPolarityConfig	16	static
stm32f0xx_usart.c:1544:6:USART_SetDEAssertionTime	16	static
stm32f0xx_usart.c:1565:6:USART_SetDEDeassertionTime	16	static
stm32f0xx_usart.c:1613:6:USART_DMACmd	24	static
stm32f0xx_usart.c:1647:6:USART_DMAReceptionErrorConfig	16	static
stm32f0xx_usart.c:1781:6:USART_ITConfig	40	static
stm32f0xx_usart.c:1836:6:USART_RequestCmd	24	static
stm32f0xx_usart.c:1870:6:USART_OverrunDetectionConfig	16	static
stm32f0xx_usart.c:1913:12:USART_GetFlagStatus	24	static
stm32f0xx_usart.c:1963:6:USART_ClearFlag	16	static
stm32f0xx_usart.c:1995:10:USART_GetITStatus	32	static
stm32f0xx_usart.c:2068:6:USART_ClearITPendingBit	24	static
