Archive member included to satisfy reference by file (symbol)

c:/program files (x86)/atollic/truestudio for stm32 9.0.0/armtools/bin/../lib/gcc/arm-atollic-eabi/6.3.1/../../../../arm-atollic-eabi/lib/armv6-m\libc_nano.a(lib_a-init.o)
                              src\startup_stm32f042x6.o (__libc_init_array)
c:/program files (x86)/atollic/truestudio for stm32 9.0.0/armtools/bin/../lib/gcc/arm-atollic-eabi/6.3.1/../../../../arm-atollic-eabi/lib/armv6-m\libc_nano.a(lib_a-malloc.o)
                              src\vl53l0x_platform.o (malloc)
c:/program files (x86)/atollic/truestudio for stm32 9.0.0/armtools/bin/../lib/gcc/arm-atollic-eabi/6.3.1/../../../../arm-atollic-eabi/lib/armv6-m\libc_nano.a(lib_a-memcpy-stub.o)
                              src\vl53l0x_api.o (memcpy)
c:/program files (x86)/atollic/truestudio for stm32 9.0.0/armtools/bin/../lib/gcc/arm-atollic-eabi/6.3.1/../../../../arm-atollic-eabi/lib/armv6-m\libc_nano.a(lib_a-memset.o)
                              src\vl53l0x_api.o (memset)
c:/program files (x86)/atollic/truestudio for stm32 9.0.0/armtools/bin/../lib/gcc/arm-atollic-eabi/6.3.1/../../../../arm-atollic-eabi/lib/armv6-m\libc_nano.a(lib_a-nano-freer.o)
                              c:/program files (x86)/atollic/truestudio for stm32 9.0.0/armtools/bin/../lib/gcc/arm-atollic-eabi/6.3.1/../../../../arm-atollic-eabi/lib/armv6-m\libc_nano.a(lib_a-malloc.o) (_free_r)
c:/program files (x86)/atollic/truestudio for stm32 9.0.0/armtools/bin/../lib/gcc/arm-atollic-eabi/6.3.1/../../../../arm-atollic-eabi/lib/armv6-m\libc_nano.a(lib_a-nano-mallocr.o)
                              c:/program files (x86)/atollic/truestudio for stm32 9.0.0/armtools/bin/../lib/gcc/arm-atollic-eabi/6.3.1/../../../../arm-atollic-eabi/lib/armv6-m\libc_nano.a(lib_a-malloc.o) (_malloc_r)
c:/program files (x86)/atollic/truestudio for stm32 9.0.0/armtools/bin/../lib/gcc/arm-atollic-eabi/6.3.1/../../../../arm-atollic-eabi/lib/armv6-m\libc_nano.a(lib_a-sbrkr.o)
                              c:/program files (x86)/atollic/truestudio for stm32 9.0.0/armtools/bin/../lib/gcc/arm-atollic-eabi/6.3.1/../../../../arm-atollic-eabi/lib/armv6-m\libc_nano.a(lib_a-nano-mallocr.o) (_sbrk_r)
c:/program files (x86)/atollic/truestudio for stm32 9.0.0/armtools/bin/../lib/gcc/arm-atollic-eabi/6.3.1/../../../../arm-atollic-eabi/lib/armv6-m\libc_nano.a(lib_a-strcmp.o)
                              src\usart.o (strcmp)
c:/program files (x86)/atollic/truestudio for stm32 9.0.0/armtools/bin/../lib/gcc/arm-atollic-eabi/6.3.1/../../../../arm-atollic-eabi/lib/armv6-m\libc_nano.a(lib_a-strcpy.o)
                              src\vl53l0x_api_strings.o (strcpy)
c:/program files (x86)/atollic/truestudio for stm32 9.0.0/armtools/bin/../lib/gcc/arm-atollic-eabi/6.3.1/../../../../arm-atollic-eabi/lib/armv6-m\libc_nano.a(lib_a-strlen.o)
                              src\tiny_printf.o (strlen)
c:/program files (x86)/atollic/truestudio for stm32 9.0.0/armtools/bin/../lib/gcc/arm-atollic-eabi/6.3.1/../../../../arm-atollic-eabi/lib/armv6-m\libc_nano.a(lib_a-strsep.o)
                              src\usart.o (strsep)
c:/program files (x86)/atollic/truestudio for stm32 9.0.0/armtools/bin/../lib/gcc/arm-atollic-eabi/6.3.1/../../../../arm-atollic-eabi/lib/armv6-m\libc_nano.a(lib_a-strtok_r.o)
                              c:/program files (x86)/atollic/truestudio for stm32 9.0.0/armtools/bin/../lib/gcc/arm-atollic-eabi/6.3.1/../../../../arm-atollic-eabi/lib/armv6-m\libc_nano.a(lib_a-strsep.o) (__strtok_r)
c:/program files (x86)/atollic/truestudio for stm32 9.0.0/armtools/bin/../lib/gcc/arm-atollic-eabi/6.3.1/../../../../arm-atollic-eabi/lib/armv6-m\libc_nano.a(lib_a-impure.o)
                              c:/program files (x86)/atollic/truestudio for stm32 9.0.0/armtools/bin/../lib/gcc/arm-atollic-eabi/6.3.1/../../../../arm-atollic-eabi/lib/armv6-m\libc_nano.a(lib_a-malloc.o) (_impure_ptr)
c:/program files (x86)/atollic/truestudio for stm32 9.0.0/armtools/bin/../lib/gcc/arm-atollic-eabi/6.3.1/../../../../arm-atollic-eabi/lib/armv6-m\libc_nano.a(lib_a-mlock.o)
                              c:/program files (x86)/atollic/truestudio for stm32 9.0.0/armtools/bin/../lib/gcc/arm-atollic-eabi/6.3.1/../../../../arm-atollic-eabi/lib/armv6-m\libc_nano.a(lib_a-nano-freer.o) (__malloc_lock)
c:/program files (x86)/atollic/truestudio for stm32 9.0.0/armtools/bin/../lib/gcc/arm-atollic-eabi/6.3.1/../../../../arm-atollic-eabi/lib/armv6-m\libc_nano.a(lib_a-reent.o)
                              c:/program files (x86)/atollic/truestudio for stm32 9.0.0/armtools/bin/../lib/gcc/arm-atollic-eabi/6.3.1/../../../../arm-atollic-eabi/lib/armv6-m\libc_nano.a(lib_a-sbrkr.o) (errno)
c:/program files (x86)/atollic/truestudio for stm32 9.0.0/armtools/bin/../lib/gcc/arm-atollic-eabi/6.3.1/armv6-m\libgcc.a(_thumb1_case_uqi.o)
                              Drivers\STM32F0xx_HAL_Driver\Src\stm32f0xx_rcc.o (__gnu_thumb1_case_uqi)
[...]
Memory Configuration

Name             Origin             Length             Attributes
FLASH            0x08000000         0x00008000         xr
RAM              0x20000000         0x00001800         xrw
MEMORY_B1        0x60000000         0x00000000         xr
*default*        0x00000000         0xffffffff

Linker script and memory map

LOAD c:/program files (x86)/atollic/truestudio for stm32 9.0.0/armtools/bin/../lib/gcc/arm-atollic-eabi/6.3.1/armv6-m/crti.o
LOAD c:/program files (x86)/atollic/truestudio for stm32 9.0.0/armtools/bin/../lib/gcc/arm-atollic-eabi/6.3.1/armv6-m/crtbegin.o
LOAD Drivers\STM32F0xx_HAL_Driver\Src\stm32f0xx_adc.o
LOAD Drivers\STM32F0xx_HAL_Driver\Src\stm32f0xx_can.o
LOAD Drivers\STM32F0xx_HAL_Driver\Src\stm32f0xx_cec.o
LOAD Drivers\STM32F0xx_HAL_Driver\Src\stm32f0xx_comp.o
LOAD Drivers\STM32F0xx_HAL_Driver\Src\stm32f0xx_crc.o
LOAD Drivers\STM32F0xx_HAL_Driver\Src\stm32f0xx_crs.o
LOAD Drivers\STM32F0xx_HAL_Driver\Src\stm32f0xx_dac.o
LOAD Drivers\STM32F0xx_HAL_Driver\Src\stm32f0xx_dbgmcu.o
LOAD Drivers\STM32F0xx_HAL_Driver\Src\stm32f0xx_dma.o
LOAD Drivers\STM32F0xx_HAL_Driver\Src\stm32f0xx_exti.o
LOAD Drivers\STM32F0xx_HAL_Driver\Src\stm32f0xx_flash.o
LOAD Drivers\STM32F0xx_HAL_Driver\Src\stm32f0xx_gpio.o
LOAD Drivers\STM32F0xx_HAL_Driver\Src\stm32f0xx_i2c.o
LOAD Drivers\STM32F0xx_HAL_Driver\Src\stm32f0xx_iwdg.o
LOAD Drivers\STM32F0xx_HAL_Driver\Src\stm32f0xx_misc.o
LOAD Drivers\STM32F0xx_HAL_Driver\Src\stm32f0xx_pwr.o
LOAD Drivers\STM32F0xx_HAL_Driver\Src\stm32f0xx_rcc.o
LOAD Drivers\STM32F0xx_HAL_Driver\Src\stm32f0xx_rtc.o
LOAD Drivers\STM32F0xx_HAL_Driver\Src\stm32f0xx_spi.o
LOAD Drivers\STM32F0xx_HAL_Driver\Src\stm32f0xx_syscfg.o
LOAD Drivers\STM32F0xx_HAL_Driver\Src\stm32f0xx_tim.o
LOAD Drivers\STM32F0xx_HAL_Driver\Src\stm32f0xx_usart.o
LOAD Drivers\STM32F0xx_HAL_Driver\Src\stm32f0xx_wwdg.o
LOAD src\can.o
LOAD src\i2c.o
LOAD src\i2c_low.o
LOAD src\main.o
LOAD src\rcc.o
LOAD src\startup_stm32f042x6.o
LOAD src\stm32f0xx_it.o
LOAD src\system_stm32f0xx.o
LOAD src\tiny_printf.o
LOAD src\usart.o
LOAD src\vl53l0x_api.o
LOAD src\vl53l0x_api_calibration.o
LOAD src\vl53l0x_api_core.o
LOAD src\vl53l0x_api_ranging.o
LOAD src\vl53l0x_api_strings.o
LOAD src\vl53l0x_platform.o
                0x00000080                malloc_getpagesize_P = 0x80
START GROUP
LOAD c:/program files (x86)/atollic/truestudio for stm32 9.0.0/armtools/bin/../lib/gcc/arm-atollic-eabi/6.3.1/../../../../arm-atollic-eabi/lib/armv6-m\libc_nano.a
LOAD c:/program files (x86)/atollic/truestudio for stm32 9.0.0/armtools/bin/../lib/gcc/arm-atollic-eabi/6.3.1/../../../../arm-atollic-eabi/lib/armv6-m\libm.a
END GROUP
START GROUP
LOAD c:/program files (x86)/atollic/truestudio for stm32 9.0.0/armtools/bin/../lib/gcc/arm-atollic-eabi/6.3.1/armv6-m\libgcc.a
LOAD c:/program files (x86)/atollic/truestudio for stm32 9.0.0/armtools/bin/../lib/gcc/arm-atollic-eabi/6.3.1/../../../../arm-atollic-eabi/lib/armv6-m\libc_nano.a
END GROUP
START GROUP
LOAD c:/program files (x86)/atollic/truestudio for stm32 9.0.0/armtools/bin/../lib/gcc/arm-atollic-eabi/6.3.1/armv6-m\libgcc.a
LOAD c:/program files (x86)/atollic/truestudio for stm32 9.0.0/armtools/bin/../lib/gcc/arm-atollic-eabi/6.3.1/../../../../arm-atollic-eabi/lib/armv6-m\libc_nano.a
LOAD c:/program files (x86)/atollic/truestudio for stm32 9.0.0/armtools/bin/../lib/gcc/arm-atollic-eabi/6.3.1/../../../../arm-atollic-eabi/lib/armv6-m\libnosys.a
END GROUP
START GROUP
LOAD c:/program files (x86)/atollic/truestudio for stm32 9.0.0/armtools/bin/../lib/gcc/arm-atollic-eabi/6.3.1/armv6-m\libgcc.a
LOAD c:/program files (x86)/atollic/truestudio for stm32 9.0.0/armtools/bin/../lib/gcc/arm-atollic-eabi/6.3.1/../../../../arm-atollic-eabi/lib/armv6-m\libc_nano.a
LOAD c:/program files (x86)/atollic/truestudio for stm32 9.0.0/armtools/bin/../lib/gcc/arm-atollic-eabi/6.3.1/../../../../arm-atollic-eabi/lib/armv6-m\libnosys.a
END GROUP
LOAD c:/program files (x86)/atollic/truestudio for stm32 9.0.0/armtools/bin/../lib/gcc/arm-atollic-eabi/6.3.1/armv6-m/crtend.o
LOAD c:/program files (x86)/atollic/truestudio for stm32 9.0.0/armtools/bin/../lib/gcc/arm-atollic-eabi/6.3.1/armv6-m/crtn.o
                0x20001800                _estack = 0x20001800
                0x00000000                _Min_Heap_Size = 0x0
                0x00000080                _Min_Stack_Size = 0x80

.isr_vector     0x08000000       0xc0
                0x08000000                . = ALIGN (0x4)
 *(.isr_vector)
 .isr_vector    0x08000000       0xc0 src\startup_stm32f042x6.o
                0x08000000                g_pfnVectors
                0x080000c0                . = ALIGN (0x4)

.text           0x080000c0     0x4a14
                0x080000c0                . = ALIGN (0x4)
 *(.text)
 .text          0x080000c0       0x48 c:/program files (x86)/atollic/truestudio for stm32 9.0.0/armtools/bin/../lib/gcc/arm-atollic-eabi/6.3.1/armv6-m/crtbegin.o
 .text          0x08000108       0x14 c:/program files (x86)/atollic/truestudio for stm32 9.0.0/armtools/bin/../lib/gcc/arm-atollic-eabi/6.3.1/armv6-m\libgcc.a(_thumb1_case_uqi.o)
                0x08000108                __gnu_thumb1_case_uqi
 .text          0x0800011c      0x114 c:/program files (x86)/atollic/truestudio for stm32 9.0.0/armtools/bin/../lib/gcc/arm-atollic-eabi/6.3.1/armv6-m\libgcc.a(_udivsi3.o)
                0x0800011c                __aeabi_uidiv
                0x0800011c                __udivsi3
                0x08000228                __aeabi_uidivmod
 .text          0x08000230      0x1d4 c:/program files (x86)/atollic/truestudio for stm32 9.0.0/armtools/bin/../lib/gcc/arm-atollic-eabi/6.3.1/armv6-m\libgcc.a(_divsi3.o)
                0x08000230                __divsi3
                0x08000230                __aeabi_idiv
                0x080003fc                __aeabi_idivmod
 .text          0x08000404        0x4 c:/program files (x86)/atollic/truestudio for stm32 9.0.0/armtools/bin/../lib/gcc/arm-atollic-eabi/6.3.1/armv6-m\libgcc.a(_dvmd_tls.o)
                0x08000404                __aeabi_idiv0
                0x08000404                __aeabi_ldiv0
 .text          0x08000408       0x3c c:/program files (x86)/atollic/truestudio for stm32 9.0.0/armtools/bin/../lib/gcc/arm-atollic-eabi/6.3.1/armv6-m\libgcc.a(_fixunsdfsi.o)
                0x08000408                __aeabi_d2uiz
                0x08000408                __fixunsdfsi
 .text          0x08000444      0x668 c:/program files (x86)/atollic/truestudio for stm32 9.0.0/armtools/bin/../lib/gcc/arm-atollic-eabi/6.3.1/armv6-m\libgcc.a(divdf3.o)
                0x08000444                __aeabi_ddiv
 .text          0x08000aac      0x62c c:/program files (x86)/atollic/truestudio for stm32 9.0.0/armtools/bin/../lib/gcc/arm-atollic-eabi/6.3.1/armv6-m\libgcc.a(subdf3.o)
                0x08000aac                __aeabi_dsub
 .text          0x080010d8       0x68 c:/program files (x86)/atollic/truestudio for stm32 9.0.0/armtools/bin/../lib/gcc/arm-atollic-eabi/6.3.1/armv6-m\libgcc.a(fixdfsi.o)
                0x080010d8                __aeabi_d2iz
 .text          0x08001140       0x70 c:/program files (x86)/atollic/truestudio for stm32 9.0.0/armtools/bin/../lib/gcc/arm-atollic-eabi/6.3.1/armv6-m\libgcc.a(floatunsidf.o)
                0x08001140                __aeabi_ui2d
 .text          0x080011b0       0x7c c:/program files (x86)/atollic/truestudio for stm32 9.0.0/armtools/bin/../lib/gcc/arm-atollic-eabi/6.3.1/armv6-m\libgcc.a(_arm_cmpdf2.o)
                0x080011b0                __aeabi_cdrcmple
                0x080011c0                __aeabi_cdcmple
                0x080011c0                __aeabi_cdcmpeq
                0x080011d0                __aeabi_dcmpeq
                0x080011dc                __aeabi_dcmplt
                0x080011f0                __aeabi_dcmple
                0x08001204                __aeabi_dcmpgt
                0x08001218                __aeabi_dcmpge
 .text          0x0800122c       0x3c c:/program files (x86)/atollic/truestudio for stm32 9.0.0/armtools/bin/../lib/gcc/arm-atollic-eabi/6.3.1/armv6-m\libgcc.a(_clzsi2.o)
                0x0800122c                __clzsi2
 .text          0x08001268       0x74 c:/program files (x86)/atollic/truestudio for stm32 9.0.0/armtools/bin/../lib/gcc/arm-atollic-eabi/6.3.1/armv6-m\libgcc.a(eqdf2.o)
                0x08001268                __nedf2
                0x08001268                __eqdf2
 .text          0x080012dc       0xc8 c:/program files (x86)/atollic/truestudio for stm32 9.0.0/armtools/bin/../lib/gcc/arm-atollic-eabi/6.3.1/armv6-m\libgcc.a(gedf2.o)
                0x080012dc                __gedf2
                0x080012dc                __gtdf2
 .text          0x080013a4       0xc4 c:/program files (x86)/atollic/truestudio for stm32 9.0.0/armtools/bin/../lib/gcc/arm-atollic-eabi/6.3.1/armv6-m\libgcc.a(ledf2.o)
                0x080013a4                __ledf2
                0x080013a4                __ltdf2
 *(.text*)
 .text.CAN_DeInit
                0x08001468       0x18 Drivers\STM32F0xx_HAL_Driver\Src\stm32f0xx_can.o
                0x08001468                CAN_DeInit
 .text.CAN_Init
                0x08001480       0xf0 Drivers\STM32F0xx_HAL_Driver\Src\stm32f0xx_can.o
                0x08001480                CAN_Init
 .text.CAN_FilterInit
                0x08001570       0xd4 Drivers\STM32F0xx_HAL_Driver\Src\stm32f0xx_can.o
                0x08001570                CAN_FilterInit
 .text.CAN_StructInit
                0x08001644       0x20 Drivers\STM32F0xx_HAL_Driver\Src\stm32f0xx_can.o
                0x08001644                CAN_StructInit
 .text.CAN_Transmit
                0x08001664       0xc8 Drivers\STM32F0xx_HAL_Driver\Src\stm32f0xx_can.o
                0x08001664                CAN_Transmit
 .text.CAN_TransmitStatus
                0x0800172c       0x54 Drivers\STM32F0xx_HAL_Driver\Src\stm32f0xx_can.o
                0x0800172c                CAN_TransmitStatus
 .text.CAN_Receive
                0x08001780       0x8a Drivers\STM32F0xx_HAL_Driver\Src\stm32f0xx_can.o
                0x08001780                CAN_Receive
 .text.CAN_MessagePending
                0x0800180a       0x18 Drivers\STM32F0xx_HAL_Driver\Src\stm32f0xx_can.o
                0x0800180a                CAN_MessagePending
 .text.CAN_ITConfig
                0x08001822       0x12 Drivers\STM32F0xx_HAL_Driver\Src\stm32f0xx_can.o
                0x08001822                CAN_ITConfig
 .text.GPIO_Init
                0x08001834       0x78 Drivers\STM32F0xx_HAL_Driver\Src\stm32f0xx_gpio.o
                0x08001834                GPIO_Init
 .text.GPIO_StructInit
                0x080018ac       0x18 Drivers\STM32F0xx_HAL_Driver\Src\stm32f0xx_gpio.o
                0x080018ac                GPIO_StructInit
 .text.GPIO_SetBits
                0x080018c4        0x4 Drivers\STM32F0xx_HAL_Driver\Src\stm32f0xx_gpio.o
                0x080018c4                GPIO_SetBits
 .text.GPIO_ResetBits
                0x080018c8        0x4 Drivers\STM32F0xx_HAL_Driver\Src\stm32f0xx_gpio.o
                0x080018c8                GPIO_ResetBits
 .text.GPIO_PinAFConfig
                0x080018cc       0x22 Drivers\STM32F0xx_HAL_Driver\Src\stm32f0xx_gpio.o
                0x080018cc                GPIO_PinAFConfig
 *fill*         0x080018ee        0x2 
 .text.I2C_Init
                0x080018f0       0x64 Drivers\STM32F0xx_HAL_Driver\Src\stm32f0xx_i2c.o
                0x080018f0                I2C_Init
 .text.I2C_Cmd  0x08001954       0x14 Drivers\STM32F0xx_HAL_Driver\Src\stm32f0xx_i2c.o
                0x08001954                I2C_Cmd
 .text.I2C_TransferHandling
                0x08001968       0x20 Drivers\STM32F0xx_HAL_Driver\Src\stm32f0xx_i2c.o
                0x08001968                I2C_TransferHandling
 .text.I2C_SendData
                0x08001988        0x4 Drivers\STM32F0xx_HAL_Driver\Src\stm32f0xx_i2c.o
                0x08001988                I2C_SendData
 .text.I2C_ReceiveData
                0x0800198c        0x6 Drivers\STM32F0xx_HAL_Driver\Src\stm32f0xx_i2c.o
                0x0800198c                I2C_ReceiveData
 .text.I2C_GetFlagStatus
                0x08001992        0xc Drivers\STM32F0xx_HAL_Driver\Src\stm32f0xx_i2c.o
                0x08001992                I2C_GetFlagStatus
 .text.I2C_ClearFlag
                0x0800199e        0x4 Drivers\STM32F0xx_HAL_Driver\Src\stm32f0xx_i2c.o
                0x0800199e                I2C_ClearFlag
 *fill*         0x080019a2        0x2 
 .text.NVIC_Init
                0x080019a4       0x58 Drivers\STM32F0xx_HAL_Driver\Src\stm32f0xx_misc.o
                0x080019a4                NVIC_Init
 .text.RCC_AHBPeriphClockCmd
                0x080019fc       0x18 Drivers\STM32F0xx_HAL_Driver\Src\stm32f0xx_rcc.o
                0x080019fc                RCC_AHBPeriphClockCmd
 .text.RCC_APB1PeriphClockCmd
                0x08001a14       0x18 Drivers\STM32F0xx_HAL_Driver\Src\stm32f0xx_rcc.o
                0x08001a14                RCC_APB1PeriphClockCmd
 .text.RCC_APB1PeriphResetCmd
                0x08001a2c       0x18 Drivers\STM32F0xx_HAL_Driver\Src\stm32f0xx_rcc.o
                0x08001a2c                RCC_APB1PeriphResetCmd
 .text.USART_SendData
                0x08001a44        0x8 Drivers\STM32F0xx_HAL_Driver\Src\stm32f0xx_usart.o
                0x08001a44                USART_SendData
 .text.USART_ReceiveData
                0x08001a4c        0x8 Drivers\STM32F0xx_HAL_Driver\Src\stm32f0xx_usart.o
                0x08001a4c                USART_ReceiveData
 .text.USART_ITConfig
                0x08001a54       0x2e Drivers\STM32F0xx_HAL_Driver\Src\stm32f0xx_usart.o
                0x08001a54                USART_ITConfig
 *fill*         0x08001a82        0x2 
 .text.canInit  0x08001a84      0x100 src\can.o
                0x08001a84                canInit
 .text.CEC_CAN_IRQHandler
                0x08001b84      0x1cc src\can.o
                0x08001b84                CEC_CAN_IRQHandler
 .text.chipReset
                0x08001d50       0x2c src\i2c_low.o
                0x08001d50                chipReset
 .text.I2C_WrReg
                0x08001d7c       0xdc src\i2c_low.o
                0x08001d7c                I2C_WrReg
 .text.I2C_RdRegLW
                0x08001e58       0x6c src\i2c_low.o
                0x08001e58                I2C_RdRegLW
 .text.i2cInit  0x08001ec4       0xbc src\i2c_low.o
                0x08001ec4                i2cInit
 .text.startup.main
                0x08001f80       0x60 src\main.o
                0x08001f80                main
 .text.rccConfiguration
                0x08001fe0       0xa4 src\rcc.o
                0x08001fe0                rccConfiguration
 .text.SysTick_Handler
                0x08002084       0x30 src\rcc.o
                0x08002084                SysTick_Handler
 .text.DelayMil
                0x080020b4       0x20 src\rcc.o
                0x080020b4                DelayMil
 .text.DelaySec
                0x080020d4       0x20 src\rcc.o
                0x080020d4                DelaySec
 .text.Reset_Handler
                0x080020f4       0x70 src\startup_stm32f042x6.o
                0x080020f4                Reset_Handler
 .text.Default_Handler
                0x08002164        0x2 src\startup_stm32f042x6.o
                0x08002164                TIM1_CC_IRQHandler
                0x08002164                TSC_IRQHandler
                0x08002164                I2C1_IRQHandler
                0x08002164                RCC_CRS_IRQHandler
                0x08002164                SPI1_IRQHandler
                0x08002164                EXTI2_3_IRQHandler
                0x08002164                ADC1_IRQHandler
                0x08002164                TIM17_IRQHandler
                0x08002164                RTC_IRQHandler
                0x08002164                PVD_VDDIO2_IRQHandler
                0x08002164                TIM16_IRQHandler
                0x08002164                TIM3_IRQHandler
                0x08002164                EXTI4_15_IRQHandler
                0x08002164                DMA1_Channel1_IRQHandler
                0x08002164                Default_Handler
                0x08002164                TIM14_IRQHandler
                0x08002164                DMA1_Channel4_5_IRQHandler
                0x08002164                EXTI0_1_IRQHandler
                0x08002164                USB_IRQHandler
                0x08002164                SPI2_IRQHandler
                0x08002164                WWDG_IRQHandler
                0x08002164                TIM2_IRQHandler
                0x08002164                DMA1_Channel2_3_IRQHandler
                0x08002164                USART2_IRQHandler
                0x08002164                FLASH_IRQHandler
                0x08002164                TIM1_BRK_UP_TRG_COM_IRQHandler
 .text.NMI_Handler
                0x08002166        0x2 src\stm32f0xx_it.o
                0x08002166                NMI_Handler
 .text.HardFault_Handler
                0x08002168        0x2 src\stm32f0xx_it.o
                0x08002168                HardFault_Handler
 .text.SVC_Handler
                0x0800216a        0x2 src\stm32f0xx_it.o
                0x0800216a                SVC_Handler
 .text.PendSV_Handler
                0x0800216c        0x2 src\stm32f0xx_it.o
                0x0800216c                PendSV_Handler
 *fill*         0x0800216e        0x2 
 .text.SystemInit
                0x08002170       0xf8 src\system_stm32f0xx.o
                0x08002170                SystemInit
 .text.SystemCoreClockUpdate
                0x08002268       0x70 src\system_stm32f0xx.o
                0x08002268                SystemCoreClockUpdate
 .text.USART1_IRQHandler
                0x080022d8       0x74 src\usart.o
                0x080022d8                USART1_IRQHandler
 .text.VL53L0X_GetFractionEnable
                0x0800234c       0x1a src\vl53l0x_api.o
                0x0800234c                VL53L0X_GetFractionEnable
 .text.VL53L0X_SetMeasurementTimingBudgetMicroSeconds
                0x08002366        0x8 src\vl53l0x_api.o
                0x08002366                VL53L0X_SetMeasurementTimingBudgetMicroSeconds
 .text.VL53L0X_GetVcselPulsePeriod
                0x0800236e        0x8 src\vl53l0x_api.o
                0x0800236e                VL53L0X_GetVcselPulsePeriod
 .text.VL53L0X_SetSequenceStepEnable
                0x08002376       0xa0 src\vl53l0x_api.o
                0x08002376                VL53L0X_SetSequenceStepEnable
 .text.VL53L0X_GetSequenceStepEnables
                0x08002416       0x3a src\vl53l0x_api.o
                0x08002416                VL53L0X_GetSequenceStepEnables
 .text.VL53L0X_GetInterMeasurementPeriodMilliSeconds
                0x08002450       0x3a src\vl53l0x_api.o
                0x08002450                VL53L0X_GetInterMeasurementPeriodMilliSeconds
 .text.VL53L0X_GetXTalkCompensationEnable
                0x0800248a        0x8 src\vl53l0x_api.o
                0x0800248a                VL53L0X_GetXTalkCompensationEnable
 .text.VL53L0X_GetXTalkCompensationRateMegaCps
                0x08002492       0x30 src\vl53l0x_api.o
                0x08002492                VL53L0X_GetXTalkCompensationRateMegaCps
 .text.VL53L0X_SetLimitCheckEnable
                0x080024c2       0x86 src\vl53l0x_api.o
                0x080024c2                VL53L0X_SetLimitCheckEnable
 .text.VL53L0X_GetLimitCheckEnable
                0x08002548       0x1a src\vl53l0x_api.o
                0x08002548                VL53L0X_GetLimitCheckEnable
 .text.VL53L0X_SetLimitCheckValue
                0x08002562       0x62 src\vl53l0x_api.o
                0x08002562                VL53L0X_SetLimitCheckValue
 .text.VL53L0X_GetLimitCheckValue
                0x080025c4       0x72 src\vl53l0x_api.o
                0x080025c4                VL53L0X_GetLimitCheckValue
 .text.VL53L0X_GetWrapAroundCheckEnable
                0x08002636       0x34 src\vl53l0x_api.o
                0x08002636                VL53L0X_GetWrapAroundCheckEnable
 .text.VL53L0X_GetDeviceParameters
                0x0800266a       0x70 src\vl53l0x_api.o
                0x0800266a                VL53L0X_GetDeviceParameters
 *fill*         0x080026da        0x2 
 .text.VL53L0X_DataInit
                0x080026dc      0x194 src\vl53l0x_api.o
                0x080026dc                VL53L0X_DataInit
 .text.VL53L0X_GetRangingMeasurementData
                0x08002870      0x12c src\vl53l0x_api.o
                0x08002870                VL53L0X_GetRangingMeasurementData
 .text.VL53L0X_GetInterruptThresholds
                0x0800299c       0x40 src\vl53l0x_api.o
                0x0800299c                VL53L0X_GetInterruptThresholds
 .text.VL53L0X_CheckAndLoadInterruptSettings
                0x080029dc       0x80 src\vl53l0x_api.o
                0x080029dc                VL53L0X_CheckAndLoadInterruptSettings
 .text.VL53L0X_StartMeasurement
                0x08002a5c       0xda src\vl53l0x_api.o
                0x08002a5c                VL53L0X_StartMeasurement
 .text.VL53L0X_PerformSingleMeasurement
                0x08002b36       0x2e src\vl53l0x_api.o
                0x08002b36                VL53L0X_PerformSingleMeasurement
 .text.VL53L0X_ClearInterruptMask
                0x08002b64       0x52 src\vl53l0x_api.o
                0x08002b64                VL53L0X_ClearInterruptMask
 .text.VL53L0X_PerformSingleRangingMeasurement
                0x08002bb6       0x28 src\vl53l0x_api.o
                0x08002bb6                VL53L0X_PerformSingleRangingMeasurement
 .text.VL53L0X_SetGpioConfig
                0x08002bde      0x15e src\vl53l0x_api.o
                0x08002bde                VL53L0X_SetGpioConfig
 .text.VL53L0X_StaticInit
                0x08002d3c      0x194 src\vl53l0x_api.o
                0x08002d3c                VL53L0X_StaticInit
 .text.VL53L0X_GetInterruptMaskStatus
                0x08002ed0       0x24 src\vl53l0x_api.o
                0x08002ed0                VL53L0X_GetInterruptMaskStatus
 .text.VL53L0X_GetMeasurementDataReady
                0x08002ef4       0x3e src\vl53l0x_api.o
                0x08002ef4                VL53L0X_GetMeasurementDataReady
 *fill*         0x08002f32        0x2 
 .text.VL53L0X_get_offset_calibration_data_micro_meter
                0x08002f34       0x34 src\vl53l0x_api_calibration.o
                0x08002f34                VL53L0X_get_offset_calibration_data_micro_meter
 .text.get_next_good_spad
                0x08002f68       0x5a src\vl53l0x_api_calibration.o
                0x08002f68                get_next_good_spad
 *fill*         0x08002fc2        0x2 
 .text.is_aperture
                0x08002fc4       0x14 src\vl53l0x_api_calibration.o
                0x08002fc4                is_aperture
 .text.enable_spad_bit
                0x08002fd8       0x24 src\vl53l0x_api_calibration.o
                0x08002fd8                enable_spad_bit
 .text.set_ref_spad_map
                0x08002ffc        0xe src\vl53l0x_api_calibration.o
                0x08002ffc                set_ref_spad_map
 .text.get_ref_spad_map
                0x0800300a        0xe src\vl53l0x_api_calibration.o
                0x0800300a                get_ref_spad_map
 .text.enable_ref_spads
                0x08003018       0x90 src\vl53l0x_api_calibration.o
                0x08003018                enable_ref_spads
 .text.perform_ref_signal_measurement
                0x080030a8       0x64 src\vl53l0x_api_calibration.o
                0x080030a8                perform_ref_signal_measurement
 .text.VL53L0X_set_reference_spads
                0x0800310c       0xb6 src\vl53l0x_api_calibration.o
                0x0800310c                VL53L0X_set_reference_spads
 .text.VL53L0X_perform_single_ref_calibration
                0x080031c2       0x34 src\vl53l0x_api_calibration.o
                0x080031c2                VL53L0X_perform_single_ref_calibration
 .text.VL53L0X_ref_calibration_io
                0x080031f6       0xd4 src\vl53l0x_api_calibration.o
                0x080031f6                VL53L0X_ref_calibration_io
 .text.VL53L0X_perform_vhv_calibration
                0x080032ca       0x80 src\vl53l0x_api_calibration.o
                0x080032ca                VL53L0X_perform_vhv_calibration
 .text.VL53L0X_perform_phase_calibration
                0x0800334a       0x78 src\vl53l0x_api_calibration.o
                0x0800334a                VL53L0X_perform_phase_calibration
 .text.VL53L0X_perform_ref_calibration
                0x080033c2       0x3c src\vl53l0x_api_calibration.o
                0x080033c2                VL53L0X_perform_ref_calibration
 .text.VL53L0X_perform_ref_spad_management
                0x080033fe      0x2a2 src\vl53l0x_api_calibration.o
                0x080033fe                VL53L0X_perform_ref_spad_management
 .text.VL53L0X_measurement_poll_for_completion
                0x080036a0       0x36 src\vl53l0x_api_core.o
                0x080036a0                VL53L0X_measurement_poll_for_completion
 .text.VL53L0X_isqrt
                0x080036d6       0x26 src\vl53l0x_api_core.o
                0x080036d6                VL53L0X_isqrt
 .text.VL53L0X_device_read_strobe
                0x080036fc       0x46 src\vl53l0x_api_core.o
                0x080036fc                VL53L0X_device_read_strobe
 *fill*         0x08003742        0x2 
 .text.VL53L0X_get_info_from_device
                0x08003744      0x4b8 src\vl53l0x_api_core.o
                0x08003744                VL53L0X_get_info_from_device
 .text.VL53L0X_encode_timeout
                0x08003bfc       0x22 src\vl53l0x_api_core.o
                0x08003bfc                VL53L0X_encode_timeout
 .text.VL53L0X_decode_timeout
                0x08003c1e        0xc src\vl53l0x_api_core.o
                0x08003c1e                VL53L0X_decode_timeout
 *fill*         0x08003c2a        0x2 
 .text.VL53L0X_calc_timeout_mclks
                0x08003c2c       0x34 src\vl53l0x_api_core.o
                0x08003c2c                VL53L0X_calc_timeout_mclks
 .text.VL53L0X_calc_timeout_us
                0x08003c60       0x28 src\vl53l0x_api_core.o
                0x08003c60                VL53L0X_calc_timeout_us
 .text.get_sequence_step_timeout
                0x08003c88      0x108 src\vl53l0x_api_core.o
                0x08003c88                get_sequence_step_timeout
 .text.set_sequence_step_timeout
                0x08003d90      0x10c src\vl53l0x_api_core.o
                0x08003d90                set_sequence_step_timeout
 .text.VL53L0X_get_vcsel_pulse_period
                0x08003e9c       0x36 src\vl53l0x_api_core.o
                0x08003e9c                VL53L0X_get_vcsel_pulse_period
 *fill*         0x08003ed2        0x2 
 .text.VL53L0X_set_measurement_timing_budget_micro_seconds
                0x08003ed4       0xe0 src\vl53l0x_api_core.o
                0x08003ed4                VL53L0X_set_measurement_timing_budget_micro_seconds
 .text.VL53L0X_get_measurement_timing_budget_micro_seconds
                0x08003fb4       0xd8 src\vl53l0x_api_core.o
                0x08003fb4                VL53L0X_get_measurement_timing_budget_micro_seconds
 .text.VL53L0X_load_tuning_settings
                0x0800408c       0xa2 src\vl53l0x_api_core.o
                0x0800408c                VL53L0X_load_tuning_settings
 .text.VL53L0X_get_total_xtalk_rate
                0x0800412e       0x2e src\vl53l0x_api_core.o
                0x0800412e                VL53L0X_get_total_xtalk_rate
 .text.VL53L0X_get_total_signal_rate
                0x0800415c       0x1c src\vl53l0x_api_core.o
                0x0800415c                VL53L0X_get_total_signal_rate
 .text.VL53L0X_calc_dmax
                0x08004178       0xf4 src\vl53l0x_api_core.o
                0x08004178                VL53L0X_calc_dmax
 .text.VL53L0X_calc_sigma_estimate
                0x0800426c      0x270 src\vl53l0x_api_core.o
                0x0800426c                VL53L0X_calc_sigma_estimate
 .text.VL53L0X_get_pal_range_status
                0x080044dc      0x224 src\vl53l0x_api_core.o
                0x080044dc                VL53L0X_get_pal_range_status
 .text.i2c_write
                0x08004700       0x4a src\vl53l0x_platform.o
 .text.i2c_read
                0x0800474a       0x2e src\vl53l0x_platform.o
 .text.VL53L0X_WriteMulti
                0x08004778       0x12 src\vl53l0x_platform.o
                0x08004778                VL53L0X_WriteMulti
 .text.VL53L0X_ReadMulti
                0x0800478a       0x12 src\vl53l0x_platform.o
                0x0800478a                VL53L0X_ReadMulti
 .text.VL53L0X_WrByte
                0x0800479c       0x1c src\vl53l0x_platform.o
                0x0800479c                VL53L0X_WrByte
 .text.VL53L0X_WrWord
                0x080047b8       0x1e src\vl53l0x_platform.o
                0x080047b8                VL53L0X_WrWord
 .text.VL53L0X_UpdateByte
                0x080047d6       0x48 src\vl53l0x_platform.o
                0x080047d6                VL53L0X_UpdateByte
 .text.VL53L0X_RdByte
                0x0800481e       0x24 src\vl53l0x_platform.o
                0x0800481e                VL53L0X_RdByte
 .text.VL53L0X_RdWord
                0x08004842       0x24 src\vl53l0x_platform.o
                0x08004842                VL53L0X_RdWord
 .text.VL53L0X_RdDWord
                0x08004866       0x1e src\vl53l0x_platform.o
                0x08004866                VL53L0X_RdDWord
 .text.VL53L0X_PollingDelay
                0x08004884        0xc src\vl53l0x_platform.o
                0x08004884                VL53L0X_PollingDelay
 .text.__libc_init_array
                0x08004890       0x48 c:/program files (x86)/atollic/truestudio for stm32 9.0.0/armtools/bin/../lib/gcc/arm-atollic-eabi/6.3.1/../../../../arm-atollic-eabi/lib/armv6-m\libc_nano.a(lib_a-init.o)
                0x08004890                __libc_init_array
 .text.malloc   0x080048d8       0x14 c:/program files (x86)/atollic/truestudio for stm32 9.0.0/armtools/bin/../lib/gcc/arm-atollic-eabi/6.3.1/../../../../arm-atollic-eabi/lib/armv6-m\libc_nano.a(lib_a-malloc.o)
                0x080048d8                malloc
 .text.free     0x080048ec       0x14 c:/program files (x86)/atollic/truestudio for stm32 9.0.0/armtools/bin/../lib/gcc/arm-atollic-eabi/6.3.1/../../../../arm-atollic-eabi/lib/armv6-m\libc_nano.a(lib_a-malloc.o)
                0x080048ec                free
 .text.memcpy   0x08004900       0x12 c:/program files (x86)/atollic/truestudio for stm32 9.0.0/armtools/bin/../lib/gcc/arm-atollic-eabi/6.3.1/../../../../arm-atollic-eabi/lib/armv6-m\libc_nano.a(lib_a-memcpy-stub.o)
                0x08004900                memcpy
 .text.memset   0x08004912       0x10 c:/program files (x86)/atollic/truestudio for stm32 9.0.0/armtools/bin/../lib/gcc/arm-atollic-eabi/6.3.1/../../../../arm-atollic-eabi/lib/armv6-m\libc_nano.a(lib_a-memset.o)
                0x08004912                memset
 *fill*         0x08004922        0x2 
 .text._free_r  0x08004924       0x94 c:/program files (x86)/atollic/truestudio for stm32 9.0.0/armtools/bin/../lib/gcc/arm-atollic-eabi/6.3.1/../../../../arm-atollic-eabi/lib/armv6-m\libc_nano.a(lib_a-nano-freer.o)
                0x08004924                _free_r
 .text._malloc_r
                0x080049b8       0xbc c:/program files (x86)/atollic/truestudio for stm32 9.0.0/armtools/bin/../lib/gcc/arm-atollic-eabi/6.3.1/../../../../arm-atollic-eabi/lib/armv6-m\libc_nano.a(lib_a-nano-mallocr.o)
                0x080049b8                _malloc_r
 .text._sbrk_r  0x08004a74       0x24 c:/program files (x86)/atollic/truestudio for stm32 9.0.0/armtools/bin/../lib/gcc/arm-atollic-eabi/6.3.1/../../../../arm-atollic-eabi/lib/armv6-m\libc_nano.a(lib_a-sbrkr.o)
                0x08004a74                _sbrk_r
 .text.__malloc_lock
                0x08004a98        0x2 c:/program files (x86)/atollic/truestudio for stm32 9.0.0/armtools/bin/../lib/gcc/arm-atollic-eabi/6.3.1/../../../../arm-atollic-eabi/lib/armv6-m\libc_nano.a(lib_a-mlock.o)
                0x08004a98                __malloc_lock
 .text.__malloc_unlock
                0x08004a9a        0x2 c:/program files (x86)/atollic/truestudio for stm32 9.0.0/armtools/bin/../lib/gcc/arm-atollic-eabi/6.3.1/../../../../arm-atollic-eabi/lib/armv6-m\libc_nano.a(lib_a-mlock.o)
                0x08004a9a                __malloc_unlock
 .text._sbrk    0x08004a9c       0x20 c:/program files (x86)/atollic/truestudio for stm32 9.0.0/armtools/bin/../lib/gcc/arm-atollic-eabi/6.3.1/../../../../arm-atollic-eabi/lib/armv6-m\libnosys.a(sbrk.o)
                0x08004a9c                _sbrk
 *(.glue_7)
 .glue_7        0x08004abc        0x0 linker stubs
 *(.glue_7t)
 .glue_7t       0x08004abc        0x0 linker stubs
 *(.eh_frame)
 .eh_frame      0x08004abc        0x0 c:/program files (x86)/atollic/truestudio for stm32 9.0.0/armtools/bin/../lib/gcc/arm-atollic-eabi/6.3.1/armv6-m/crtbegin.o
 *(.init)
 .init          0x08004abc        0x4 c:/program files (x86)/atollic/truestudio for stm32 9.0.0/armtools/bin/../lib/gcc/arm-atollic-eabi/6.3.1/armv6-m/crti.o
                0x08004abc                _init
 .init          0x08004ac0        0x8 c:/program files (x86)/atollic/truestudio for stm32 9.0.0/armtools/bin/../lib/gcc/arm-atollic-eabi/6.3.1/armv6-m/crtn.o
 *(.fini)
 .fini          0x08004ac8        0x4 c:/program files (x86)/atollic/truestudio for stm32 9.0.0/armtools/bin/../lib/gcc/arm-atollic-eabi/6.3.1/armv6-m/crti.o
                0x08004ac8                _fini
 .fini          0x08004acc        0x8 c:/program files (x86)/atollic/truestudio for stm32 9.0.0/armtools/bin/../lib/gcc/arm-atollic-eabi/6.3.1/armv6-m/crtn.o
                0x08004ad4                . = ALIGN (0x4)
                0x08004ad4                _etext = .

.vfp11_veneer   0x08004ad4        0x0
 .vfp11_veneer  0x08004ad4        0x0 linker stubs

.v4_bx          0x08004ad4        0x0
 .v4_bx         0x08004ad4        0x0 linker stubs

.iplt           0x08004ad4        0x0
 .iplt          0x08004ad4        0x0 c:/program files (x86)/atollic/truestudio for stm32 9.0.0/armtools/bin/../lib/gcc/arm-atollic-eabi/6.3.1/armv6-m/crtbegin.o

.rodata         0x08004ad4       0x40
                0x08004ad4                . = ALIGN (0x4)
 *(.rodata)
 .rodata        0x08004ad4       0x40 c:/program files (x86)/atollic/truestudio for stm32 9.0.0/armtools/bin/../lib/gcc/arm-atollic-eabi/6.3.1/armv6-m\libgcc.a(divdf3.o)
 *(.rodata*)
                0x08004b14                . = ALIGN (0x4)

.rel.dyn        0x08004b14        0x0
 .rel.iplt      0x08004b14        0x0 c:/program files (x86)/atollic/truestudio for stm32 9.0.0/armtools/bin/../lib/gcc/arm-atollic-eabi/6.3.1/armv6-m/crtbegin.o

.ARM.extab
 *(.ARM.extab* .gnu.linkonce.armextab.*)

.ARM            0x08004b14        0x0
                0x08004b14                __exidx_start = .
 *(.ARM.exidx*)
                0x08004b14                __exidx_end = .

.preinit_array  0x08004b14        0x0
                0x08004b14                PROVIDE (__preinit_array_start, .)
 *(.preinit_array*)
                0x08004b14                PROVIDE (__preinit_array_end, .)

.init_array     0x08004b14        0x4
                0x08004b14                PROVIDE (__init_array_start, .)
 *(SORT(.init_array.*))
 *(.init_array*)
 .init_array    0x08004b14        0x4 c:/program files (x86)/atollic/truestudio for stm32 9.0.0/armtools/bin/../lib/gcc/arm-atollic-eabi/6.3.1/armv6-m/crtbegin.o
                0x08004b18                PROVIDE (__init_array_end, .)

.fini_array     0x08004b18        0x4
                [!provide]                PROVIDE (__fini_array_start, .)
 *(SORT(.fini_array.*))
 *(.fini_array*)
 .fini_array    0x08004b18        0x4 c:/program files (x86)/atollic/truestudio for stm32 9.0.0/armtools/bin/../lib/gcc/arm-atollic-eabi/6.3.1/armv6-m/crtbegin.o
                [!provide]                PROVIDE (__fini_array_end, .)
                0x08004b1c                _sidata = LOADADDR (.data)

.data           0x20000000      0x338 load address 0x08004b1c
                0x20000000                . = ALIGN (0x4)
                0x20000000                _sdata = .
 *(.data)
 *(.data*)
 .data.pMyDevice
                0x20000000        0x4 src\can.o
                0x20000000                pMyDevice
 .data.AHBPrescTable
                0x20000004       0x10 src\system_stm32f0xx.o
                0x20000004                AHBPrescTable
 .data.SystemCoreClock
                0x20000014        0x4 src\system_stm32f0xx.o
                0x20000014                SystemCoreClock
 .data.DefaultTuningSettings
                0x20000018       0xf3 src\vl53l0x_api.o
                0x20000018                DefaultTuningSettings
 .data.InterruptThresholdSettings
                0x2000010b      0x1b6 src\vl53l0x_api.o
                0x2000010b                InterruptThresholdSettings
 *fill*         0x200002c1        0x3 
 .data.refArrayQuadrants
                0x200002c4       0x10 src\vl53l0x_api_calibration.o
                0x200002c4                refArrayQuadrants
 .data._impure_ptr
                0x200002d4        0x4 c:/program files (x86)/atollic/truestudio for stm32 9.0.0/armtools/bin/../lib/gcc/arm-atollic-eabi/6.3.1/../../../../arm-atollic-eabi/lib/armv6-m\libc_nano.a(lib_a-impure.o)
                0x200002d4                _impure_ptr
 .data.impure_data
                0x200002d8       0x60 c:/program files (x86)/atollic/truestudio for stm32 9.0.0/armtools/bin/../lib/gcc/arm-atollic-eabi/6.3.1/../../../../arm-atollic-eabi/lib/armv6-m\libc_nano.a(lib_a-impure.o)
                0x20000338                . = ALIGN (0x4)
                0x20000338                _edata = .

.igot.plt       0x20000338        0x0 load address 0x08004e54
 .igot.plt      0x20000338        0x0 c:/program files (x86)/atollic/truestudio for stm32 9.0.0/armtools/bin/../lib/gcc/arm-atollic-eabi/6.3.1/armv6-m/crtbegin.o
                0x20000338                . = ALIGN (0x4)

.bss            0x20000338      0xe40 load address 0x08004e54
                0x20000338                _sbss = .
                0x20000338                __bss_start__ = _sbss
 *(.bss)
 .bss           0x20000338       0x1c c:/program files (x86)/atollic/truestudio for stm32 9.0.0/armtools/bin/../lib/gcc/arm-atollic-eabi/6.3.1/armv6-m/crtbegin.o
 *(.bss*)
 .bss.Status    0x20000354        0x1 src\can.o
                0x20000354                Status
 *fill*         0x20000355        0x3 
 .bss.Milliseconds
                0x20000358        0x4 src\rcc.o
                0x20000358                Milliseconds
 .bss.Seconds   0x2000035c        0x4 src\rcc.o
                0x2000035c                Seconds
 .bss.__malloc_free_list
                0x20000360        0x4 c:/program files (x86)/atollic/truestudio for stm32 9.0.0/armtools/bin/../lib/gcc/arm-atollic-eabi/6.3.1/../../../../arm-atollic-eabi/lib/armv6-m\libc_nano.a(lib_a-nano-mallocr.o)
                0x20000360                __malloc_free_list
 .bss.__malloc_sbrk_start
                0x20000364        0x4 c:/program files (x86)/atollic/truestudio for stm32 9.0.0/armtools/bin/../lib/gcc/arm-atollic-eabi/6.3.1/../../../../arm-atollic-eabi/lib/armv6-m\libc_nano.a(lib_a-nano-mallocr.o)
                0x20000364                __malloc_sbrk_start
 .bss.heap_end.4116
                0x20000368        0x4 c:/program files (x86)/atollic/truestudio for stm32 9.0.0/armtools/bin/../lib/gcc/arm-atollic-eabi/6.3.1/../../../../arm-atollic-eabi/lib/armv6-m\libnosys.a(sbrk.o)
 *(COMMON)
 COMMON         0x2000036c      0x184 src\can.o
                0x2000036c                MyDevice
                0x200004d0                de_mode
                0x200004d4                RangingMeasurementData
 COMMON         0x200004f0        0x1 src\i2c_low.o
                0x200004f0                errorState
 *fill*         0x200004f1        0x3 
 COMMON         0x200004f4      0xc7e src\usart.o
                0x200004f4                t
                0x200004f6                adc7_1
                0x200004f8                temp2
                0x200004fc                val0
                0x20000500                rxStr
                0x20000a0c                temperature
                0x20000a0e                adc8_1
                0x20000a10                echo
                0x20000a12                temp1
                0x20000a14                adc8_2
                0x20000a18                val2
                0x20000a1c                adc
                0x20000a20                val3
                0x20000a24                i2cData
                0x20000c27                error
                0x20000c28                commData
                0x20000d50                tokens
                0x20001160                str
                0x2000116c                val1
                0x20001170                adc7_2
 *fill*         0x20001172        0x2 
 COMMON         0x20001174        0x4 c:/program files (x86)/atollic/truestudio for stm32 9.0.0/armtools/bin/../lib/gcc/arm-atollic-eabi/6.3.1/../../../../arm-atollic-eabi/lib/armv6-m\libc_nano.a(lib_a-reent.o)
                0x20001174                errno
                0x20001178                . = ALIGN (0x4)
                0x20001178                _ebss = .
                0x20001178                __bss_end__ = _ebss

._user_heap_stack
                0x20001178       0x80 load address 0x08004e54
                0x20001178                . = ALIGN (0x4)
                0x20001178                PROVIDE (end, .)
                [!provide]                PROVIDE (_end, .)
                0x20001178                . = (. + _Min_Heap_Size)
                0x200011f8                . = (. + _Min_Stack_Size)
 *fill*         0x20001178       0x80 
                0x200011f8                . = ALIGN (0x4)

.memory_b1_text
 *(.mb1text)
 *(.mb1text*)
 *(.mb1rodata)
 *(.mb1rodata*)

/DISCARD/
 libc.a(*)
 libm.a(*)
 libgcc.a(*)

.ARM.attributes
                0x00000000       0x28
 *(.ARM.attributes)
 .ARM.attributes
                0x00000000       0x1e c:/program files (x86)/atollic/truestudio for stm32 9.0.0/armtools/bin/../lib/gcc/arm-atollic-eabi/6.3.1/armv6-m/crti.o
 .ARM.attributes
                0x0000001e       0x2c c:/program files (x86)/atollic/truestudio for stm32 9.0.0/armtools/bin/../lib/gcc/arm-atollic-eabi/6.3.1/armv6-m/crtbegin.o
 .ARM.attributes
                0x0000004a       0x31 Drivers\STM32F0xx_HAL_Driver\Src\stm32f0xx_can.o
 .ARM.attributes
                0x0000007b       0x31 Drivers\STM32F0xx_HAL_Driver\Src\stm32f0xx_gpio.o
 .ARM.attributes
                0x000000ac       0x31 Drivers\STM32F0xx_HAL_Driver\Src\stm32f0xx_i2c.o
 .ARM.attributes
                0x000000dd       0x31 Drivers\STM32F0xx_HAL_Driver\Src\stm32f0xx_misc.o
 .ARM.attributes
                0x0000010e       0x31 Drivers\STM32F0xx_HAL_Driver\Src\stm32f0xx_rcc.o
 .ARM.attributes
                0x0000013f       0x31 Drivers\STM32F0xx_HAL_Driver\Src\stm32f0xx_usart.o
 .ARM.attributes
                0x00000170       0x31 src\can.o
 .ARM.attributes
                0x000001a1       0x31 src\i2c_low.o
 .ARM.attributes
                0x000001d2       0x31 src\main.o
 .ARM.attributes
                0x00000203       0x31 src\rcc.o
 .ARM.attributes
                0x00000234       0x21 src\startup_stm32f042x6.o
 .ARM.attributes
                0x00000255       0x31 src\stm32f0xx_it.o
 .ARM.attributes
                0x00000286       0x31 src\system_stm32f0xx.o
 .ARM.attributes
                0x000002b7       0x31 src\usart.o
 .ARM.attributes
                0x000002e8       0x31 src\vl53l0x_api.o
 .ARM.attributes
                0x00000319       0x31 src\vl53l0x_api_calibration.o
 .ARM.attributes
                0x0000034a       0x31 src\vl53l0x_api_core.o
 .ARM.attributes
                0x0000037b       0x31 src\vl53l0x_platform.o
 .ARM.attributes
                0x000003ac       0x2c c:/program files (x86)/atollic/truestudio for stm32 9.0.0/armtools/bin/../lib/gcc/arm-atollic-eabi/6.3.1/../../../../arm-atollic-eabi/lib/armv6-m\libc_nano.a(lib_a-init.o)
 .ARM.attributes
                0x000003d8       0x2c c:/program files (x86)/atollic/truestudio for stm32 9.0.0/armtools/bin/../lib/gcc/arm-atollic-eabi/6.3.1/../../../../arm-atollic-eabi/lib/armv6-m\libc_nano.a(lib_a-malloc.o)
 .ARM.attributes
                0x00000404       0x2c c:/program files (x86)/atollic/truestudio for stm32 9.0.0/armtools/bin/../lib/gcc/arm-atollic-eabi/6.3.1/../../../../arm-atollic-eabi/lib/armv6-m\libc_nano.a(lib_a-memcpy-stub.o)
 .ARM.attributes
                0x00000430       0x2c c:/program files (x86)/atollic/truestudio for stm32 9.0.0/armtools/bin/../lib/gcc/arm-atollic-eabi/6.3.1/../../../../arm-atollic-eabi/lib/armv6-m\libc_nano.a(lib_a-memset.o)
 .ARM.attributes
                0x0000045c       0x2c c:/program files (x86)/atollic/truestudio for stm32 9.0.0/armtools/bin/../lib/gcc/arm-atollic-eabi/6.3.1/../../../../arm-atollic-eabi/lib/armv6-m\libc_nano.a(lib_a-nano-freer.o)
 .ARM.attributes
                0x00000488       0x2c c:/program files (x86)/atollic/truestudio for stm32 9.0.0/armtools/bin/../lib/gcc/arm-atollic-eabi/6.3.1/../../../../arm-atollic-eabi/lib/armv6-m\libc_nano.a(lib_a-nano-mallocr.o)
 .ARM.attributes
                0x000004b4       0x2c c:/program files (x86)/atollic/truestudio for stm32 9.0.0/armtools/bin/../lib/gcc/arm-atollic-eabi/6.3.1/../../../../arm-atollic-eabi/lib/armv6-m\libc_nano.a(lib_a-sbrkr.o)
 .ARM.attributes
                0x000004e0       0x2c c:/program files (x86)/atollic/truestudio for stm32 9.0.0/armtools/bin/../lib/gcc/arm-atollic-eabi/6.3.1/../../../../arm-atollic-eabi/lib/armv6-m\libc_nano.a(lib_a-impure.o)
 .ARM.attributes
                0x0000050c       0x2c c:/program files (x86)/atollic/truestudio for stm32 9.0.0/armtools/bin/../lib/gcc/arm-atollic-eabi/6.3.1/../../../../arm-atollic-eabi/lib/armv6-m\libc_nano.a(lib_a-mlock.o)
 .ARM.attributes
                0x00000538       0x2c c:/program files (x86)/atollic/truestudio for stm32 9.0.0/armtools/bin/../lib/gcc/arm-atollic-eabi/6.3.1/../../../../arm-atollic-eabi/lib/armv6-m\libc_nano.a(lib_a-reent.o)
 .ARM.attributes
                0x00000564       0x1e c:/program files (x86)/atollic/truestudio for stm32 9.0.0/armtools/bin/../lib/gcc/arm-atollic-eabi/6.3.1/armv6-m\libgcc.a(_thumb1_case_uqi.o)
 .ARM.attributes
                0x00000582       0x1e c:/program files (x86)/atollic/truestudio for stm32 9.0.0/armtools/bin/../lib/gcc/arm-atollic-eabi/6.3.1/armv6-m\libgcc.a(_udivsi3.o)
 .ARM.attributes
                0x000005a0       0x1e c:/program files (x86)/atollic/truestudio for stm32 9.0.0/armtools/bin/../lib/gcc/arm-atollic-eabi/6.3.1/armv6-m\libgcc.a(_divsi3.o)
 .ARM.attributes
                0x000005be       0x1e c:/program files (x86)/atollic/truestudio for stm32 9.0.0/armtools/bin/../lib/gcc/arm-atollic-eabi/6.3.1/armv6-m\libgcc.a(_dvmd_tls.o)
 .ARM.attributes
                0x000005dc       0x2c c:/program files (x86)/atollic/truestudio for stm32 9.0.0/armtools/bin/../lib/gcc/arm-atollic-eabi/6.3.1/armv6-m\libgcc.a(_fixunsdfsi.o)
 .ARM.attributes
                0x00000608       0x2c c:/program files (x86)/atollic/truestudio for stm32 9.0.0/armtools/bin/../lib/gcc/arm-atollic-eabi/6.3.1/armv6-m\libgcc.a(divdf3.o)
 .ARM.attributes
                0x00000634       0x2c c:/program files (x86)/atollic/truestudio for stm32 9.0.0/armtools/bin/../lib/gcc/arm-atollic-eabi/6.3.1/armv6-m\libgcc.a(subdf3.o)
 .ARM.attributes
                0x00000660       0x2c c:/program files (x86)/atollic/truestudio for stm32 9.0.0/armtools/bin/../lib/gcc/arm-atollic-eabi/6.3.1/armv6-m\libgcc.a(fixdfsi.o)
 .ARM.attributes
                0x0000068c       0x2c c:/program files (x86)/atollic/truestudio for stm32 9.0.0/armtools/bin/../lib/gcc/arm-atollic-eabi/6.3.1/armv6-m\libgcc.a(floatunsidf.o)
 .ARM.attributes
                0x000006b8       0x1e c:/program files (x86)/atollic/truestudio for stm32 9.0.0/armtools/bin/../lib/gcc/arm-atollic-eabi/6.3.1/armv6-m\libgcc.a(_arm_cmpdf2.o)
 .ARM.attributes
                0x000006d6       0x1e c:/program files (x86)/atollic/truestudio for stm32 9.0.0/armtools/bin/../lib/gcc/arm-atollic-eabi/6.3.1/armv6-m\libgcc.a(_clzsi2.o)
 .ARM.attributes
                0x000006f4       0x2c c:/program files (x86)/atollic/truestudio for stm32 9.0.0/armtools/bin/../lib/gcc/arm-atollic-eabi/6.3.1/armv6-m\libgcc.a(eqdf2.o)
 .ARM.attributes
                0x00000720       0x2c c:/program files (x86)/atollic/truestudio for stm32 9.0.0/armtools/bin/../lib/gcc/arm-atollic-eabi/6.3.1/armv6-m\libgcc.a(gedf2.o)
 .ARM.attributes
                0x0000074c       0x2c c:/program files (x86)/atollic/truestudio for stm32 9.0.0/armtools/bin/../lib/gcc/arm-atollic-eabi/6.3.1/armv6-m\libgcc.a(ledf2.o)
 .ARM.attributes
                0x00000778       0x2c c:/program files (x86)/atollic/truestudio for stm32 9.0.0/armtools/bin/../lib/gcc/arm-atollic-eabi/6.3.1/../../../../arm-atollic-eabi/lib/armv6-m\libnosys.a(sbrk.o)
 .ARM.attributes
                0x000007a4       0x1e c:/program files (x86)/atollic/truestudio for stm32 9.0.0/armtools/bin/../lib/gcc/arm-atollic-eabi/6.3.1/armv6-m/crtn.o
OUTPUT(CAN2I2C.elf elf32-littlearm)

.comment        0x00000000       0x7c
 .comment       0x00000000       0x7c Drivers\STM32F0xx_HAL_Driver\Src\stm32f0xx_can.o
                                 0x7d (size before relaxing)
 .comment       0x0000007c       0x7d Drivers\STM32F0xx_HAL_Driver\Src\stm32f0xx_gpio.o
 .comment       0x0000007c       0x7d Drivers\STM32F0xx_HAL_Driver\Src\stm32f0xx_i2c.o
 .comment       0x0000007c       0x7d Drivers\STM32F0xx_HAL_Driver\Src\stm32f0xx_misc.o
 .comment       0x0000007c       0x7d Drivers\STM32F0xx_HAL_Driver\Src\stm32f0xx_rcc.o
 .comment       0x0000007c       0x7d Drivers\STM32F0xx_HAL_Driver\Src\stm32f0xx_usart.o
 .comment       0x0000007c       0x7d src\can.o
 .comment       0x0000007c       0x7d src\i2c_low.o
 .comment       0x0000007c       0x7d src\main.o
 .comment       0x0000007c       0x7d src\rcc.o
 .comment       0x0000007c       0x7d src\stm32f0xx_it.o
 .comment       0x0000007c       0x7d src\system_stm32f0xx.o
 .comment       0x0000007c       0x7d src\usart.o
 .comment       0x0000007c       0x7d src\vl53l0x_api.o
 .comment       0x0000007c       0x7d src\vl53l0x_api_calibration.o
 .comment       0x0000007c       0x7d src\vl53l0x_api_core.o
 .comment       0x0000007c       0x7d src\vl53l0x_platform.o

.debug_frame    0x00000000      0x3ac
 .debug_frame   0x00000000       0x2c c:/program files (x86)/atollic/truestudio for stm32 9.0.0/armtools/bin/../lib/gcc/arm-atollic-eabi/6.3.1/../../../../arm-atollic-eabi/lib/armv6-m\libc_nano.a(lib_a-init.o)
 .debug_frame   0x0000002c       0x40 c:/program files (x86)/atollic/truestudio for stm32 9.0.0/armtools/bin/../lib/gcc/arm-atollic-eabi/6.3.1/../../../../arm-atollic-eabi/lib/armv6-m\libc_nano.a(lib_a-malloc.o)
 .debug_frame   0x0000006c       0x28 c:/program files (x86)/atollic/truestudio for stm32 9.0.0/armtools/bin/../lib/gcc/arm-atollic-eabi/6.3.1/../../../../arm-atollic-eabi/lib/armv6-m\libc_nano.a(lib_a-memcpy-stub.o)
 .debug_frame   0x00000094       0x20 c:/program files (x86)/atollic/truestudio for stm32 9.0.0/armtools/bin/../lib/gcc/arm-atollic-eabi/6.3.1/../../../../arm-atollic-eabi/lib/armv6-m\libc_nano.a(lib_a-memset.o)
 .debug_frame   0x000000b4       0x2c c:/program files (x86)/atollic/truestudio for stm32 9.0.0/armtools/bin/../lib/gcc/arm-atollic-eabi/6.3.1/../../../../arm-atollic-eabi/lib/armv6-m\libc_nano.a(lib_a-nano-freer.o)
 .debug_frame   0x000000e0       0x2c c:/program files (x86)/atollic/truestudio for stm32 9.0.0/armtools/bin/../lib/gcc/arm-atollic-eabi/6.3.1/../../../../arm-atollic-eabi/lib/armv6-m\libc_nano.a(lib_a-nano-mallocr.o)
 .debug_frame   0x0000010c       0x2c c:/program files (x86)/atollic/truestudio for stm32 9.0.0/armtools/bin/../lib/gcc/arm-atollic-eabi/6.3.1/../../../../arm-atollic-eabi/lib/armv6-m\libc_nano.a(lib_a-sbrkr.o)
 .debug_frame   0x00000138       0x30 c:/program files (x86)/atollic/truestudio for stm32 9.0.0/armtools/bin/../lib/gcc/arm-atollic-eabi/6.3.1/../../../../arm-atollic-eabi/lib/armv6-m\libc_nano.a(lib_a-mlock.o)
 .debug_frame   0x00000168       0x48 c:/program files (x86)/atollic/truestudio for stm32 9.0.0/armtools/bin/../lib/gcc/arm-atollic-eabi/6.3.1/../../../../arm-atollic-eabi/lib/armv6-m\libc_nano.a(lib_a-reent.o)
 .debug_frame   0x000001b0       0x20 c:/program files (x86)/atollic/truestudio for stm32 9.0.0/armtools/bin/../lib/gcc/arm-atollic-eabi/6.3.1/armv6-m\libgcc.a(_udivsi3.o)
 .debug_frame   0x000001d0       0x20 c:/program files (x86)/atollic/truestudio for stm32 9.0.0/armtools/bin/../lib/gcc/arm-atollic-eabi/6.3.1/armv6-m\libgcc.a(_divsi3.o)
 .debug_frame   0x000001f0       0x2c c:/program files (x86)/atollic/truestudio for stm32 9.0.0/armtools/bin/../lib/gcc/arm-atollic-eabi/6.3.1/armv6-m\libgcc.a(_fixunsdfsi.o)
 .debug_frame   0x0000021c       0x3c c:/program files (x86)/atollic/truestudio for stm32 9.0.0/armtools/bin/../lib/gcc/arm-atollic-eabi/6.3.1/armv6-m\libgcc.a(divdf3.o)
 .debug_frame   0x00000258       0x38 c:/program files (x86)/atollic/truestudio for stm32 9.0.0/armtools/bin/../lib/gcc/arm-atollic-eabi/6.3.1/armv6-m\libgcc.a(subdf3.o)
 .debug_frame   0x00000290       0x2c c:/program files (x86)/atollic/truestudio for stm32 9.0.0/armtools/bin/../lib/gcc/arm-atollic-eabi/6.3.1/armv6-m\libgcc.a(fixdfsi.o)
 .debug_frame   0x000002bc       0x28 c:/program files (x86)/atollic/truestudio for stm32 9.0.0/armtools/bin/../lib/gcc/arm-atollic-eabi/6.3.1/armv6-m\libgcc.a(floatunsidf.o)
 .debug_frame   0x000002e4       0x38 c:/program files (x86)/atollic/truestudio for stm32 9.0.0/armtools/bin/../lib/gcc/arm-atollic-eabi/6.3.1/armv6-m\libgcc.a(eqdf2.o)
 .debug_frame   0x0000031c       0x38 c:/program files (x86)/atollic/truestudio for stm32 9.0.0/armtools/bin/../lib/gcc/arm-atollic-eabi/6.3.1/armv6-m\libgcc.a(gedf2.o)
 .debug_frame   0x00000354       0x38 c:/program files (x86)/atollic/truestudio for stm32 9.0.0/armtools/bin/../lib/gcc/arm-atollic-eabi/6.3.1/armv6-m\libgcc.a(ledf2.o)
 .debug_frame   0x0000038c       0x20 c:/program files (x86)/atollic/truestudio for stm32 9.0.0/armtools/bin/../lib/gcc/arm-atollic-eabi/6.3.1/../../../../arm-atollic-eabi/lib/armv6-m\libnosys.a(sbrk.o)

.stabstr        0x00000000       0x3f
 .stabstr       0x00000000       0x3f c:/program files (x86)/atollic/truestudio for stm32 9.0.0/armtools/bin/../lib/gcc/arm-atollic-eabi/6.3.1/../../../../arm-atollic-eabi/lib/armv6-m\libnosys.a(write.o)

Cross Reference Table

Symbol                                            File
ADC1_IRQHandler                                   src\startup_stm32f042x6.o
ADC_AnalogWatchdogCmd                             Drivers\STM32F0xx_HAL_Driver\Src\stm32f0xx_adc.o
ADC_AnalogWatchdogSingleChannelCmd                Drivers\STM32F0xx_HAL_Driver\Src\stm32f0xx_adc.o
ADC_AnalogWatchdogSingleChannelConfig             Drivers\STM32F0xx_HAL_Driver\Src\stm32f0xx_adc.o
ADC_AnalogWatchdogThresholdsConfig                Drivers\STM32F0xx_HAL_Driver\Src\stm32f0xx_adc.o
ADC_AutoPowerOffCmd                               Drivers\STM32F0xx_HAL_Driver\Src\stm32f0xx_adc.o
ADC_ChannelConfig                                 Drivers\STM32F0xx_HAL_Driver\Src\stm32f0xx_adc.o
ADC_ClearFlag                                     Drivers\STM32F0xx_HAL_Driver\Src\stm32f0xx_adc.o
ADC_ClearITPendingBit                             Drivers\STM32F0xx_HAL_Driver\Src\stm32f0xx_adc.o
ADC_ClockModeConfig                               Drivers\STM32F0xx_HAL_Driver\Src\stm32f0xx_adc.o
ADC_Cmd                                           Drivers\STM32F0xx_HAL_Driver\Src\stm32f0xx_adc.o
ADC_ContinuousModeCmd                             Drivers\STM32F0xx_HAL_Driver\Src\stm32f0xx_adc.o
ADC_DMACmd                                        Drivers\STM32F0xx_HAL_Driver\Src\stm32f0xx_adc.o
ADC_DMARequestModeConfig                          Drivers\STM32F0xx_HAL_Driver\Src\stm32f0xx_adc.o
ADC_DeInit                                        Drivers\STM32F0xx_HAL_Driver\Src\stm32f0xx_adc.o
ADC_DiscModeCmd                                   Drivers\STM32F0xx_HAL_Driver\Src\stm32f0xx_adc.o
ADC_GetCalibrationFactor                          Drivers\STM32F0xx_HAL_Driver\Src\stm32f0xx_adc.o
ADC_GetConversionValue                            Drivers\STM32F0xx_HAL_Driver\Src\stm32f0xx_adc.o
ADC_GetFlagStatus                                 Drivers\STM32F0xx_HAL_Driver\Src\stm32f0xx_adc.o
ADC_GetITStatus                                   Drivers\STM32F0xx_HAL_Driver\Src\stm32f0xx_adc.o
ADC_ITConfig                                      Drivers\STM32F0xx_HAL_Driver\Src\stm32f0xx_adc.o
ADC_Init                                          Drivers\STM32F0xx_HAL_Driver\Src\stm32f0xx_adc.o
ADC_JitterCmd                                     Drivers\STM32F0xx_HAL_Driver\Src\stm32f0xx_adc.o
ADC_OverrunModeCmd                                Drivers\STM32F0xx_HAL_Driver\Src\stm32f0xx_adc.o
ADC_StartOfConversion                             Drivers\STM32F0xx_HAL_Driver\Src\stm32f0xx_adc.o
ADC_StopOfConversion                              Drivers\STM32F0xx_HAL_Driver\Src\stm32f0xx_adc.o
ADC_StructInit                                    Drivers\STM32F0xx_HAL_Driver\Src\stm32f0xx_adc.o
ADC_TempSensorCmd                                 Drivers\STM32F0xx_HAL_Driver\Src\stm32f0xx_adc.o
ADC_VbatCmd                                       Drivers\STM32F0xx_HAL_Driver\Src\stm32f0xx_adc.o
ADC_VrefintCmd                                    Drivers\STM32F0xx_HAL_Driver\Src\stm32f0xx_adc.o
ADC_WaitModeCmd                                   Drivers\STM32F0xx_HAL_Driver\Src\stm32f0xx_adc.o
AHBPrescTable                                     src\system_stm32f0xx.o
BusFault_Handler                                  src\stm32f0xx_it.o
CAN_CancelTransmit                                Drivers\STM32F0xx_HAL_Driver\Src\stm32f0xx_can.o
CAN_ClearFlag                                     Drivers\STM32F0xx_HAL_Driver\Src\stm32f0xx_can.o
CAN_ClearITPendingBit                             Drivers\STM32F0xx_HAL_Driver\Src\stm32f0xx_can.o
CAN_DBGFreeze                                     Drivers\STM32F0xx_HAL_Driver\Src\stm32f0xx_can.o
CAN_DeInit                                        Drivers\STM32F0xx_HAL_Driver\Src\stm32f0xx_can.o
                                                  src\can.o
CAN_FIFORelease                                   Drivers\STM32F0xx_HAL_Driver\Src\stm32f0xx_can.o
CAN_FilterInit                                    Drivers\STM32F0xx_HAL_Driver\Src\stm32f0xx_can.o
                                                  src\can.o
CAN_GetFlagStatus                                 Drivers\STM32F0xx_HAL_Driver\Src\stm32f0xx_can.o
CAN_GetITStatus                                   Drivers\STM32F0xx_HAL_Driver\Src\stm32f0xx_can.o
CAN_GetLSBTransmitErrorCounter                    Drivers\STM32F0xx_HAL_Driver\Src\stm32f0xx_can.o
CAN_GetLastErrorCode                              Drivers\STM32F0xx_HAL_Driver\Src\stm32f0xx_can.o
CAN_GetReceiveErrorCounter                        Drivers\STM32F0xx_HAL_Driver\Src\stm32f0xx_can.o
CAN_ITConfig                                      Drivers\STM32F0xx_HAL_Driver\Src\stm32f0xx_can.o
                                                  src\can.o
CAN_Init                                          Drivers\STM32F0xx_HAL_Driver\Src\stm32f0xx_can.o
                                                  src\can.o
CAN_MessagePending                                Drivers\STM32F0xx_HAL_Driver\Src\stm32f0xx_can.o
                                                  src\can.o
CAN_OperatingModeRequest                          Drivers\STM32F0xx_HAL_Driver\Src\stm32f0xx_can.o
CAN_Receive                                       Drivers\STM32F0xx_HAL_Driver\Src\stm32f0xx_can.o
                                                  src\can.o
CAN_SlaveStartBank                                Drivers\STM32F0xx_HAL_Driver\Src\stm32f0xx_can.o
CAN_Sleep                                         Drivers\STM32F0xx_HAL_Driver\Src\stm32f0xx_can.o
CAN_StructInit                                    Drivers\STM32F0xx_HAL_Driver\Src\stm32f0xx_can.o
                                                  src\can.o
CAN_TTComModeCmd                                  Drivers\STM32F0xx_HAL_Driver\Src\stm32f0xx_can.o
CAN_Transmit                                      Drivers\STM32F0xx_HAL_Driver\Src\stm32f0xx_can.o
                                                  src\can.o
CAN_TransmitStatus                                Drivers\STM32F0xx_HAL_Driver\Src\stm32f0xx_can.o
                                                  src\can.o
CAN_WakeUp                                        Drivers\STM32F0xx_HAL_Driver\Src\stm32f0xx_can.o
CEC_CAN_IRQHandler                                src\can.o
CEC_ClearFlag                                     Drivers\STM32F0xx_HAL_Driver\Src\stm32f0xx_cec.o
CEC_ClearITPendingBit                             Drivers\STM32F0xx_HAL_Driver\Src\stm32f0xx_cec.o
CEC_Cmd                                           Drivers\STM32F0xx_HAL_Driver\Src\stm32f0xx_cec.o
CEC_DeInit                                        Drivers\STM32F0xx_HAL_Driver\Src\stm32f0xx_cec.o
CEC_EndOfMessage                                  Drivers\STM32F0xx_HAL_Driver\Src\stm32f0xx_cec.o
CEC_GetFlagStatus                                 Drivers\STM32F0xx_HAL_Driver\Src\stm32f0xx_cec.o
CEC_GetITStatus                                   Drivers\STM32F0xx_HAL_Driver\Src\stm32f0xx_cec.o
CEC_ITConfig                                      Drivers\STM32F0xx_HAL_Driver\Src\stm32f0xx_cec.o
CEC_Init                                          Drivers\STM32F0xx_HAL_Driver\Src\stm32f0xx_cec.o
CEC_ListenModeCmd                                 Drivers\STM32F0xx_HAL_Driver\Src\stm32f0xx_cec.o
CEC_OwnAddressClear                               Drivers\STM32F0xx_HAL_Driver\Src\stm32f0xx_cec.o
CEC_OwnAddressConfig                              Drivers\STM32F0xx_HAL_Driver\Src\stm32f0xx_cec.o
CEC_ReceiveData                                   Drivers\STM32F0xx_HAL_Driver\Src\stm32f0xx_cec.o
CEC_SendData                                      Drivers\STM32F0xx_HAL_Driver\Src\stm32f0xx_cec.o
CEC_StartOfMessage                                Drivers\STM32F0xx_HAL_Driver\Src\stm32f0xx_cec.o
CEC_StructInit                                    Drivers\STM32F0xx_HAL_Driver\Src\stm32f0xx_cec.o
COMP_Cmd                                          Drivers\STM32F0xx_HAL_Driver\Src\stm32f0xx_comp.o
COMP_DeInit                                       Drivers\STM32F0xx_HAL_Driver\Src\stm32f0xx_comp.o
COMP_GetOutputLevel                               Drivers\STM32F0xx_HAL_Driver\Src\stm32f0xx_comp.o
COMP_Init                                         Drivers\STM32F0xx_HAL_Driver\Src\stm32f0xx_comp.o
COMP_LockConfig                                   Drivers\STM32F0xx_HAL_Driver\Src\stm32f0xx_comp.o
COMP_StructInit                                   Drivers\STM32F0xx_HAL_Driver\Src\stm32f0xx_comp.o
COMP_SwitchCmd                                    Drivers\STM32F0xx_HAL_Driver\Src\stm32f0xx_comp.o
COMP_WindowCmd                                    Drivers\STM32F0xx_HAL_Driver\Src\stm32f0xx_comp.o
CRC_CalcBlockCRC                                  Drivers\STM32F0xx_HAL_Driver\Src\stm32f0xx_crc.o
CRC_CalcCRC                                       Drivers\STM32F0xx_HAL_Driver\Src\stm32f0xx_crc.o
CRC_CalcCRC16bits                                 Drivers\STM32F0xx_HAL_Driver\Src\stm32f0xx_crc.o
CRC_CalcCRC8bits                                  Drivers\STM32F0xx_HAL_Driver\Src\stm32f0xx_crc.o
CRC_DeInit                                        Drivers\STM32F0xx_HAL_Driver\Src\stm32f0xx_crc.o
CRC_GetCRC                                        Drivers\STM32F0xx_HAL_Driver\Src\stm32f0xx_crc.o
CRC_GetIDRegister                                 Drivers\STM32F0xx_HAL_Driver\Src\stm32f0xx_crc.o
CRC_PolynomialSizeSelect                          Drivers\STM32F0xx_HAL_Driver\Src\stm32f0xx_crc.o
CRC_ResetDR                                       Drivers\STM32F0xx_HAL_Driver\Src\stm32f0xx_crc.o
CRC_ReverseInputDataSelect                        Drivers\STM32F0xx_HAL_Driver\Src\stm32f0xx_crc.o
CRC_ReverseOutputDataCmd                          Drivers\STM32F0xx_HAL_Driver\Src\stm32f0xx_crc.o
CRC_SetIDRegister                                 Drivers\STM32F0xx_HAL_Driver\Src\stm32f0xx_crc.o
CRC_SetInitRegister                               Drivers\STM32F0xx_HAL_Driver\Src\stm32f0xx_crc.o
CRC_SetPolynomial                                 Drivers\STM32F0xx_HAL_Driver\Src\stm32f0xx_crc.o
CRS_AdjustHSI48CalibrationValue                   Drivers\STM32F0xx_HAL_Driver\Src\stm32f0xx_crs.o
CRS_AutomaticCalibrationCmd                       Drivers\STM32F0xx_HAL_Driver\Src\stm32f0xx_crs.o
CRS_ClearFlag                                     Drivers\STM32F0xx_HAL_Driver\Src\stm32f0xx_crs.o
CRS_ClearITPendingBit                             Drivers\STM32F0xx_HAL_Driver\Src\stm32f0xx_crs.o
CRS_DeInit                                        Drivers\STM32F0xx_HAL_Driver\Src\stm32f0xx_crs.o
CRS_FrequencyErrorCounterCmd                      Drivers\STM32F0xx_HAL_Driver\Src\stm32f0xx_crs.o
CRS_FrequencyErrorCounterReload                   Drivers\STM32F0xx_HAL_Driver\Src\stm32f0xx_crs.o
CRS_FrequencyErrorLimitConfig                     Drivers\STM32F0xx_HAL_Driver\Src\stm32f0xx_crs.o
CRS_GetFlagStatus                                 Drivers\STM32F0xx_HAL_Driver\Src\stm32f0xx_crs.o
CRS_GetFrequencyErrorDirection                    Drivers\STM32F0xx_HAL_Driver\Src\stm32f0xx_crs.o
CRS_GetFrequencyErrorValue                        Drivers\STM32F0xx_HAL_Driver\Src\stm32f0xx_crs.o
CRS_GetHSI48CalibrationValue                      Drivers\STM32F0xx_HAL_Driver\Src\stm32f0xx_crs.o
CRS_GetITStatus                                   Drivers\STM32F0xx_HAL_Driver\Src\stm32f0xx_crs.o
CRS_GetReloadValue                                Drivers\STM32F0xx_HAL_Driver\Src\stm32f0xx_crs.o
CRS_ITConfig                                      Drivers\STM32F0xx_HAL_Driver\Src\stm32f0xx_crs.o
CRS_SoftwareSynchronizationGenerate               Drivers\STM32F0xx_HAL_Driver\Src\stm32f0xx_crs.o
CRS_SynchronizationPolarityConfig                 Drivers\STM32F0xx_HAL_Driver\Src\stm32f0xx_crs.o
CRS_SynchronizationPrescalerConfig                Drivers\STM32F0xx_HAL_Driver\Src\stm32f0xx_crs.o
CRS_SynchronizationSourceConfig                   Drivers\STM32F0xx_HAL_Driver\Src\stm32f0xx_crs.o
DAC_ClearFlag                                     Drivers\STM32F0xx_HAL_Driver\Src\stm32f0xx_dac.o
DAC_ClearITPendingBit                             Drivers\STM32F0xx_HAL_Driver\Src\stm32f0xx_dac.o
DAC_Cmd                                           Drivers\STM32F0xx_HAL_Driver\Src\stm32f0xx_dac.o
DAC_DMACmd                                        Drivers\STM32F0xx_HAL_Driver\Src\stm32f0xx_dac.o
DAC_DeInit                                        Drivers\STM32F0xx_HAL_Driver\Src\stm32f0xx_dac.o
DAC_DualSoftwareTriggerCmd                        Drivers\STM32F0xx_HAL_Driver\Src\stm32f0xx_dac.o
DAC_GetDataOutputValue                            Drivers\STM32F0xx_HAL_Driver\Src\stm32f0xx_dac.o
DAC_GetFlagStatus                                 Drivers\STM32F0xx_HAL_Driver\Src\stm32f0xx_dac.o
DAC_GetITStatus                                   Drivers\STM32F0xx_HAL_Driver\Src\stm32f0xx_dac.o
DAC_ITConfig                                      Drivers\STM32F0xx_HAL_Driver\Src\stm32f0xx_dac.o
DAC_Init                                          Drivers\STM32F0xx_HAL_Driver\Src\stm32f0xx_dac.o
DAC_SetChannel1Data                               Drivers\STM32F0xx_HAL_Driver\Src\stm32f0xx_dac.o
DAC_SetChannel2Data                               Drivers\STM32F0xx_HAL_Driver\Src\stm32f0xx_dac.o
DAC_SetDualChannelData                            Drivers\STM32F0xx_HAL_Driver\Src\stm32f0xx_dac.o
DAC_SoftwareTriggerCmd                            Drivers\STM32F0xx_HAL_Driver\Src\stm32f0xx_dac.o
DAC_StructInit                                    Drivers\STM32F0xx_HAL_Driver\Src\stm32f0xx_dac.o
DAC_WaveGenerationCmd                             Drivers\STM32F0xx_HAL_Driver\Src\stm32f0xx_dac.o
DBGMCU_APB1PeriphConfig                           Drivers\STM32F0xx_HAL_Driver\Src\stm32f0xx_dbgmcu.o
DBGMCU_APB2PeriphConfig                           Drivers\STM32F0xx_HAL_Driver\Src\stm32f0xx_dbgmcu.o
DBGMCU_Config                                     Drivers\STM32F0xx_HAL_Driver\Src\stm32f0xx_dbgmcu.o
DBGMCU_GetDEVID                                   Drivers\STM32F0xx_HAL_Driver\Src\stm32f0xx_dbgmcu.o
DBGMCU_GetREVID                                   Drivers\STM32F0xx_HAL_Driver\Src\stm32f0xx_dbgmcu.o
DMA1_Channel1_IRQHandler                          src\startup_stm32f042x6.o
DMA1_Channel2_3_IRQHandler                        src\startup_stm32f042x6.o
DMA1_Channel4_5_IRQHandler                        src\startup_stm32f042x6.o
DMA_ClearFlag                                     Drivers\STM32F0xx_HAL_Driver\Src\stm32f0xx_dma.o
DMA_ClearITPendingBit                             Drivers\STM32F0xx_HAL_Driver\Src\stm32f0xx_dma.o
DMA_Cmd                                           Drivers\STM32F0xx_HAL_Driver\Src\stm32f0xx_dma.o
DMA_DeInit                                        Drivers\STM32F0xx_HAL_Driver\Src\stm32f0xx_dma.o
DMA_GetCurrDataCounter                            Drivers\STM32F0xx_HAL_Driver\Src\stm32f0xx_dma.o
DMA_GetFlagStatus                                 Drivers\STM32F0xx_HAL_Driver\Src\stm32f0xx_dma.o
DMA_GetITStatus                                   Drivers\STM32F0xx_HAL_Driver\Src\stm32f0xx_dma.o
DMA_ITConfig                                      Drivers\STM32F0xx_HAL_Driver\Src\stm32f0xx_dma.o
DMA_Init                                          Drivers\STM32F0xx_HAL_Driver\Src\stm32f0xx_dma.o
DMA_SetCurrDataCounter                            Drivers\STM32F0xx_HAL_Driver\Src\stm32f0xx_dma.o
DMA_StructInit                                    Drivers\STM32F0xx_HAL_Driver\Src\stm32f0xx_dma.o
DebugMon_Handler                                  src\stm32f0xx_it.o
DefaultTuningSettings                             src\vl53l0x_api.o
Default_Handler                                   src\startup_stm32f042x6.o
DelayMil                                          src\rcc.o
                                                  src\vl53l0x_platform.o
                                                  src\main.o
                                                  src\i2c_low.o
DelaySec                                          src\rcc.o
                                                  src\main.o
EXTI0_1_IRQHandler                                src\startup_stm32f042x6.o
EXTI2_3_IRQHandler                                src\startup_stm32f042x6.o
EXTI4_15_IRQHandler                               src\startup_stm32f042x6.o
EXTI_ClearFlag                                    Drivers\STM32F0xx_HAL_Driver\Src\stm32f0xx_exti.o
EXTI_ClearITPendingBit                            Drivers\STM32F0xx_HAL_Driver\Src\stm32f0xx_exti.o
EXTI_DeInit                                       Drivers\STM32F0xx_HAL_Driver\Src\stm32f0xx_exti.o
EXTI_GenerateSWInterrupt                          Drivers\STM32F0xx_HAL_Driver\Src\stm32f0xx_exti.o
EXTI_GetFlagStatus                                Drivers\STM32F0xx_HAL_Driver\Src\stm32f0xx_exti.o
EXTI_GetITStatus                                  Drivers\STM32F0xx_HAL_Driver\Src\stm32f0xx_exti.o
EXTI_Init                                         Drivers\STM32F0xx_HAL_Driver\Src\stm32f0xx_exti.o
EXTI_StructInit                                   Drivers\STM32F0xx_HAL_Driver\Src\stm32f0xx_exti.o
FLASH_ClearFlag                                   Drivers\STM32F0xx_HAL_Driver\Src\stm32f0xx_flash.o
FLASH_EraseAllPages                               Drivers\STM32F0xx_HAL_Driver\Src\stm32f0xx_flash.o
FLASH_ErasePage                                   Drivers\STM32F0xx_HAL_Driver\Src\stm32f0xx_flash.o
FLASH_GetFlagStatus                               Drivers\STM32F0xx_HAL_Driver\Src\stm32f0xx_flash.o
FLASH_GetPrefetchBufferStatus                     Drivers\STM32F0xx_HAL_Driver\Src\stm32f0xx_flash.o
FLASH_GetStatus                                   Drivers\STM32F0xx_HAL_Driver\Src\stm32f0xx_flash.o
FLASH_IRQHandler                                  src\startup_stm32f042x6.o
FLASH_ITConfig                                    Drivers\STM32F0xx_HAL_Driver\Src\stm32f0xx_flash.o
FLASH_Lock                                        Drivers\STM32F0xx_HAL_Driver\Src\stm32f0xx_flash.o
FLASH_OB_BOOT0Config                              Drivers\STM32F0xx_HAL_Driver\Src\stm32f0xx_flash.o
FLASH_OB_BOOT0SWConfig                            Drivers\STM32F0xx_HAL_Driver\Src\stm32f0xx_flash.o
FLASH_OB_BOOTConfig                               Drivers\STM32F0xx_HAL_Driver\Src\stm32f0xx_flash.o
FLASH_OB_EnableWRP                                Drivers\STM32F0xx_HAL_Driver\Src\stm32f0xx_flash.o
FLASH_OB_Erase                                    Drivers\STM32F0xx_HAL_Driver\Src\stm32f0xx_flash.o
FLASH_OB_GetRDP                                   Drivers\STM32F0xx_HAL_Driver\Src\stm32f0xx_flash.o
FLASH_OB_GetUser                                  Drivers\STM32F0xx_HAL_Driver\Src\stm32f0xx_flash.o
FLASH_OB_GetWRP                                   Drivers\STM32F0xx_HAL_Driver\Src\stm32f0xx_flash.o
FLASH_OB_Launch                                   Drivers\STM32F0xx_HAL_Driver\Src\stm32f0xx_flash.o
FLASH_OB_Lock                                     Drivers\STM32F0xx_HAL_Driver\Src\stm32f0xx_flash.o
FLASH_OB_ProgramData                              Drivers\STM32F0xx_HAL_Driver\Src\stm32f0xx_flash.o
FLASH_OB_RDPConfig                                Drivers\STM32F0xx_HAL_Driver\Src\stm32f0xx_flash.o
FLASH_OB_SRAMParityConfig                         Drivers\STM32F0xx_HAL_Driver\Src\stm32f0xx_flash.o
FLASH_OB_Unlock                                   Drivers\STM32F0xx_HAL_Driver\Src\stm32f0xx_flash.o
FLASH_OB_UserConfig                               Drivers\STM32F0xx_HAL_Driver\Src\stm32f0xx_flash.o
FLASH_OB_VDDAConfig                               Drivers\STM32F0xx_HAL_Driver\Src\stm32f0xx_flash.o
FLASH_OB_WriteUser                                Drivers\STM32F0xx_HAL_Driver\Src\stm32f0xx_flash.o
FLASH_PrefetchBufferCmd                           Drivers\STM32F0xx_HAL_Driver\Src\stm32f0xx_flash.o
FLASH_ProgramHalfWord                             Drivers\STM32F0xx_HAL_Driver\Src\stm32f0xx_flash.o
FLASH_ProgramWord                                 Drivers\STM32F0xx_HAL_Driver\Src\stm32f0xx_flash.o
FLASH_SetLatency                                  Drivers\STM32F0xx_HAL_Driver\Src\stm32f0xx_flash.o
FLASH_Unlock                                      Drivers\STM32F0xx_HAL_Driver\Src\stm32f0xx_flash.o
FLASH_WaitForLastOperation                        Drivers\STM32F0xx_HAL_Driver\Src\stm32f0xx_flash.o
GPIO_DeInit                                       Drivers\STM32F0xx_HAL_Driver\Src\stm32f0xx_gpio.o
GPIO_Init                                         Drivers\STM32F0xx_HAL_Driver\Src\stm32f0xx_gpio.o
                                                  src\usart.o
                                                  src\rcc.o
                                                  src\i2c_low.o
                                                  src\can.o
GPIO_PinAFConfig                                  Drivers\STM32F0xx_HAL_Driver\Src\stm32f0xx_gpio.o
                                                  src\usart.o
                                                  src\i2c_low.o
                                                  src\can.o
GPIO_PinLockConfig                                Drivers\STM32F0xx_HAL_Driver\Src\stm32f0xx_gpio.o
GPIO_ReadInputData                                Drivers\STM32F0xx_HAL_Driver\Src\stm32f0xx_gpio.o
GPIO_ReadInputDataBit                             Drivers\STM32F0xx_HAL_Driver\Src\stm32f0xx_gpio.o
GPIO_ReadOutputData                               Drivers\STM32F0xx_HAL_Driver\Src\stm32f0xx_gpio.o
GPIO_ReadOutputDataBit                            Drivers\STM32F0xx_HAL_Driver\Src\stm32f0xx_gpio.o
GPIO_ResetBits                                    Drivers\STM32F0xx_HAL_Driver\Src\stm32f0xx_gpio.o
                                                  src\usart.o
                                                  src\i2c_low.o
GPIO_SetBits                                      Drivers\STM32F0xx_HAL_Driver\Src\stm32f0xx_gpio.o
                                                  src\usart.o
                                                  src\i2c_low.o
GPIO_StructInit                                   Drivers\STM32F0xx_HAL_Driver\Src\stm32f0xx_gpio.o
                                                  src\rcc.o
GPIO_Write                                        Drivers\STM32F0xx_HAL_Driver\Src\stm32f0xx_gpio.o
GPIO_WriteBit                                     Drivers\STM32F0xx_HAL_Driver\Src\stm32f0xx_gpio.o
HardFault_Handler                                 src\stm32f0xx_it.o
                                                  src\startup_stm32f042x6.o
I2C1_IRQHandler                                   src\startup_stm32f042x6.o
I2C_10BitAddressHeaderCmd                         Drivers\STM32F0xx_HAL_Driver\Src\stm32f0xx_i2c.o
I2C_10BitAddressingModeCmd                        Drivers\STM32F0xx_HAL_Driver\Src\stm32f0xx_i2c.o
I2C_AcknowledgeConfig                             Drivers\STM32F0xx_HAL_Driver\Src\stm32f0xx_i2c.o
I2C_AutoEndCmd                                    Drivers\STM32F0xx_HAL_Driver\Src\stm32f0xx_i2c.o
I2C_CalculatePEC                                  Drivers\STM32F0xx_HAL_Driver\Src\stm32f0xx_i2c.o
I2C_ClearFlag                                     Drivers\STM32F0xx_HAL_Driver\Src\stm32f0xx_i2c.o
                                                  src\i2c_low.o
I2C_ClearITPendingBit                             Drivers\STM32F0xx_HAL_Driver\Src\stm32f0xx_i2c.o
I2C_ClockTimeoutCmd                               Drivers\STM32F0xx_HAL_Driver\Src\stm32f0xx_i2c.o
I2C_Cmd                                           Drivers\STM32F0xx_HAL_Driver\Src\stm32f0xx_i2c.o
                                                  src\i2c_low.o
I2C_DMACmd                                        Drivers\STM32F0xx_HAL_Driver\Src\stm32f0xx_i2c.o
I2C_DeInit                                        Drivers\STM32F0xx_HAL_Driver\Src\stm32f0xx_i2c.o
I2C_DualAddressCmd                                Drivers\STM32F0xx_HAL_Driver\Src\stm32f0xx_i2c.o
I2C_ExtendedClockTimeoutCmd                       Drivers\STM32F0xx_HAL_Driver\Src\stm32f0xx_i2c.o
I2C_GeneralCallCmd                                Drivers\STM32F0xx_HAL_Driver\Src\stm32f0xx_i2c.o
I2C_GenerateSTART                                 Drivers\STM32F0xx_HAL_Driver\Src\stm32f0xx_i2c.o
I2C_GenerateSTOP                                  Drivers\STM32F0xx_HAL_Driver\Src\stm32f0xx_i2c.o
I2C_GetAddressMatched                             Drivers\STM32F0xx_HAL_Driver\Src\stm32f0xx_i2c.o
I2C_GetFlagStatus                                 Drivers\STM32F0xx_HAL_Driver\Src\stm32f0xx_i2c.o
                                                  src\i2c_low.o
I2C_GetITStatus                                   Drivers\STM32F0xx_HAL_Driver\Src\stm32f0xx_i2c.o
I2C_GetPEC                                        Drivers\STM32F0xx_HAL_Driver\Src\stm32f0xx_i2c.o
I2C_GetTransferDirection                          Drivers\STM32F0xx_HAL_Driver\Src\stm32f0xx_i2c.o
I2C_ITConfig                                      Drivers\STM32F0xx_HAL_Driver\Src\stm32f0xx_i2c.o
I2C_IdleClockTimeoutCmd                           Drivers\STM32F0xx_HAL_Driver\Src\stm32f0xx_i2c.o
I2C_Init                                          Drivers\STM32F0xx_HAL_Driver\Src\stm32f0xx_i2c.o
                                                  src\i2c_low.o
I2C_MasterRequestConfig                           Drivers\STM32F0xx_HAL_Driver\Src\stm32f0xx_i2c.o
I2C_NumberOfBytesConfig                           Drivers\STM32F0xx_HAL_Driver\Src\stm32f0xx_i2c.o
I2C_OwnAddress2Config                             Drivers\STM32F0xx_HAL_Driver\Src\stm32f0xx_i2c.o
I2C_PECRequestCmd                                 Drivers\STM32F0xx_HAL_Driver\Src\stm32f0xx_i2c.o
I2C_RdReg                                         src\i2c_low.o
                                                  src\i2c.o
I2C_RdRegLW                                       src\i2c_low.o
                                                  src\vl53l0x_platform.o
                                                  src\can.o
I2C_ReadRegister                                  Drivers\STM32F0xx_HAL_Driver\Src\stm32f0xx_i2c.o
I2C_ReceiveData                                   Drivers\STM32F0xx_HAL_Driver\Src\stm32f0xx_i2c.o
                                                  src\i2c_low.o
I2C_ReloadCmd                                     Drivers\STM32F0xx_HAL_Driver\Src\stm32f0xx_i2c.o
I2C_SMBusAlertCmd                                 Drivers\STM32F0xx_HAL_Driver\Src\stm32f0xx_i2c.o
I2C_SendData                                      Drivers\STM32F0xx_HAL_Driver\Src\stm32f0xx_i2c.o
                                                  src\i2c_low.o
I2C_SlaveAddressConfig                            Drivers\STM32F0xx_HAL_Driver\Src\stm32f0xx_i2c.o
I2C_SlaveByteControlCmd                           Drivers\STM32F0xx_HAL_Driver\Src\stm32f0xx_i2c.o
I2C_SoftwareResetCmd                              Drivers\STM32F0xx_HAL_Driver\Src\stm32f0xx_i2c.o
I2C_StopModeCmd                                   Drivers\STM32F0xx_HAL_Driver\Src\stm32f0xx_i2c.o
I2C_StretchClockCmd                               Drivers\STM32F0xx_HAL_Driver\Src\stm32f0xx_i2c.o
I2C_StructInit                                    Drivers\STM32F0xx_HAL_Driver\Src\stm32f0xx_i2c.o
I2C_TimeoutAConfig                                Drivers\STM32F0xx_HAL_Driver\Src\stm32f0xx_i2c.o
I2C_TimeoutBConfig                                Drivers\STM32F0xx_HAL_Driver\Src\stm32f0xx_i2c.o
I2C_TransferHandling                              Drivers\STM32F0xx_HAL_Driver\Src\stm32f0xx_i2c.o
                                                  src\i2c_low.o
I2C_WrReg                                         src\i2c_low.o
                                                  src\vl53l0x_platform.o
                                                  src\main.o
                                                  src\i2c.o
                                                  src\can.o
I2C_listDev                                       src\i2c_low.o
                                                  src\i2c.o
I2S_Cmd                                           Drivers\STM32F0xx_HAL_Driver\Src\stm32f0xx_spi.o
I2S_Init                                          Drivers\STM32F0xx_HAL_Driver\Src\stm32f0xx_spi.o
I2S_StructInit                                    Drivers\STM32F0xx_HAL_Driver\Src\stm32f0xx_spi.o
IWDG_Enable                                       Drivers\STM32F0xx_HAL_Driver\Src\stm32f0xx_iwdg.o
IWDG_GetFlagStatus                                Drivers\STM32F0xx_HAL_Driver\Src\stm32f0xx_iwdg.o
IWDG_ReloadCounter                                Drivers\STM32F0xx_HAL_Driver\Src\stm32f0xx_iwdg.o
IWDG_SetPrescaler                                 Drivers\STM32F0xx_HAL_Driver\Src\stm32f0xx_iwdg.o
IWDG_SetReload                                    Drivers\STM32F0xx_HAL_Driver\Src\stm32f0xx_iwdg.o
IWDG_SetWindowValue                               Drivers\STM32F0xx_HAL_Driver\Src\stm32f0xx_iwdg.o
IWDG_WriteAccessCmd                               Drivers\STM32F0xx_HAL_Driver\Src\stm32f0xx_iwdg.o
InterruptThresholdSettings                        src\vl53l0x_api.o
MemManage_Handler                                 src\stm32f0xx_it.o
Milliseconds                                      src\rcc.o
MyDevice                                          src\can.o
NMI_Handler                                       src\stm32f0xx_it.o
                                                  src\startup_stm32f042x6.o
NVIC_Init                                         Drivers\STM32F0xx_HAL_Driver\Src\stm32f0xx_misc.o
                                                  src\usart.o
                                                  src\can.o
NVIC_SystemLPConfig                               Drivers\STM32F0xx_HAL_Driver\Src\stm32f0xx_misc.o
PVD_VDDIO2_IRQHandler                             src\startup_stm32f042x6.o
PWR_BackupAccessCmd                               Drivers\STM32F0xx_HAL_Driver\Src\stm32f0xx_pwr.o
PWR_ClearFlag                                     Drivers\STM32F0xx_HAL_Driver\Src\stm32f0xx_pwr.o
PWR_DeInit                                        Drivers\STM32F0xx_HAL_Driver\Src\stm32f0xx_pwr.o
PWR_EnterSTANDBYMode                              Drivers\STM32F0xx_HAL_Driver\Src\stm32f0xx_pwr.o
PWR_EnterSTOPMode                                 Drivers\STM32F0xx_HAL_Driver\Src\stm32f0xx_pwr.o
PWR_EnterSleepMode                                Drivers\STM32F0xx_HAL_Driver\Src\stm32f0xx_pwr.o
PWR_GetFlagStatus                                 Drivers\STM32F0xx_HAL_Driver\Src\stm32f0xx_pwr.o
PWR_PVDCmd                                        Drivers\STM32F0xx_HAL_Driver\Src\stm32f0xx_pwr.o
PWR_PVDLevelConfig                                Drivers\STM32F0xx_HAL_Driver\Src\stm32f0xx_pwr.o
PWR_WakeUpPinCmd                                  Drivers\STM32F0xx_HAL_Driver\Src\stm32f0xx_pwr.o
PendSV_Handler                                    src\stm32f0xx_it.o
                                                  src\startup_stm32f042x6.o
PrescalerValue                                    src\rcc.o
RCC_ADCCLKConfig                                  Drivers\STM32F0xx_HAL_Driver\Src\stm32f0xx_rcc.o
RCC_AHBPeriphClockCmd                             Drivers\STM32F0xx_HAL_Driver\Src\stm32f0xx_rcc.o
                                                  src\usart.o
                                                  src\rcc.o
                                                  src\can.o
RCC_AHBPeriphResetCmd                             Drivers\STM32F0xx_HAL_Driver\Src\stm32f0xx_rcc.o
                                                  Drivers\STM32F0xx_HAL_Driver\Src\stm32f0xx_gpio.o
RCC_APB1PeriphClockCmd                            Drivers\STM32F0xx_HAL_Driver\Src\stm32f0xx_rcc.o
                                                  src\i2c_low.o
                                                  src\can.o
RCC_APB1PeriphResetCmd                            Drivers\STM32F0xx_HAL_Driver\Src\stm32f0xx_rcc.o
                                                  Drivers\STM32F0xx_HAL_Driver\Src\stm32f0xx_wwdg.o
                                                  Drivers\STM32F0xx_HAL_Driver\Src\stm32f0xx_usart.o
                                                  Drivers\STM32F0xx_HAL_Driver\Src\stm32f0xx_tim.o
                                                  Drivers\STM32F0xx_HAL_Driver\Src\stm32f0xx_spi.o
                                                  Drivers\STM32F0xx_HAL_Driver\Src\stm32f0xx_pwr.o
                                                  Drivers\STM32F0xx_HAL_Driver\Src\stm32f0xx_i2c.o
                                                  Drivers\STM32F0xx_HAL_Driver\Src\stm32f0xx_dac.o
                                                  Drivers\STM32F0xx_HAL_Driver\Src\stm32f0xx_crs.o
                                                  Drivers\STM32F0xx_HAL_Driver\Src\stm32f0xx_cec.o
                                                  Drivers\STM32F0xx_HAL_Driver\Src\stm32f0xx_can.o
RCC_APB2PeriphClockCmd                            Drivers\STM32F0xx_HAL_Driver\Src\stm32f0xx_rcc.o
                                                  src\usart.o
RCC_APB2PeriphResetCmd                            Drivers\STM32F0xx_HAL_Driver\Src\stm32f0xx_rcc.o
                                                  Drivers\STM32F0xx_HAL_Driver\Src\stm32f0xx_usart.o
                                                  Drivers\STM32F0xx_HAL_Driver\Src\stm32f0xx_tim.o
                                                  Drivers\STM32F0xx_HAL_Driver\Src\stm32f0xx_spi.o
                                                  Drivers\STM32F0xx_HAL_Driver\Src\stm32f0xx_adc.o
RCC_AdjustHSI14CalibrationValue                   Drivers\STM32F0xx_HAL_Driver\Src\stm32f0xx_rcc.o
RCC_AdjustHSICalibrationValue                     Drivers\STM32F0xx_HAL_Driver\Src\stm32f0xx_rcc.o
RCC_BackupResetCmd                                Drivers\STM32F0xx_HAL_Driver\Src\stm32f0xx_rcc.o
RCC_CECCLKConfig                                  Drivers\STM32F0xx_HAL_Driver\Src\stm32f0xx_rcc.o
RCC_CRS_IRQHandler                                src\startup_stm32f042x6.o
RCC_ClearFlag                                     Drivers\STM32F0xx_HAL_Driver\Src\stm32f0xx_rcc.o
RCC_ClearITPendingBit                             Drivers\STM32F0xx_HAL_Driver\Src\stm32f0xx_rcc.o
RCC_ClockSecuritySystemCmd                        Drivers\STM32F0xx_HAL_Driver\Src\stm32f0xx_rcc.o
RCC_DeInit                                        Drivers\STM32F0xx_HAL_Driver\Src\stm32f0xx_rcc.o
RCC_GetClocksFreq                                 Drivers\STM32F0xx_HAL_Driver\Src\stm32f0xx_rcc.o
                                                  Drivers\STM32F0xx_HAL_Driver\Src\stm32f0xx_usart.o
                                                  Drivers\STM32F0xx_HAL_Driver\Src\stm32f0xx_spi.o
RCC_GetFlagStatus                                 Drivers\STM32F0xx_HAL_Driver\Src\stm32f0xx_rcc.o
RCC_GetITStatus                                   Drivers\STM32F0xx_HAL_Driver\Src\stm32f0xx_rcc.o
RCC_GetSYSCLKSource                               Drivers\STM32F0xx_HAL_Driver\Src\stm32f0xx_rcc.o
RCC_HCLKConfig                                    Drivers\STM32F0xx_HAL_Driver\Src\stm32f0xx_rcc.o
RCC_HSEConfig                                     Drivers\STM32F0xx_HAL_Driver\Src\stm32f0xx_rcc.o
RCC_HSI14ADCRequestCmd                            Drivers\STM32F0xx_HAL_Driver\Src\stm32f0xx_rcc.o
RCC_HSI14Cmd                                      Drivers\STM32F0xx_HAL_Driver\Src\stm32f0xx_rcc.o
RCC_HSI48Cmd                                      Drivers\STM32F0xx_HAL_Driver\Src\stm32f0xx_rcc.o
RCC_HSICmd                                        Drivers\STM32F0xx_HAL_Driver\Src\stm32f0xx_rcc.o
RCC_I2CCLKConfig                                  Drivers\STM32F0xx_HAL_Driver\Src\stm32f0xx_rcc.o
RCC_ITConfig                                      Drivers\STM32F0xx_HAL_Driver\Src\stm32f0xx_rcc.o
RCC_LSEConfig                                     Drivers\STM32F0xx_HAL_Driver\Src\stm32f0xx_rcc.o
RCC_LSEDriveConfig                                Drivers\STM32F0xx_HAL_Driver\Src\stm32f0xx_rcc.o
RCC_LSICmd                                        Drivers\STM32F0xx_HAL_Driver\Src\stm32f0xx_rcc.o
RCC_MCOConfig                                     Drivers\STM32F0xx_HAL_Driver\Src\stm32f0xx_rcc.o
RCC_PCLKConfig                                    Drivers\STM32F0xx_HAL_Driver\Src\stm32f0xx_rcc.o
RCC_PLLCmd                                        Drivers\STM32F0xx_HAL_Driver\Src\stm32f0xx_rcc.o
RCC_PLLConfig                                     Drivers\STM32F0xx_HAL_Driver\Src\stm32f0xx_rcc.o
RCC_PREDIV1Config                                 Drivers\STM32F0xx_HAL_Driver\Src\stm32f0xx_rcc.o
RCC_RTCCLKCmd                                     Drivers\STM32F0xx_HAL_Driver\Src\stm32f0xx_rcc.o
RCC_RTCCLKConfig                                  Drivers\STM32F0xx_HAL_Driver\Src\stm32f0xx_rcc.o
RCC_SYSCLKConfig                                  Drivers\STM32F0xx_HAL_Driver\Src\stm32f0xx_rcc.o
RCC_USARTCLKConfig                                Drivers\STM32F0xx_HAL_Driver\Src\stm32f0xx_rcc.o
RCC_USBCLKConfig                                  Drivers\STM32F0xx_HAL_Driver\Src\stm32f0xx_rcc.o
RCC_WaitForHSEStartUp                             Drivers\STM32F0xx_HAL_Driver\Src\stm32f0xx_rcc.o
RTC_AlarmCmd                                      Drivers\STM32F0xx_HAL_Driver\Src\stm32f0xx_rtc.o
RTC_AlarmStructInit                               Drivers\STM32F0xx_HAL_Driver\Src\stm32f0xx_rtc.o
RTC_AlarmSubSecondConfig                          Drivers\STM32F0xx_HAL_Driver\Src\stm32f0xx_rtc.o
RTC_BypassShadowCmd                               Drivers\STM32F0xx_HAL_Driver\Src\stm32f0xx_rtc.o
RTC_CalibOutputCmd                                Drivers\STM32F0xx_HAL_Driver\Src\stm32f0xx_rtc.o
RTC_CalibOutputConfig                             Drivers\STM32F0xx_HAL_Driver\Src\stm32f0xx_rtc.o
RTC_ClearFlag                                     Drivers\STM32F0xx_HAL_Driver\Src\stm32f0xx_rtc.o
RTC_ClearITPendingBit                             Drivers\STM32F0xx_HAL_Driver\Src\stm32f0xx_rtc.o
RTC_DateStructInit                                Drivers\STM32F0xx_HAL_Driver\Src\stm32f0xx_rtc.o
RTC_DayLightSavingConfig                          Drivers\STM32F0xx_HAL_Driver\Src\stm32f0xx_rtc.o
RTC_DeInit                                        Drivers\STM32F0xx_HAL_Driver\Src\stm32f0xx_rtc.o
RTC_EnterInitMode                                 Drivers\STM32F0xx_HAL_Driver\Src\stm32f0xx_rtc.o
RTC_ExitInitMode                                  Drivers\STM32F0xx_HAL_Driver\Src\stm32f0xx_rtc.o
RTC_GetAlarm                                      Drivers\STM32F0xx_HAL_Driver\Src\stm32f0xx_rtc.o
RTC_GetAlarmSubSecond                             Drivers\STM32F0xx_HAL_Driver\Src\stm32f0xx_rtc.o
RTC_GetDate                                       Drivers\STM32F0xx_HAL_Driver\Src\stm32f0xx_rtc.o
RTC_GetFlagStatus                                 Drivers\STM32F0xx_HAL_Driver\Src\stm32f0xx_rtc.o
RTC_GetITStatus                                   Drivers\STM32F0xx_HAL_Driver\Src\stm32f0xx_rtc.o
RTC_GetStoreOperation                             Drivers\STM32F0xx_HAL_Driver\Src\stm32f0xx_rtc.o
RTC_GetSubSecond                                  Drivers\STM32F0xx_HAL_Driver\Src\stm32f0xx_rtc.o
RTC_GetTime                                       Drivers\STM32F0xx_HAL_Driver\Src\stm32f0xx_rtc.o
RTC_GetTimeStamp                                  Drivers\STM32F0xx_HAL_Driver\Src\stm32f0xx_rtc.o
RTC_GetTimeStampSubSecond                         Drivers\STM32F0xx_HAL_Driver\Src\stm32f0xx_rtc.o
RTC_GetWakeUpCounter                              Drivers\STM32F0xx_HAL_Driver\Src\stm32f0xx_rtc.o
RTC_IRQHandler                                    src\startup_stm32f042x6.o
RTC_ITConfig                                      Drivers\STM32F0xx_HAL_Driver\Src\stm32f0xx_rtc.o
RTC_Init                                          Drivers\STM32F0xx_HAL_Driver\Src\stm32f0xx_rtc.o
RTC_OutputConfig                                  Drivers\STM32F0xx_HAL_Driver\Src\stm32f0xx_rtc.o
RTC_OutputTypeConfig                              Drivers\STM32F0xx_HAL_Driver\Src\stm32f0xx_rtc.o
RTC_ReadBackupRegister                            Drivers\STM32F0xx_HAL_Driver\Src\stm32f0xx_rtc.o
RTC_RefClockCmd                                   Drivers\STM32F0xx_HAL_Driver\Src\stm32f0xx_rtc.o
RTC_SetAlarm                                      Drivers\STM32F0xx_HAL_Driver\Src\stm32f0xx_rtc.o