stm32f0xx_cec.c:145:6:CEC_DeInit	8	static
stm32f0xx_cec.c:159:6:CEC_Init	8	static
stm32f0xx_cec.c:194:6:CEC_StructInit	0	static
stm32f0xx_cec.c:211:6:CEC_Cmd	0	static
stm32f0xx_cec.c:233:6:CEC_ListenModeCmd	0	static
stm32f0xx_cec.c:254:6:CEC_OwnAddressConfig	0	static
stm32f0xx_cec.c:269:6:CEC_OwnAddressClear	0	static
stm32f0xx_cec.c:299:6:CEC_SendData	0	static
stm32f0xx_cec.c:310:9:CEC_ReceiveData	0	static
stm32f0xx_cec.c:321:6:CEC_StartOfMessage	0	static
stm32f0xx_cec.c:332:6:CEC_EndOfMessage	0	static
stm32f0xx_cec.c:432:6:CEC_ITConfig	0	static
stm32f0xx_cec.c:469:12:CEC_GetFlagStatus	0	static
stm32f0xx_cec.c:510:6:CEC_ClearFlag	0	static
stm32f0xx_cec.c:537:10:CEC_GetITStatus	0	static
stm32f0xx_cec.c:583:6:CEC_ClearITPendingBit	0	static
