stm32f0xx_dma.c:129:6:DMA_DeInit	16	static
stm32f0xx_dma.c:199:6:DMA_Init	16	static
stm32f0xx_dma.c:258:6:DMA_StructInit	0	static
stm32f0xx_dma.c:294:6:DMA_Cmd	16	static
stm32f0xx_dma.c:354:6:DMA_SetCurrDataCounter	16	static
stm32f0xx_dma.c:373:10:DMA_GetCurrDataCounter	8	static
stm32f0xx_dma.c:449:6:DMA_ITConfig	16	static
stm32f0xx_dma.c:618:10:DMA_GetITStatus	8	static
stm32f0xx_dma.c:507:12:DMA_GetFlagStatus	8	static
stm32f0xx_dma.c:680:6:DMA_ClearITPendingBit	8	static
stm32f0xx_dma.c:569:6:DMA_ClearFlag	8	static
