stm32f0xx_gpio.c:119:6:GPIO_DeInit	8	static
stm32f0xx_gpio.c:169:6:GPIO_Init	32	static
stm32f0xx_gpio.c:224:6:GPIO_StructInit	0	static
stm32f0xx_gpio.c:245:6:GPIO_PinLockConfig	24	static
stm32f0xx_gpio.c:294:9:GPIO_ReadInputDataBit	16	static
stm32f0xx_gpio.c:320:10:GPIO_ReadInputData	8	static
stm32f0xx_gpio.c:340:9:GPIO_ReadOutputDataBit	16	static
stm32f0xx_gpio.c:366:10:GPIO_ReadOutputData	8	static
stm32f0xx_gpio.c:386:6:GPIO_SetBits	16	static
stm32f0xx_gpio.c:407:6:GPIO_ResetBits	16	static
stm32f0xx_gpio.c:432:6:GPIO_WriteBit	16	static
stm32f0xx_gpio.c:457:6:GPIO_Write	16	static
stm32f0xx_gpio.c:508:6:GPIO_PinAFConfig	32	static
