stm32f0xx_rtc.c:2481:16:RTC_ByteToBcd2	0	static
stm32f0xx_rtc.c:2499:16:RTC_Bcd2ToByte	0	static
stm32f0xx_rtc.c:427:6:RTC_StructInit	0	static
stm32f0xx_rtc.c:449:6:RTC_WriteProtectionCmd	0	static
stm32f0xx_rtc.c:476:13:RTC_EnterInitMode	16	static
stm32f0xx_rtc.c:521:6:RTC_ExitInitMode	0	static
stm32f0xx_rtc.c:381:13:RTC_Init	16	static
stm32f0xx_rtc.c:543:13:RTC_WaitForSynchro	16	static
stm32f0xx_rtc.c:320:13:RTC_DeInit	8	static
stm32f0xx_rtc.c:594:13:RTC_RefClockCmd	16	static
stm32f0xx_rtc.c:642:6:RTC_BypassShadowCmd	0	static
stm32f0xx_rtc.c:696:13:RTC_SetTime	32	static
stm32f0xx_rtc.c:800:6:RTC_TimeStructInit	0	static
stm32f0xx_rtc.c:819:6:RTC_GetTime	24	static
stm32f0xx_rtc.c:852:10:RTC_GetSubSecond	0	static
stm32f0xx_rtc.c:877:13:RTC_SetDate	24	static
stm32f0xx_rtc.c:968:6:RTC_DateStructInit	0	static
stm32f0xx_rtc.c:987:6:RTC_GetDate	16	static
stm32f0xx_rtc.c:1047:6:RTC_SetAlarm	40	static
stm32f0xx_rtc.c:1151:6:RTC_AlarmStructInit	0	static
stm32f0xx_rtc.c:1180:6:RTC_GetAlarm	32	static
stm32f0xx_rtc.c:1226:13:RTC_AlarmCmd	16	static
stm32f0xx_rtc.c:1318:6:RTC_AlarmSubSecondConfig	0	static
stm32f0xx_rtc.c:1350:10:RTC_GetAlarmSubSecond	0	static
stm32f0xx_rtc.c:1393:6:RTC_WakeUpClockConfig	0	static
stm32f0xx_rtc.c:1421:6:RTC_SetWakeUpCounter	0	static
stm32f0xx_rtc.c:1443:10:RTC_GetWakeUpCounter	0	static
stm32f0xx_rtc.c:1456:13:RTC_WakeUpCmd	16	static
stm32f0xx_rtc.c:1534:6:RTC_DayLightSavingConfig	8	static
stm32f0xx_rtc.c:1561:10:RTC_GetStoreOperation	0	static
stm32f0xx_rtc.c:1598:6:RTC_OutputConfig	8	static
stm32f0xx_rtc.c:1640:6:RTC_CalibOutputCmd	0	static
stm32f0xx_rtc.c:1672:6:RTC_CalibOutputConfig	0	static
stm32f0xx_rtc.c:1708:13:RTC_SmoothCalibConfig	16	static
stm32f0xx_rtc.c:1784:6:RTC_TimeStampCmd	8	static
stm32f0xx_rtc.c:1828:6:RTC_GetTimeStamp	40	static
stm32f0xx_rtc.c:1872:10:RTC_GetTimeStampSubSecond	0	static
stm32f0xx_rtc.c:1909:6:RTC_TamperTriggerConfig	0	static
stm32f0xx_rtc.c:1937:6:RTC_TamperCmd	0	static
stm32f0xx_rtc.c:1968:6:RTC_TamperFilterConfig	0	static
stm32f0xx_rtc.c:2002:6:RTC_TamperSamplingFreqConfig	0	static
stm32f0xx_rtc.c:2025:6:RTC_TamperPinsPrechargeDuration	0	static
stm32f0xx_rtc.c:2045:6:RTC_TimeStampOnTamperDetectionCmd	0	static
stm32f0xx_rtc.c:2068:6:RTC_TamperPullUpCmd	0	static
stm32f0xx_rtc.c:2109:6:RTC_WriteBackupRegister	8	static
stm32f0xx_rtc.c:2130:10:RTC_ReadBackupRegister	8	static
stm32f0xx_rtc.c:2170:6:RTC_OutputTypeConfig	0	static
stm32f0xx_rtc.c:2208:13:RTC_SynchroShiftConfig	16	static
stm32f0xx_rtc.c:2318:6:RTC_ITConfig	8	static
stm32f0xx_rtc.c:2362:12:RTC_GetFlagStatus	0	static
stm32f0xx_rtc.c:2398:6:RTC_ClearFlag	0	static
stm32f0xx_rtc.c:2418:10:RTC_GetITStatus	12	static
stm32f0xx_rtc.c:2458:6:RTC_ClearITPendingBit	0	static
