stm32f0xx_adc.c:130:6:ADC_DeInit	8	static
stm32f0xx_adc.c:156:6:ADC_Init	16	static
stm32f0xx_adc.c:201:6:ADC_StructInit	0	static
stm32f0xx_adc.c:230:6:ADC_Cmd	16	static
stm32f0xx_adc.c:260:6:ADC_ClockModeConfig	16	static
stm32f0xx_adc.c:284:6:ADC_JitterCmd	16	static
stm32f0xx_adc.c:340:6:ADC_AutoPowerOffCmd	16	static
stm32f0xx_adc.c:374:6:ADC_WaitModeCmd	16	static
stm32f0xx_adc.c:426:6:ADC_AnalogWatchdogCmd	16	static
stm32f0xx_adc.c:453:6:ADC_AnalogWatchdogThresholdsConfig	32	static
stm32f0xx_adc.c:494:6:ADC_AnalogWatchdogSingleChannelConfig	16	static
stm32f0xx_adc.c:522:6:ADC_AnalogWatchdogSingleChannelCmd	16	static
stm32f0xx_adc.c:574:6:ADC_TempSensorCmd	8	static
stm32f0xx_adc.c:597:6:ADC_VrefintCmd	8	static
stm32f0xx_adc.c:621:6:ADC_VbatCmd	8	static
stm32f0xx_adc.c:714:6:ADC_ChannelConfig	16	static
stm32f0xx_adc.c:746:6:ADC_ContinuousModeCmd	16	static
stm32f0xx_adc.c:774:6:ADC_DiscModeCmd	16	static
stm32f0xx_adc.c:799:6:ADC_OverrunModeCmd	16	static
stm32f0xx_adc.c:824:10:ADC_GetCalibrationFactor	8	static
stm32f0xx_adc.c:861:6:ADC_StopOfConversion	8	static
stm32f0xx_adc.c:876:6:ADC_StartOfConversion	8	static
stm32f0xx_adc.c:889:10:ADC_GetConversionValue	8	static
stm32f0xx_adc.c:933:6:ADC_DMACmd	16	static
stm32f0xx_adc.c:960:6:ADC_DMARequestModeConfig	16	static
stm32f0xx_adc.c:1068:6:ADC_ITConfig	24	static
stm32f0xx_adc.c:1105:12:ADC_GetFlagStatus	16	static
stm32f0xx_adc.c:1174:10:ADC_GetITStatus	16	static
stm32f0xx_adc.c:1214:6:ADC_ClearITPendingBit	16	static
stm32f0xx_adc.c:1151:6:ADC_ClearFlag	8	static
