stm32f0xx_rcc.c:146:6:RCC_DeInit	0	static
stm32f0xx_rcc.c:201:6:RCC_HSEConfig	0	static
stm32f0xx_rcc.c:261:6:RCC_AdjustHSICalibrationValue	0	static
stm32f0xx_rcc.c:295:6:RCC_HSICmd	0	static
stm32f0xx_rcc.c:321:6:RCC_AdjustHSI14CalibrationValue	0	static
stm32f0xx_rcc.c:352:6:RCC_HSI14Cmd	0	static
stm32f0xx_rcc.c:373:6:RCC_HSI14ADCRequestCmd	0	static
stm32f0xx_rcc.c:405:6:RCC_LSEConfig	0	static
stm32f0xx_rcc.c:431:6:RCC_LSEDriveConfig	0	static
stm32f0xx_rcc.c:455:6:RCC_LSICmd	0	static
stm32f0xx_rcc.c:488:6:RCC_PLLConfig	8	static
stm32f0xx_rcc.c:512:6:RCC_PLLCmd	0	static
stm32f0xx_rcc.c:538:6:RCC_HSI48Cmd	0	static
stm32f0xx_rcc.c:560:6:RCC_PREDIV1Config	0	static
stm32f0xx_rcc.c:587:6:RCC_ClockSecuritySystemCmd	0	static
stm32f0xx_rcc.c:656:6:RCC_MCOConfig	0	static
stm32f0xx_rcc.c:772:6:RCC_SYSCLKConfig	0	static
stm32f0xx_rcc.c:801:9:RCC_GetSYSCLKSource	0	static
stm32f0xx_rcc.c:822:6:RCC_HCLKConfig	0	static
stm32f0xx_rcc.c:853:6:RCC_PCLKConfig	0	static
stm32f0xx_rcc.c:884:6:RCC_ADCCLKConfig	0	static
stm32f0xx_rcc.c:909:6:RCC_CECCLKConfig	0	static
stm32f0xx_rcc.c:929:6:RCC_I2CCLKConfig	0	static
stm32f0xx_rcc.c:955:6:RCC_USARTCLKConfig	0	static
stm32f0xx_rcc.c:991:6:RCC_USBCLKConfig	0	static
stm32f0xx_rcc.c:1044:6:RCC_GetClocksFreq	16	static
stm32f0xx_rcc.c:1254:6:RCC_RTCCLKConfig	0	static
stm32f0xx_rcc.c:1271:6:RCC_RTCCLKCmd	0	static
stm32f0xx_rcc.c:1294:6:RCC_BackupResetCmd	0	static
stm32f0xx_rcc.c:1331:6:RCC_AHBPeriphClockCmd	0	static
stm32f0xx_rcc.c:1367:6:RCC_APB2PeriphClockCmd	0	static
stm32f0xx_rcc.c:1412:6:RCC_APB1PeriphClockCmd	0	static
stm32f0xx_rcc.c:1443:6:RCC_AHBPeriphResetCmd	0	static
stm32f0xx_rcc.c:1476:6:RCC_APB2PeriphResetCmd	0	static
stm32f0xx_rcc.c:1518:6:RCC_APB1PeriphResetCmd	0	static
stm32f0xx_rcc.c:1570:6:RCC_ITConfig	0	static
stm32f0xx_rcc.c:1609:12:RCC_GetFlagStatus	0	static
stm32f0xx_rcc.c:227:13:RCC_WaitForHSEStartUp	16	static
stm32f0xx_rcc.c:1661:6:RCC_ClearFlag	0	static
stm32f0xx_rcc.c:1681:10:RCC_GetITStatus	0	static
stm32f0xx_rcc.c:1715:6:RCC_ClearITPendingBit	0	static
