stm32f0xx_can.c:153:6:CAN_DeInit	8	static
stm32f0xx_can.c:173:9:CAN_Init	24	static
stm32f0xx_can.c:311:6:CAN_FilterInit	16	static
stm32f0xx_can.c:402:6:CAN_StructInit	0	static
stm32f0xx_can.c:445:6:CAN_SlaveStartBank	16	static
stm32f0xx_can.c:470:6:CAN_DBGFreeze	16	static
stm32f0xx_can.c:499:6:CAN_TTComModeCmd	16	static
stm32f0xx_can.c:553:9:CAN_Transmit	32	static
stm32f0xx_can.c:625:9:CAN_TransmitStatus	16	static
stm32f0xx_can.c:679:6:CAN_CancelTransmit	16	static
stm32f0xx_can.c:726:6:CAN_Receive	24	static
stm32f0xx_can.c:775:6:CAN_FIFORelease	16	static
stm32f0xx_can.c:798:9:CAN_MessagePending	16	static
stm32f0xx_can.c:848:9:CAN_OperatingModeRequest	16	static
stm32f0xx_can.c:929:9:CAN_Sleep	8	static
stm32f0xx_can.c:954:9:CAN_WakeUp	8	static
stm32f0xx_can.c:1016:9:CAN_GetLastErrorCode	8	static
stm32f0xx_can.c:1041:9:CAN_GetReceiveErrorCounter	8	static
stm32f0xx_can.c:1061:9:CAN_GetLSBTransmitErrorCounter	8	static
stm32f0xx_can.c:1220:6:CAN_ITConfig	16	static
stm32f0xx_can.c:1260:12:CAN_GetFlagStatus	16	static
stm32f0xx_can.c:1360:6:CAN_ClearFlag	16	static
stm32f0xx_can.c:1420:10:CAN_GetITStatus	16	static
stm32f0xx_can.c:1524:6:CAN_ClearITPendingBit	16	static
