stm32f0xx_spi.c:169:6:SPI_I2S_DeInit	8	static
stm32f0xx_spi.c:198:6:SPI_StructInit	0	static
stm32f0xx_spi.c:230:6:SPI_Init	8	static
stm32f0xx_spi.c:301:6:I2S_StructInit	0	static
stm32f0xx_spi.c:337:6:I2S_Init	64	static
stm32f0xx_spi.c:441:6:SPI_Cmd	0	static
stm32f0xx_spi.c:474:6:SPI_TIModeCmd	0	static
stm32f0xx_spi.c:500:6:I2S_Cmd	0	static
stm32f0xx_spi.c:538:6:SPI_DataSizeConfig	0	static
stm32f0xx_spi.c:566:6:SPI_RxFIFOThresholdConfig	0	static
stm32f0xx_spi.c:589:6:SPI_BiDirectionalLineConfig	0	static
stm32f0xx_spi.c:618:6:SPI_NSSInternalSoftwareConfig	0	static
stm32f0xx_spi.c:646:6:SPI_SSOutputCmd	0	static
stm32f0xx_spi.c:676:6:SPI_NSSPulseModeCmd	0	static
stm32f0xx_spi.c:731:6:SPI_SendData8	0	static
stm32f0xx_spi.c:752:6:SPI_I2S_SendData16	0	static
stm32f0xx_spi.c:766:9:SPI_ReceiveData8	0	static
stm32f0xx_spi.c:783:10:SPI_I2S_ReceiveData16	0	static
stm32f0xx_spi.c:865:6:SPI_CRCLengthConfig	0	static
stm32f0xx_spi.c:888:6:SPI_CalculateCRC	0	static
stm32f0xx_spi.c:912:6:SPI_TransmitCRC	0	static
stm32f0xx_spi.c:931:10:SPI_GetCRC	0	static
stm32f0xx_spi.c:958:10:SPI_GetCRCPolynomial	0	static
stm32f0xx_spi.c:998:6:SPI_I2S_DMACmd	0	static
stm32f0xx_spi.c:1036:6:SPI_LastDMATransferCmd	0	static
stm32f0xx_spi.c:1143:6:SPI_I2S_ITConfig	0	static
stm32f0xx_spi.c:1180:10:SPI_GetTransmissionFIFOStatus	0	static
stm32f0xx_spi.c:1196:10:SPI_GetReceptionFIFOStatus	0	static
stm32f0xx_spi.c:1221:12:SPI_I2S_GetFlagStatus	0	static
stm32f0xx_spi.c:1258:6:SPI_I2S_ClearFlag	0	static
stm32f0xx_spi.c:1282:10:SPI_I2S_GetITStatus	12	static
